<!doctype html public "-//w3c//dtd html 4.0 transitional//en">
<html><head>
<title>Static Call Graph - [.\Objects\CW_BPYDKT_ES8H0183_V.axf]</title></head>
<body><HR>
<H1>Static Call Graph for image .\Objects\CW_BPYDKT_ES8H0183_V.axf</H1><HR>
<BR><P>#&#060CALLGRAPH&#062# ARM Linker, 5060960: Last Updated: Fri Dec 12 18:45:18 2025
<BR><P>
<H3>Maximum Stack Usage =        208 bytes + Unknown(Functions without stacksize, Cycles, Untraceable Function Pointers)</H3><H3>
Call chain for Maximum Stack Depth:</H3>
__rt_entry_main &rArr; main &rArr; Sys_Run_Event_Per1ms &rArr; Sys_Run_Event_Per10ms &rArr; Sys_Run_Func4_Per10ms &rArr; App_Function &rArr; App_Status_Init &rArr; Remember_ReadEEPara &rArr; Remember_WriteEEPara &rArr; Write_24C02 &rArr; IIC_TestAck &rArr; ConfigIO_Output &rArr; GPIO_Init &rArr; GPIO_SetFuncxRegFromPin &rArr; __ARM_common_switch8
<P>
<H3>
Functions with no stack information
</H3><UL>
 <LI><a href="#[42]">__user_initial_stackheap</a>
</UL>
</UL>
<P>
<H3>
Mutually Recursive functions
</H3> <LI><a href="#[20]">ADC_IRQHandler</a>&nbsp;&nbsp;&nbsp;&rArr;&nbsp;&nbsp;&nbsp;<a href="#[20]">ADC_IRQHandler</a><BR>
</UL>
<P>
<H3>
Function Pointers
</H3><UL>
 <LI><a href="#[20]">ADC_IRQHandler</a> from startup_es8h018x.o(.text) referenced from startup_es8h018x.o(RESET)
 <LI><a href="#[1b]">CCM_LVD_PLK_IRQHandler</a> from startup_es8h018x.o(.text) referenced from startup_es8h018x.o(RESET)
 <LI><a href="#[7]">HardFault_IRQHandler</a> from irqhandler.o(i.HardFault_IRQHandler) referenced from startup_es8h018x.o(RESET)
 <LI><a href="#[2a]">I2C0_IRQHandler</a> from startup_es8h018x.o(.text) referenced from startup_es8h018x.o(RESET)
 <LI><a href="#[19]">IWDT_IRQHandler</a> from startup_es8h018x.o(.text) referenced from startup_es8h018x.o(RESET)
 <LI><a href="#[1e]">KINT_IRQHandler</a> from startup_es8h018x.o(.text) referenced from startup_es8h018x.o(RESET)
 <LI><a href="#[6]">NMI_IRQHandler</a> from irqhandler.o(i.NMI_IRQHandler) referenced from startup_es8h018x.o(RESET)
 <LI><a href="#[b]">PINT0_IRQHandler</a> from startup_es8h018x.o(.text) referenced from startup_es8h018x.o(RESET)
 <LI><a href="#[1f]">PINT10_IRQHandler</a> from startup_es8h018x.o(.text) referenced from startup_es8h018x.o(RESET)
 <LI><a href="#[21]">PINT11_IRQHandler</a> from startup_es8h018x.o(.text) referenced from startup_es8h018x.o(RESET)
 <LI><a href="#[c]">PINT1_IRQHandler</a> from startup_es8h018x.o(.text) referenced from startup_es8h018x.o(RESET)
 <LI><a href="#[d]">PINT2_IRQHandler</a> from startup_es8h018x.o(.text) referenced from startup_es8h018x.o(RESET)
 <LI><a href="#[e]">PINT3_IRQHandler</a> from startup_es8h018x.o(.text) referenced from startup_es8h018x.o(RESET)
 <LI><a href="#[f]">PINT4_IRQHandler</a> from startup_es8h018x.o(.text) referenced from startup_es8h018x.o(RESET)
 <LI><a href="#[10]">PINT5_IRQHandler</a> from startup_es8h018x.o(.text) referenced from startup_es8h018x.o(RESET)
 <LI><a href="#[11]">PINT6_IRQHandler</a> from startup_es8h018x.o(.text) referenced from startup_es8h018x.o(RESET)
 <LI><a href="#[12]">PINT7_IRQHandler</a> from startup_es8h018x.o(.text) referenced from startup_es8h018x.o(RESET)
 <LI><a href="#[1c]">PINT8_IRQHandler</a> from startup_es8h018x.o(.text) referenced from startup_es8h018x.o(RESET)
 <LI><a href="#[1d]">PINT9_IRQHandler</a> from startup_es8h018x.o(.text) referenced from startup_es8h018x.o(RESET)
 <LI><a href="#[9]">PendSV_IRQHandler</a> from irqhandler.o(i.PendSV_IRQHandler) referenced from startup_es8h018x.o(RESET)
 <LI><a href="#[5]">Reset_IRQHandler</a> from startup_es8h018x.o(.text) referenced from startup_es8h018x.o(RESET)
 <LI><a href="#[29]">SPI0_IRQHandler</a> from startup_es8h018x.o(.text) referenced from startup_es8h018x.o(RESET)
 <LI><a href="#[8]">SVC_IRQHandler</a> from irqhandler.o(i.SVC_IRQHandler) referenced from startup_es8h018x.o(RESET)
 <LI><a href="#[a]">SysTick_IRQHandler</a> from irqhandler.o(i.SysTick_IRQHandler) referenced from startup_es8h018x.o(RESET)
 <LI><a href="#[2b]">SystemInit</a> from system_es8h018x.o(i.SystemInit) referenced from startup_es8h018x.o(.text)
 <LI><a href="#[13]">T16N0_IRQHandler</a> from irqhandler.o(i.T16N0_IRQHandler) referenced from startup_es8h018x.o(RESET)
 <LI><a href="#[14]">T16N1_IRQHandler</a> from startup_es8h018x.o(.text) referenced from startup_es8h018x.o(RESET)
 <LI><a href="#[15]">T16N2_IRQHandler</a> from startup_es8h018x.o(.text) referenced from startup_es8h018x.o(RESET)
 <LI><a href="#[16]">T16N3_IRQHandler</a> from startup_es8h018x.o(.text) referenced from startup_es8h018x.o(RESET)
 <LI><a href="#[18]">T16N4_IRQHandler</a> from startup_es8h018x.o(.text) referenced from startup_es8h018x.o(RESET)
 <LI><a href="#[22]">T16N5_IRQHandler</a> from startup_es8h018x.o(.text) referenced from startup_es8h018x.o(RESET)
 <LI><a href="#[17]">T32N0_IRQHandler</a> from startup_es8h018x.o(.text) referenced from startup_es8h018x.o(RESET)
 <LI><a href="#[23]">UART0_IRQHandler</a> from irqhandler.o(i.UART0_IRQHandler) referenced from startup_es8h018x.o(RESET)
 <LI><a href="#[24]">UART1_IRQHandler</a> from startup_es8h018x.o(.text) referenced from startup_es8h018x.o(RESET)
 <LI><a href="#[25]">UART2_IRQHandler</a> from irqhandler.o(i.UART2_IRQHandler) referenced from startup_es8h018x.o(RESET)
 <LI><a href="#[26]">UART3_IRQHandler</a> from startup_es8h018x.o(.text) referenced from startup_es8h018x.o(RESET)
 <LI><a href="#[27]">UART4_IRQHandler</a> from irqhandler.o(i.UART4_IRQHandler) referenced from startup_es8h018x.o(RESET)
 <LI><a href="#[28]">UART5_IRQHandler</a> from startup_es8h018x.o(.text) referenced from startup_es8h018x.o(RESET)
 <LI><a href="#[1a]">WWDT_IRQHandler</a> from startup_es8h018x.o(.text) referenced from startup_es8h018x.o(RESET)
 <LI><a href="#[2d]">__main</a> from __main.o(!!!main) referenced from startup_es8h018x.o(.text)
</UL>
<P>
<H3>
Global Symbols
</H3>
<P><STRONG><a name="[2d]"></a>__main</STRONG> (Thumb, 8 bytes, Stack size 0 bytes, __main.o(!!!main))
<BR><BR>[Calls]<UL><LI><a href="#[2f]">&gt;&gt;</a>&nbsp;&nbsp;&nbsp;__rt_entry
<LI><a href="#[2e]">&gt;&gt;</a>&nbsp;&nbsp;&nbsp;__scatterload
</UL>

<P><STRONG><a name="[2e]"></a>__scatterload</STRONG> (Thumb, 0 bytes, Stack size unknown bytes, __scatter.o(!!!scatter))
<BR><BR>[Called By]<UL><LI><a href="#[2d]">&gt;&gt;</a>&nbsp;&nbsp;&nbsp;__main
</UL>

<P><STRONG><a name="[30]"></a>__scatterload_rt2</STRONG> (Thumb, 52 bytes, Stack size unknown bytes, __scatter.o(!!!scatter), UNUSED)
<BR><BR>[Calls]<UL><LI><a href="#[2f]">&gt;&gt;</a>&nbsp;&nbsp;&nbsp;__rt_entry
</UL>

<P><STRONG><a name="[14f]"></a>__scatterload_rt2_thumb_only</STRONG> (Thumb, 0 bytes, Stack size unknown bytes, __scatter.o(!!!scatter), UNUSED)

<P><STRONG><a name="[150]"></a>__scatterload_null</STRONG> (Thumb, 0 bytes, Stack size unknown bytes, __scatter.o(!!!scatter), UNUSED)

<P><STRONG><a name="[31]"></a>__scatterload_copy</STRONG> (Thumb, 26 bytes, Stack size unknown bytes, __scatter_copy.o(!!handler_copy), UNUSED)
<BR><BR>[Calls]<UL><LI><a href="#[31]">&gt;&gt;</a>&nbsp;&nbsp;&nbsp;__scatterload_copy
</UL>
<BR>[Called By]<UL><LI><a href="#[31]">&gt;&gt;</a>&nbsp;&nbsp;&nbsp;__scatterload_copy
</UL>

<P><STRONG><a name="[151]"></a>__scatterload_zeroinit</STRONG> (Thumb, 28 bytes, Stack size unknown bytes, __scatter_zi.o(!!handler_zi), UNUSED)

<P><STRONG><a name="[35]"></a>__rt_lib_init</STRONG> (Thumb, 0 bytes, Stack size unknown bytes, libinit.o(.ARM.Collect$$libinit$$00000000))
<BR><BR>[Called By]<UL><LI><a href="#[34]">&gt;&gt;</a>&nbsp;&nbsp;&nbsp;__rt_entry_li
</UL>

<P><STRONG><a name="[152]"></a>__rt_lib_init_alloca_1</STRONG> (Thumb, 0 bytes, Stack size unknown bytes, libinit2.o(.ARM.Collect$$libinit$$0000002E))

<P><STRONG><a name="[153]"></a>__rt_lib_init_argv_1</STRONG> (Thumb, 0 bytes, Stack size unknown bytes, libinit2.o(.ARM.Collect$$libinit$$0000002C))

<P><STRONG><a name="[154]"></a>__rt_lib_init_atexit_1</STRONG> (Thumb, 0 bytes, Stack size unknown bytes, libinit2.o(.ARM.Collect$$libinit$$0000001B))

<P><STRONG><a name="[155]"></a>__rt_lib_init_clock_1</STRONG> (Thumb, 0 bytes, Stack size unknown bytes, libinit2.o(.ARM.Collect$$libinit$$00000021))

<P><STRONG><a name="[156]"></a>__rt_lib_init_cpp_1</STRONG> (Thumb, 0 bytes, Stack size unknown bytes, libinit2.o(.ARM.Collect$$libinit$$00000032))

<P><STRONG><a name="[157]"></a>__rt_lib_init_exceptions_1</STRONG> (Thumb, 0 bytes, Stack size unknown bytes, libinit2.o(.ARM.Collect$$libinit$$00000030))

<P><STRONG><a name="[158]"></a>__rt_lib_init_fp_1</STRONG> (Thumb, 0 bytes, Stack size unknown bytes, libinit2.o(.ARM.Collect$$libinit$$00000002))

<P><STRONG><a name="[159]"></a>__rt_lib_init_fp_trap_1</STRONG> (Thumb, 0 bytes, Stack size unknown bytes, libinit2.o(.ARM.Collect$$libinit$$0000001F))

<P><STRONG><a name="[15a]"></a>__rt_lib_init_getenv_1</STRONG> (Thumb, 0 bytes, Stack size unknown bytes, libinit2.o(.ARM.Collect$$libinit$$00000023))

<P><STRONG><a name="[15b]"></a>__rt_lib_init_heap_1</STRONG> (Thumb, 0 bytes, Stack size unknown bytes, libinit2.o(.ARM.Collect$$libinit$$0000000A))

<P><STRONG><a name="[15c]"></a>__rt_lib_init_lc_collate_1</STRONG> (Thumb, 0 bytes, Stack size unknown bytes, libinit2.o(.ARM.Collect$$libinit$$00000011))

<P><STRONG><a name="[15d]"></a>__rt_lib_init_lc_ctype_1</STRONG> (Thumb, 0 bytes, Stack size unknown bytes, libinit2.o(.ARM.Collect$$libinit$$00000013))

<P><STRONG><a name="[15e]"></a>__rt_lib_init_lc_monetary_1</STRONG> (Thumb, 0 bytes, Stack size unknown bytes, libinit2.o(.ARM.Collect$$libinit$$00000015))

<P><STRONG><a name="[15f]"></a>__rt_lib_init_lc_numeric_1</STRONG> (Thumb, 0 bytes, Stack size unknown bytes, libinit2.o(.ARM.Collect$$libinit$$00000017))

<P><STRONG><a name="[160]"></a>__rt_lib_init_lc_time_1</STRONG> (Thumb, 0 bytes, Stack size unknown bytes, libinit2.o(.ARM.Collect$$libinit$$00000019))

<P><STRONG><a name="[161]"></a>__rt_lib_init_preinit_1</STRONG> (Thumb, 0 bytes, Stack size unknown bytes, libinit2.o(.ARM.Collect$$libinit$$00000004))

<P><STRONG><a name="[162]"></a>__rt_lib_init_rand_1</STRONG> (Thumb, 0 bytes, Stack size unknown bytes, libinit2.o(.ARM.Collect$$libinit$$0000000E))

<P><STRONG><a name="[163]"></a>__rt_lib_init_return</STRONG> (Thumb, 0 bytes, Stack size unknown bytes, libinit2.o(.ARM.Collect$$libinit$$00000033))

<P><STRONG><a name="[164]"></a>__rt_lib_init_signal_1</STRONG> (Thumb, 0 bytes, Stack size unknown bytes, libinit2.o(.ARM.Collect$$libinit$$0000001D))

<P><STRONG><a name="[165]"></a>__rt_lib_init_stdio_1</STRONG> (Thumb, 0 bytes, Stack size unknown bytes, libinit2.o(.ARM.Collect$$libinit$$00000025))

<P><STRONG><a name="[166]"></a>__rt_lib_init_user_alloc_1</STRONG> (Thumb, 0 bytes, Stack size unknown bytes, libinit2.o(.ARM.Collect$$libinit$$0000000C))

<P><STRONG><a name="[3a]"></a>__rt_lib_shutdown</STRONG> (Thumb, 0 bytes, Stack size unknown bytes, libshutdown.o(.ARM.Collect$$libshutdown$$00000000))
<BR><BR>[Called By]<UL><LI><a href="#[39]">&gt;&gt;</a>&nbsp;&nbsp;&nbsp;__rt_exit_ls
</UL>

<P><STRONG><a name="[167]"></a>__rt_lib_shutdown_cpp_1</STRONG> (Thumb, 0 bytes, Stack size unknown bytes, libshutdown2.o(.ARM.Collect$$libshutdown$$00000004))

<P><STRONG><a name="[168]"></a>__rt_lib_shutdown_fini_1</STRONG> (Thumb, 0 bytes, Stack size unknown bytes, libshutdown2.o(.ARM.Collect$$libshutdown$$00000002))

<P><STRONG><a name="[169]"></a>__rt_lib_shutdown_fp_trap_1</STRONG> (Thumb, 0 bytes, Stack size unknown bytes, libshutdown2.o(.ARM.Collect$$libshutdown$$00000009))

<P><STRONG><a name="[16a]"></a>__rt_lib_shutdown_heap_1</STRONG> (Thumb, 0 bytes, Stack size unknown bytes, libshutdown2.o(.ARM.Collect$$libshutdown$$00000011))

<P><STRONG><a name="[16b]"></a>__rt_lib_shutdown_return</STRONG> (Thumb, 0 bytes, Stack size unknown bytes, libshutdown2.o(.ARM.Collect$$libshutdown$$00000012))

<P><STRONG><a name="[16c]"></a>__rt_lib_shutdown_signal_1</STRONG> (Thumb, 0 bytes, Stack size unknown bytes, libshutdown2.o(.ARM.Collect$$libshutdown$$0000000C))

<P><STRONG><a name="[16d]"></a>__rt_lib_shutdown_stdio_1</STRONG> (Thumb, 0 bytes, Stack size unknown bytes, libshutdown2.o(.ARM.Collect$$libshutdown$$00000006))

<P><STRONG><a name="[16e]"></a>__rt_lib_shutdown_user_alloc_1</STRONG> (Thumb, 0 bytes, Stack size unknown bytes, libshutdown2.o(.ARM.Collect$$libshutdown$$0000000E))

<P><STRONG><a name="[2f]"></a>__rt_entry</STRONG> (Thumb, 0 bytes, Stack size unknown bytes, __rtentry.o(.ARM.Collect$$rtentry$$00000000))
<BR><BR>[Called By]<UL><LI><a href="#[2d]">&gt;&gt;</a>&nbsp;&nbsp;&nbsp;__main
<LI><a href="#[30]">&gt;&gt;</a>&nbsp;&nbsp;&nbsp;__scatterload_rt2
</UL>

<P><STRONG><a name="[16f]"></a>__rt_entry_presh_1</STRONG> (Thumb, 0 bytes, Stack size unknown bytes, __rtentry2.o(.ARM.Collect$$rtentry$$00000002))

<P><STRONG><a name="[32]"></a>__rt_entry_sh</STRONG> (Thumb, 0 bytes, Stack size unknown bytes, __rtentry4.o(.ARM.Collect$$rtentry$$00000004))
<BR><BR>[Stack]<UL><LI>Max Depth = 8 + Unknown Stack Size
<LI>Call Chain = __rt_entry_sh &rArr; __user_setup_stackheap
</UL>
<BR>[Calls]<UL><LI><a href="#[33]">&gt;&gt;</a>&nbsp;&nbsp;&nbsp;__user_setup_stackheap
</UL>

<P><STRONG><a name="[34]"></a>__rt_entry_li</STRONG> (Thumb, 0 bytes, Stack size unknown bytes, __rtentry2.o(.ARM.Collect$$rtentry$$0000000A))
<BR><BR>[Calls]<UL><LI><a href="#[35]">&gt;&gt;</a>&nbsp;&nbsp;&nbsp;__rt_lib_init
</UL>

<P><STRONG><a name="[170]"></a>__rt_entry_postsh_1</STRONG> (Thumb, 0 bytes, Stack size unknown bytes, __rtentry2.o(.ARM.Collect$$rtentry$$00000009))

<P><STRONG><a name="[36]"></a>__rt_entry_main</STRONG> (Thumb, 0 bytes, Stack size unknown bytes, __rtentry2.o(.ARM.Collect$$rtentry$$0000000D))
<BR><BR>[Stack]<UL><LI>Max Depth = 208 + Unknown Stack Size
<LI>Call Chain = __rt_entry_main &rArr; main &rArr; Sys_Run_Event_Per1ms &rArr; Sys_Run_Event_Per10ms &rArr; Sys_Run_Func4_Per10ms &rArr; App_Function &rArr; App_Status_Init &rArr; Remember_ReadEEPara &rArr; Remember_WriteEEPara &rArr; Write_24C02 &rArr; IIC_TestAck &rArr; ConfigIO_Output &rArr; GPIO_Init &rArr; GPIO_SetFuncxRegFromPin &rArr; __ARM_common_switch8
</UL>
<BR>[Calls]<UL><LI><a href="#[37]">&gt;&gt;</a>&nbsp;&nbsp;&nbsp;main
<LI><a href="#[38]">&gt;&gt;</a>&nbsp;&nbsp;&nbsp;exit
</UL>

<P><STRONG><a name="[171]"></a>__rt_entry_postli_1</STRONG> (Thumb, 0 bytes, Stack size unknown bytes, __rtentry2.o(.ARM.Collect$$rtentry$$0000000C))

<P><STRONG><a name="[44]"></a>__rt_exit</STRONG> (Thumb, 0 bytes, Stack size unknown bytes, rtexit.o(.ARM.Collect$$rtexit$$00000000))
<BR><BR>[Called By]<UL><LI><a href="#[38]">&gt;&gt;</a>&nbsp;&nbsp;&nbsp;exit
</UL>

<P><STRONG><a name="[39]"></a>__rt_exit_ls</STRONG> (Thumb, 0 bytes, Stack size unknown bytes, rtexit2.o(.ARM.Collect$$rtexit$$00000003))
<BR><BR>[Calls]<UL><LI><a href="#[3a]">&gt;&gt;</a>&nbsp;&nbsp;&nbsp;__rt_lib_shutdown
</UL>

<P><STRONG><a name="[172]"></a>__rt_exit_prels_1</STRONG> (Thumb, 0 bytes, Stack size unknown bytes, rtexit2.o(.ARM.Collect$$rtexit$$00000002))

<P><STRONG><a name="[3b]"></a>__rt_exit_exit</STRONG> (Thumb, 0 bytes, Stack size unknown bytes, rtexit2.o(.ARM.Collect$$rtexit$$00000004))
<BR><BR>[Calls]<UL><LI><a href="#[3c]">&gt;&gt;</a>&nbsp;&nbsp;&nbsp;_sys_exit
</UL>

<P><STRONG><a name="[48]"></a>__aeabi_memcpy4</STRONG> (Thumb, 56 bytes, Stack size 0 bytes, rt_memcpy.o(.emb_text))
<BR><BR>[Called By]<UL><LI><a href="#[47]">&gt;&gt;</a>&nbsp;&nbsp;&nbsp;App_ADCLookupTemperatureTable
</UL>

<P><STRONG><a name="[173]"></a>__aeabi_memcpy8</STRONG> (Thumb, 0 bytes, Stack size 0 bytes, rt_memcpy.o(.emb_text), UNUSED)

<P><STRONG><a name="[5]"></a>Reset_IRQHandler</STRONG> (Thumb, 8 bytes, Stack size 0 bytes, startup_es8h018x.o(.text))
<BR>[Address Reference Count : 1]<UL><LI> startup_es8h018x.o(RESET)
</UL>
<P><STRONG><a name="[20]"></a>ADC_IRQHandler</STRONG> (Thumb, 0 bytes, Stack size 0 bytes, startup_es8h018x.o(.text))
<BR><BR>[Calls]<UL><LI><a href="#[20]">&gt;&gt;</a>&nbsp;&nbsp;&nbsp;ADC_IRQHandler
</UL>
<BR>[Called By]<UL><LI><a href="#[20]">&gt;&gt;</a>&nbsp;&nbsp;&nbsp;ADC_IRQHandler
</UL>
<BR>[Address Reference Count : 1]<UL><LI> startup_es8h018x.o(RESET)
</UL>
<P><STRONG><a name="[1b]"></a>CCM_LVD_PLK_IRQHandler</STRONG> (Thumb, 0 bytes, Stack size 0 bytes, startup_es8h018x.o(.text))
<BR>[Address Reference Count : 1]<UL><LI> startup_es8h018x.o(RESET)
</UL>
<P><STRONG><a name="[2a]"></a>I2C0_IRQHandler</STRONG> (Thumb, 0 bytes, Stack size 0 bytes, startup_es8h018x.o(.text))
<BR>[Address Reference Count : 1]<UL><LI> startup_es8h018x.o(RESET)
</UL>
<P><STRONG><a name="[19]"></a>IWDT_IRQHandler</STRONG> (Thumb, 0 bytes, Stack size 0 bytes, startup_es8h018x.o(.text))
<BR>[Address Reference Count : 1]<UL><LI> startup_es8h018x.o(RESET)
</UL>
<P><STRONG><a name="[1e]"></a>KINT_IRQHandler</STRONG> (Thumb, 0 bytes, Stack size 0 bytes, startup_es8h018x.o(.text))
<BR>[Address Reference Count : 1]<UL><LI> startup_es8h018x.o(RESET)
</UL>
<P><STRONG><a name="[b]"></a>PINT0_IRQHandler</STRONG> (Thumb, 0 bytes, Stack size 0 bytes, startup_es8h018x.o(.text))
<BR>[Address Reference Count : 1]<UL><LI> startup_es8h018x.o(RESET)
</UL>
<P><STRONG><a name="[1f]"></a>PINT10_IRQHandler</STRONG> (Thumb, 0 bytes, Stack size 0 bytes, startup_es8h018x.o(.text))
<BR>[Address Reference Count : 1]<UL><LI> startup_es8h018x.o(RESET)
</UL>
<P><STRONG><a name="[21]"></a>PINT11_IRQHandler</STRONG> (Thumb, 0 bytes, Stack size 0 bytes, startup_es8h018x.o(.text))
<BR>[Address Reference Count : 1]<UL><LI> startup_es8h018x.o(RESET)
</UL>
<P><STRONG><a name="[c]"></a>PINT1_IRQHandler</STRONG> (Thumb, 0 bytes, Stack size 0 bytes, startup_es8h018x.o(.text))
<BR>[Address Reference Count : 1]<UL><LI> startup_es8h018x.o(RESET)
</UL>
<P><STRONG><a name="[d]"></a>PINT2_IRQHandler</STRONG> (Thumb, 0 bytes, Stack size 0 bytes, startup_es8h018x.o(.text))
<BR>[Address Reference Count : 1]<UL><LI> startup_es8h018x.o(RESET)
</UL>
<P><STRONG><a name="[e]"></a>PINT3_IRQHandler</STRONG> (Thumb, 0 bytes, Stack size 0 bytes, startup_es8h018x.o(.text))
<BR>[Address Reference Count : 1]<UL><LI> startup_es8h018x.o(RESET)
</UL>
<P><STRONG><a name="[f]"></a>PINT4_IRQHandler</STRONG> (Thumb, 0 bytes, Stack size 0 bytes, startup_es8h018x.o(.text))
<BR>[Address Reference Count : 1]<UL><LI> startup_es8h018x.o(RESET)
</UL>
<P><STRONG><a name="[10]"></a>PINT5_IRQHandler</STRONG> (Thumb, 0 bytes, Stack size 0 bytes, startup_es8h018x.o(.text))
<BR>[Address Reference Count : 1]<UL><LI> startup_es8h018x.o(RESET)
</UL>
<P><STRONG><a name="[11]"></a>PINT6_IRQHandler</STRONG> (Thumb, 0 bytes, Stack size 0 bytes, startup_es8h018x.o(.text))
<BR>[Address Reference Count : 1]<UL><LI> startup_es8h018x.o(RESET)
</UL>
<P><STRONG><a name="[12]"></a>PINT7_IRQHandler</STRONG> (Thumb, 0 bytes, Stack size 0 bytes, startup_es8h018x.o(.text))
<BR>[Address Reference Count : 1]<UL><LI> startup_es8h018x.o(RESET)
</UL>
<P><STRONG><a name="[1c]"></a>PINT8_IRQHandler</STRONG> (Thumb, 0 bytes, Stack size 0 bytes, startup_es8h018x.o(.text))
<BR>[Address Reference Count : 1]<UL><LI> startup_es8h018x.o(RESET)
</UL>
<P><STRONG><a name="[1d]"></a>PINT9_IRQHandler</STRONG> (Thumb, 0 bytes, Stack size 0 bytes, startup_es8h018x.o(.text))
<BR>[Address Reference Count : 1]<UL><LI> startup_es8h018x.o(RESET)
</UL>
<P><STRONG><a name="[29]"></a>SPI0_IRQHandler</STRONG> (Thumb, 0 bytes, Stack size 0 bytes, startup_es8h018x.o(.text))
<BR>[Address Reference Count : 1]<UL><LI> startup_es8h018x.o(RESET)
</UL>
<P><STRONG><a name="[14]"></a>T16N1_IRQHandler</STRONG> (Thumb, 0 bytes, Stack size 0 bytes, startup_es8h018x.o(.text))
<BR>[Address Reference Count : 1]<UL><LI> startup_es8h018x.o(RESET)
</UL>
<P><STRONG><a name="[15]"></a>T16N2_IRQHandler</STRONG> (Thumb, 0 bytes, Stack size 0 bytes, startup_es8h018x.o(.text))
<BR>[Address Reference Count : 1]<UL><LI> startup_es8h018x.o(RESET)
</UL>
<P><STRONG><a name="[16]"></a>T16N3_IRQHandler</STRONG> (Thumb, 0 bytes, Stack size 0 bytes, startup_es8h018x.o(.text))
<BR>[Address Reference Count : 1]<UL><LI> startup_es8h018x.o(RESET)
</UL>
<P><STRONG><a name="[18]"></a>T16N4_IRQHandler</STRONG> (Thumb, 0 bytes, Stack size 0 bytes, startup_es8h018x.o(.text))
<BR>[Address Reference Count : 1]<UL><LI> startup_es8h018x.o(RESET)
</UL>
<P><STRONG><a name="[22]"></a>T16N5_IRQHandler</STRONG> (Thumb, 0 bytes, Stack size 0 bytes, startup_es8h018x.o(.text))
<BR>[Address Reference Count : 1]<UL><LI> startup_es8h018x.o(RESET)
</UL>
<P><STRONG><a name="[17]"></a>T32N0_IRQHandler</STRONG> (Thumb, 0 bytes, Stack size 0 bytes, startup_es8h018x.o(.text))
<BR>[Address Reference Count : 1]<UL><LI> startup_es8h018x.o(RESET)
</UL>
<P><STRONG><a name="[24]"></a>UART1_IRQHandler</STRONG> (Thumb, 0 bytes, Stack size 0 bytes, startup_es8h018x.o(.text))
<BR>[Address Reference Count : 1]<UL><LI> startup_es8h018x.o(RESET)
</UL>
<P><STRONG><a name="[26]"></a>UART3_IRQHandler</STRONG> (Thumb, 0 bytes, Stack size 0 bytes, startup_es8h018x.o(.text))
<BR>[Address Reference Count : 1]<UL><LI> startup_es8h018x.o(RESET)
</UL>
<P><STRONG><a name="[28]"></a>UART5_IRQHandler</STRONG> (Thumb, 0 bytes, Stack size 0 bytes, startup_es8h018x.o(.text))
<BR>[Address Reference Count : 1]<UL><LI> startup_es8h018x.o(RESET)
</UL>
<P><STRONG><a name="[1a]"></a>WWDT_IRQHandler</STRONG> (Thumb, 0 bytes, Stack size 0 bytes, startup_es8h018x.o(.text))
<BR>[Address Reference Count : 1]<UL><LI> startup_es8h018x.o(RESET)
</UL>
<P><STRONG><a name="[42]"></a>__user_initial_stackheap</STRONG> (Thumb, 0 bytes, Stack size unknown bytes, startup_es8h018x.o(.text))
<BR><BR>[Called By]<UL><LI><a href="#[33]">&gt;&gt;</a>&nbsp;&nbsp;&nbsp;__user_setup_stackheap
</UL>

<P><STRONG><a name="[3e]"></a>_memset_w</STRONG> (Thumb, 26 bytes, Stack size 0 bytes, rt_memclr.o(.text), UNUSED)
<BR><BR>[Called By]<UL><LI><a href="#[40]">&gt;&gt;</a>&nbsp;&nbsp;&nbsp;__rt_memclr_w
<LI><a href="#[3d]">&gt;&gt;</a>&nbsp;&nbsp;&nbsp;_memset
</UL>

<P><STRONG><a name="[3d]"></a>_memset</STRONG> (Thumb, 30 bytes, Stack size 0 bytes, rt_memclr.o(.text), UNUSED)
<BR><BR>[Calls]<UL><LI><a href="#[3e]">&gt;&gt;</a>&nbsp;&nbsp;&nbsp;_memset_w
</UL>
<BR>[Called By]<UL><LI><a href="#[3f]">&gt;&gt;</a>&nbsp;&nbsp;&nbsp;__aeabi_memclr
</UL>

<P><STRONG><a name="[3f]"></a>__aeabi_memclr</STRONG> (Thumb, 4 bytes, Stack size 0 bytes, rt_memclr.o(.text), UNUSED)
<BR><BR>[Calls]<UL><LI><a href="#[3d]">&gt;&gt;</a>&nbsp;&nbsp;&nbsp;_memset
</UL>

<P><STRONG><a name="[174]"></a>__rt_memclr</STRONG> (Thumb, 0 bytes, Stack size 0 bytes, rt_memclr.o(.text), UNUSED)

<P><STRONG><a name="[a1]"></a>__aeabi_memclr4</STRONG> (Thumb, 0 bytes, Stack size 0 bytes, rt_memclr.o(.text))
<BR><BR>[Called By]<UL><LI><a href="#[78]">&gt;&gt;</a>&nbsp;&nbsp;&nbsp;Defrost_Init
</UL>

<P><STRONG><a name="[175]"></a>__aeabi_memclr8</STRONG> (Thumb, 0 bytes, Stack size 0 bytes, rt_memclr.o(.text), UNUSED)

<P><STRONG><a name="[40]"></a>__rt_memclr_w</STRONG> (Thumb, 4 bytes, Stack size 0 bytes, rt_memclr.o(.text), UNUSED)
<BR><BR>[Calls]<UL><LI><a href="#[3e]">&gt;&gt;</a>&nbsp;&nbsp;&nbsp;_memset_w
</UL>

<P><STRONG><a name="[176]"></a>__aeabi_uidiv</STRONG> (Thumb, 0 bytes, Stack size 0 bytes, aeabi_sdiv.o(.text), UNUSED)

<P><STRONG><a name="[46]"></a>__aeabi_uidivmod</STRONG> (Thumb, 20 bytes, Stack size 0 bytes, aeabi_sdiv.o(.text))
<BR><BR>[Called By]<UL><LI><a href="#[141]">&gt;&gt;</a>&nbsp;&nbsp;&nbsp;UART_Init
<LI><a href="#[45]">&gt;&gt;</a>&nbsp;&nbsp;&nbsp;App_ADCGetTemperature
<LI><a href="#[82]">&gt;&gt;</a>&nbsp;&nbsp;&nbsp;App_TCLModule_Slave_Info
<LI><a href="#[105]">&gt;&gt;</a>&nbsp;&nbsp;&nbsp;SysTickInit
<LI><a href="#[88]">&gt;&gt;</a>&nbsp;&nbsp;&nbsp;BaseRunTx_Byte13_InDoorFanSpeedDiv10
<LI><a href="#[4b]">&gt;&gt;</a>&nbsp;&nbsp;&nbsp;App_Comp_T1TSDelta
<LI><a href="#[b2]">&gt;&gt;</a>&nbsp;&nbsp;&nbsp;DisplayBoard_Byte8_Update
<LI><a href="#[c3]">&gt;&gt;</a>&nbsp;&nbsp;&nbsp;DisplayBoard_Byte25_Update
<LI><a href="#[c2]">&gt;&gt;</a>&nbsp;&nbsp;&nbsp;DisplayBoard_Byte24_Update
<LI><a href="#[bf]">&gt;&gt;</a>&nbsp;&nbsp;&nbsp;DisplayBoard_Byte21_Update
<LI><a href="#[be]">&gt;&gt;</a>&nbsp;&nbsp;&nbsp;DisplayBoard_Byte20_Update
</UL>

<P><STRONG><a name="[177]"></a>__aeabi_idiv</STRONG> (Thumb, 0 bytes, Stack size 8 bytes, aeabi_sdiv.o(.text), UNUSED)

<P><STRONG><a name="[84]"></a>__aeabi_idivmod</STRONG> (Thumb, 326 bytes, Stack size 8 bytes, aeabi_sdiv.o(.text))
<BR><BR>[Stack]<UL><LI>Max Depth = 8<LI>Call Chain = __aeabi_idivmod
</UL>
<BR>[Called By]<UL><LI><a href="#[82]">&gt;&gt;</a>&nbsp;&nbsp;&nbsp;App_TCLModule_Slave_Info
<LI><a href="#[8c]">&gt;&gt;</a>&nbsp;&nbsp;&nbsp;BaseRunTx_Byte9_InDoorTemp
<LI><a href="#[8b]">&gt;&gt;</a>&nbsp;&nbsp;&nbsp;BaseRunTx_Byte7_OutDoorTargetFreqDotMul60
<LI><a href="#[8a]">&gt;&gt;</a>&nbsp;&nbsp;&nbsp;BaseRunTx_Byte15_TempCoil2
<LI><a href="#[89]">&gt;&gt;</a>&nbsp;&nbsp;&nbsp;BaseRunTx_Byte14_TempCoil1
<LI><a href="#[13d]">&gt;&gt;</a>&nbsp;&nbsp;&nbsp;TempValueRounding
</UL>

<P><STRONG><a name="[178]"></a>__use_two_region_memory</STRONG> (Thumb, 2 bytes, Stack size 0 bytes, heapauxi.o(.text), UNUSED)

<P><STRONG><a name="[179]"></a>__rt_heap_escrow$2region</STRONG> (Thumb, 2 bytes, Stack size 0 bytes, heapauxi.o(.text), UNUSED)

<P><STRONG><a name="[17a]"></a>__rt_heap_expand$2region</STRONG> (Thumb, 2 bytes, Stack size 0 bytes, heapauxi.o(.text), UNUSED)

<P><STRONG><a name="[33]"></a>__user_setup_stackheap</STRONG> (Thumb, 62 bytes, Stack size 8 bytes, sys_stackheap_outer.o(.text))
<BR><BR>[Stack]<UL><LI>Max Depth = 8 + Unknown Stack Size
<LI>Call Chain = __user_setup_stackheap
</UL>
<BR>[Calls]<UL><LI><a href="#[42]">&gt;&gt;</a>&nbsp;&nbsp;&nbsp;__user_initial_stackheap
<LI><a href="#[41]">&gt;&gt;</a>&nbsp;&nbsp;&nbsp;__user_perproc_libspace
</UL>
<BR>[Called By]<UL><LI><a href="#[32]">&gt;&gt;</a>&nbsp;&nbsp;&nbsp;__rt_entry_sh
</UL>

<P><STRONG><a name="[38]"></a>exit</STRONG> (Thumb, 16 bytes, Stack size 8 bytes, exit.o(.text))
<BR><BR>[Stack]<UL><LI>Max Depth = 8 + Unknown Stack Size
<LI>Call Chain = exit
</UL>
<BR>[Calls]<UL><LI><a href="#[44]">&gt;&gt;</a>&nbsp;&nbsp;&nbsp;__rt_exit
<LI><a href="#[43]">&gt;&gt;</a>&nbsp;&nbsp;&nbsp;_call_atexit_fns (Weak Reference)
</UL>
<BR>[Called By]<UL><LI><a href="#[36]">&gt;&gt;</a>&nbsp;&nbsp;&nbsp;__rt_entry_main
</UL>

<P><STRONG><a name="[17b]"></a>__user_libspace</STRONG> (Thumb, 8 bytes, Stack size 0 bytes, libspace.o(.text), UNUSED)

<P><STRONG><a name="[41]"></a>__user_perproc_libspace</STRONG> (Thumb, 0 bytes, Stack size 0 bytes, libspace.o(.text))
<BR><BR>[Called By]<UL><LI><a href="#[33]">&gt;&gt;</a>&nbsp;&nbsp;&nbsp;__user_setup_stackheap
</UL>

<P><STRONG><a name="[17c]"></a>__user_perthread_libspace</STRONG> (Thumb, 0 bytes, Stack size 0 bytes, libspace.o(.text), UNUSED)

<P><STRONG><a name="[3c]"></a>_sys_exit</STRONG> (Thumb, 8 bytes, Stack size 0 bytes, sys_exit.o(.text))
<BR><BR>[Called By]<UL><LI><a href="#[3b]">&gt;&gt;</a>&nbsp;&nbsp;&nbsp;__rt_exit_exit
</UL>

<P><STRONG><a name="[17d]"></a>__I$use$semihosting</STRONG> (Thumb, 0 bytes, Stack size 0 bytes, use_no_semi.o(.text), UNUSED)

<P><STRONG><a name="[17e]"></a>__use_no_semihosting_swi</STRONG> (Thumb, 2 bytes, Stack size 0 bytes, use_no_semi.o(.text), UNUSED)

<P><STRONG><a name="[17f]"></a>__semihosting_library_function</STRONG> (Thumb, 0 bytes, Stack size unknown bytes, indicate_semi.o(.text), UNUSED)

<P><STRONG><a name="[109]"></a>ADC_ClearIFStatus</STRONG> (Thumb, 10 bytes, Stack size 0 bytes, lib_adc.o(i.ADC_ClearIFStatus))
<BR><BR>[Called By]<UL><LI><a href="#[107]">&gt;&gt;</a>&nbsp;&nbsp;&nbsp;Log_Ad
</UL>

<P><STRONG><a name="[108]"></a>ADC_GetConvStatus</STRONG> (Thumb, 22 bytes, Stack size 0 bytes, lib_adc.o(i.ADC_GetConvStatus))
<BR><BR>[Called By]<UL><LI><a href="#[107]">&gt;&gt;</a>&nbsp;&nbsp;&nbsp;Log_Ad
</UL>

<P><STRONG><a name="[10a]"></a>ADC_GetConvValue</STRONG> (Thumb, 92 bytes, Stack size 0 bytes, lib_adc.o(i.ADC_GetConvValue))
<BR><BR>[Called By]<UL><LI><a href="#[107]">&gt;&gt;</a>&nbsp;&nbsp;&nbsp;Log_Ad
</UL>

<P><STRONG><a name="[10e]"></a>ADC_Init</STRONG> (Thumb, 246 bytes, Stack size 0 bytes, lib_adc.o(i.ADC_Init))
<BR><BR>[Called By]<UL><LI><a href="#[fa]">&gt;&gt;</a>&nbsp;&nbsp;&nbsp;Module_Init_Ad
</UL>

<P><STRONG><a name="[45]"></a>App_ADCGetTemperature</STRONG> (Thumb, 228 bytes, Stack size 40 bytes, ad_app.o(i.App_ADCGetTemperature))
<BR><BR>[Stack]<UL><LI>Max Depth = 40<LI>Call Chain = App_ADCGetTemperature
</UL>
<BR>[Calls]<UL><LI><a href="#[46]">&gt;&gt;</a>&nbsp;&nbsp;&nbsp;__aeabi_uidivmod
</UL>
<BR>[Called By]<UL><LI><a href="#[47]">&gt;&gt;</a>&nbsp;&nbsp;&nbsp;App_ADCLookupTemperatureTable
</UL>

<P><STRONG><a name="[47]"></a>App_ADCLookupTemperatureTable</STRONG> (Thumb, 154 bytes, Stack size 16 bytes, ad_app.o(i.App_ADCLookupTemperatureTable))
<BR><BR>[Stack]<UL><LI>Max Depth = 56<LI>Call Chain = App_ADCLookupTemperatureTable &rArr; App_ADCGetTemperature
</UL>
<BR>[Calls]<UL><LI><a href="#[49]">&gt;&gt;</a>&nbsp;&nbsp;&nbsp;App_AdValueDiffer_Check
<LI><a href="#[45]">&gt;&gt;</a>&nbsp;&nbsp;&nbsp;App_ADCGetTemperature
<LI><a href="#[48]">&gt;&gt;</a>&nbsp;&nbsp;&nbsp;__aeabi_memcpy4
</UL>
<BR>[Called By]<UL><LI><a href="#[71]">&gt;&gt;</a>&nbsp;&nbsp;&nbsp;App_LookUpTemperature
</UL>

<P><STRONG><a name="[49]"></a>App_AdValueDiffer_Check</STRONG> (Thumb, 64 bytes, Stack size 0 bytes, ad_app.o(i.App_AdValueDiffer_Check))
<BR><BR>[Called By]<UL><LI><a href="#[47]">&gt;&gt;</a>&nbsp;&nbsp;&nbsp;App_ADCLookupTemperatureTable
</UL>

<P><STRONG><a name="[53]"></a>App_Comp_AntiDew</STRONG> (Thumb, 30 bytes, Stack size 0 bytes, comp.o(i.App_Comp_AntiDew))
<BR><BR>[Called By]<UL><LI><a href="#[4a]">&gt;&gt;</a>&nbsp;&nbsp;&nbsp;App_Comp_ProCon
</UL>

<P><STRONG><a name="[54]"></a>App_Comp_ForceFun</STRONG> (Thumb, 64 bytes, Stack size 0 bytes, comp.o(i.App_Comp_ForceFun))
<BR><BR>[Called By]<UL><LI><a href="#[4a]">&gt;&gt;</a>&nbsp;&nbsp;&nbsp;App_Comp_ProCon
</UL>

<P><STRONG><a name="[4c]"></a>App_Comp_InDoorFan</STRONG> (Thumb, 256 bytes, Stack size 0 bytes, comp.o(i.App_Comp_InDoorFan))
<BR><BR>[Called By]<UL><LI><a href="#[4a]">&gt;&gt;</a>&nbsp;&nbsp;&nbsp;App_Comp_ProCon
</UL>

<P><STRONG><a name="[51]"></a>App_Comp_PerTest</STRONG> (Thumb, 230 bytes, Stack size 0 bytes, comp.o(i.App_Comp_PerTest))
<BR><BR>[Called By]<UL><LI><a href="#[4a]">&gt;&gt;</a>&nbsp;&nbsp;&nbsp;App_Comp_ProCon
</UL>

<P><STRONG><a name="[4a]"></a>App_Comp_ProCon</STRONG> (Thumb, 926 bytes, Stack size 8 bytes, comp.o(i.App_Comp_ProCon))
<BR><BR>[Stack]<UL><LI>Max Depth = 16<LI>Call Chain = App_Comp_ProCon &rArr; App_Comp_T1TSDelta
</UL>
<BR>[Calls]<UL><LI><a href="#[52]">&gt;&gt;</a>&nbsp;&nbsp;&nbsp;App_Comp_WatFull
<LI><a href="#[4d]">&gt;&gt;</a>&nbsp;&nbsp;&nbsp;App_Comp_T4
<LI><a href="#[4e]">&gt;&gt;</a>&nbsp;&nbsp;&nbsp;App_Comp_T2Heat
<LI><a href="#[4b]">&gt;&gt;</a>&nbsp;&nbsp;&nbsp;App_Comp_T1TSDelta
<LI><a href="#[4f]">&gt;&gt;</a>&nbsp;&nbsp;&nbsp;App_Comp_Sleep
<LI><a href="#[50]">&gt;&gt;</a>&nbsp;&nbsp;&nbsp;App_Comp_Silence
<LI><a href="#[51]">&gt;&gt;</a>&nbsp;&nbsp;&nbsp;App_Comp_PerTest
<LI><a href="#[4c]">&gt;&gt;</a>&nbsp;&nbsp;&nbsp;App_Comp_InDoorFan
<LI><a href="#[54]">&gt;&gt;</a>&nbsp;&nbsp;&nbsp;App_Comp_ForceFun
<LI><a href="#[53]">&gt;&gt;</a>&nbsp;&nbsp;&nbsp;App_Comp_AntiDew
</UL>
<BR>[Called By]<UL><LI><a href="#[d6]">&gt;&gt;</a>&nbsp;&nbsp;&nbsp;Drv_Comp
</UL>

<P><STRONG><a name="[55]"></a>App_Comp_RunHzInitIndex</STRONG> (Thumb, 536 bytes, Stack size 8 bytes, comp.o(i.App_Comp_RunHzInitIndex))
<BR><BR>[Stack]<UL><LI>Max Depth = 8<LI>Call Chain = App_Comp_RunHzInitIndex
</UL>
<BR>[Calls]<UL><LI><a href="#[56]">&gt;&gt;</a>&nbsp;&nbsp;&nbsp;TempValueMul10
</UL>
<BR>[Called By]<UL><LI><a href="#[cb]">&gt;&gt;</a>&nbsp;&nbsp;&nbsp;TempT1TSDeltaZone
<LI><a href="#[dd]">&gt;&gt;</a>&nbsp;&nbsp;&nbsp;Log_Comp
</UL>

<P><STRONG><a name="[50]"></a>App_Comp_Silence</STRONG> (Thumb, 86 bytes, Stack size 0 bytes, comp.o(i.App_Comp_Silence))
<BR><BR>[Called By]<UL><LI><a href="#[4a]">&gt;&gt;</a>&nbsp;&nbsp;&nbsp;App_Comp_ProCon
</UL>

<P><STRONG><a name="[4f]"></a>App_Comp_Sleep</STRONG> (Thumb, 88 bytes, Stack size 0 bytes, comp.o(i.App_Comp_Sleep))
<BR><BR>[Called By]<UL><LI><a href="#[4a]">&gt;&gt;</a>&nbsp;&nbsp;&nbsp;App_Comp_ProCon
</UL>

<P><STRONG><a name="[4b]"></a>App_Comp_T1TSDelta</STRONG> (Thumb, 1076 bytes, Stack size 8 bytes, comp.o(i.App_Comp_T1TSDelta))
<BR><BR>[Stack]<UL><LI>Max Depth = 8<LI>Call Chain = App_Comp_T1TSDelta
</UL>
<BR>[Calls]<UL><LI><a href="#[56]">&gt;&gt;</a>&nbsp;&nbsp;&nbsp;TempValueMul10
<LI><a href="#[46]">&gt;&gt;</a>&nbsp;&nbsp;&nbsp;__aeabi_uidivmod
</UL>
<BR>[Called By]<UL><LI><a href="#[4a]">&gt;&gt;</a>&nbsp;&nbsp;&nbsp;App_Comp_ProCon
</UL>

<P><STRONG><a name="[4e]"></a>App_Comp_T2Heat</STRONG> (Thumb, 326 bytes, Stack size 0 bytes, comp.o(i.App_Comp_T2Heat))
<BR><BR>[Called By]<UL><LI><a href="#[4a]">&gt;&gt;</a>&nbsp;&nbsp;&nbsp;App_Comp_ProCon
</UL>

<P><STRONG><a name="[4d]"></a>App_Comp_T4</STRONG> (Thumb, 1170 bytes, Stack size 4 bytes, comp.o(i.App_Comp_T4))
<BR><BR>[Stack]<UL><LI>Max Depth = 4<LI>Call Chain = App_Comp_T4
</UL>
<BR>[Called By]<UL><LI><a href="#[4a]">&gt;&gt;</a>&nbsp;&nbsp;&nbsp;App_Comp_ProCon
</UL>

<P><STRONG><a name="[d7]"></a>App_Comp_T4_OffJudge</STRONG> (Thumb, 536 bytes, Stack size 0 bytes, comp.o(i.App_Comp_T4_OffJudge))
<BR><BR>[Called By]<UL><LI><a href="#[d6]">&gt;&gt;</a>&nbsp;&nbsp;&nbsp;Drv_Comp
</UL>

<P><STRONG><a name="[52]"></a>App_Comp_WatFull</STRONG> (Thumb, 54 bytes, Stack size 0 bytes, comp.o(i.App_Comp_WatFull))
<BR><BR>[Called By]<UL><LI><a href="#[4a]">&gt;&gt;</a>&nbsp;&nbsp;&nbsp;App_Comp_ProCon
</UL>

<P><STRONG><a name="[57]"></a>App_Event_100ms</STRONG> (Thumb, 1248 bytes, Stack size 8 bytes, function.o(i.App_Event_100ms))
<BR><BR>[Stack]<UL><LI>Max Depth = 24<LI>Call Chain = App_Event_100ms &rArr; Timer_Run &rArr; DisplayBoardTurnOn
</UL>
<BR>[Calls]<UL><LI><a href="#[58]">&gt;&gt;</a>&nbsp;&nbsp;&nbsp;Timer_Run
<LI><a href="#[59]">&gt;&gt;</a>&nbsp;&nbsp;&nbsp;TimerUVC_Run
</UL>
<BR>[Called By]<UL><LI><a href="#[13]">&gt;&gt;</a>&nbsp;&nbsp;&nbsp;T16N0_IRQHandler
</UL>

<P><STRONG><a name="[136]"></a>App_Event_10ms</STRONG> (Thumb, 2 bytes, Stack size 0 bytes, function.o(i.App_Event_10ms))
<BR><BR>[Called By]<UL><LI><a href="#[13]">&gt;&gt;</a>&nbsp;&nbsp;&nbsp;T16N0_IRQHandler
</UL>

<P><STRONG><a name="[5a]"></a>App_Fan_InDoor</STRONG> (Thumb, 1612 bytes, Stack size 8 bytes, fan.o(i.App_Fan_InDoor))
<BR><BR>[Stack]<UL><LI>Max Depth = 16<LI>Call Chain = App_Fan_InDoor &rArr; __ARM_common_switch8
</UL>
<BR>[Calls]<UL><LI><a href="#[5b]">&gt;&gt;</a>&nbsp;&nbsp;&nbsp;__ARM_common_switch8
<LI><a href="#[56]">&gt;&gt;</a>&nbsp;&nbsp;&nbsp;TempValueMul10
</UL>
<BR>[Called By]<UL><LI><a href="#[6d]">&gt;&gt;</a>&nbsp;&nbsp;&nbsp;Func_Fan
</UL>

<P><STRONG><a name="[d1]"></a>App_Fan_OutDoor</STRONG> (Thumb, 402 bytes, Stack size 0 bytes, fan.o(i.App_Fan_OutDoor))
<BR><BR>[Called By]<UL><LI><a href="#[6d]">&gt;&gt;</a>&nbsp;&nbsp;&nbsp;Func_Fan
</UL>

<P><STRONG><a name="[5c]"></a>App_Function</STRONG> (Thumb, 116 bytes, Stack size 8 bytes, function.o(i.App_Function))
<BR><BR>[Stack]<UL><LI>Max Depth = 184<LI>Call Chain = App_Function &rArr; App_Status_Init &rArr; Remember_ReadEEPara &rArr; Remember_WriteEEPara &rArr; Write_24C02 &rArr; IIC_TestAck &rArr; ConfigIO_Output &rArr; GPIO_Init &rArr; GPIO_SetFuncxRegFromPin &rArr; __ARM_common_switch8
</UL>
<BR>[Calls]<UL><LI><a href="#[5b]">&gt;&gt;</a>&nbsp;&nbsp;&nbsp;__ARM_common_switch8
<LI><a href="#[70]">&gt;&gt;</a>&nbsp;&nbsp;&nbsp;Swing_AntiDew
<LI><a href="#[6b]">&gt;&gt;</a>&nbsp;&nbsp;&nbsp;Func_WiFiPowEn
<LI><a href="#[5f]">&gt;&gt;</a>&nbsp;&nbsp;&nbsp;Func_WaterBox
<LI><a href="#[68]">&gt;&gt;</a>&nbsp;&nbsp;&nbsp;Func_WPMotor
<LI><a href="#[69]">&gt;&gt;</a>&nbsp;&nbsp;&nbsp;Func_UVC
<LI><a href="#[5e]">&gt;&gt;</a>&nbsp;&nbsp;&nbsp;Func_Temprature
<LI><a href="#[60]">&gt;&gt;</a>&nbsp;&nbsp;&nbsp;Func_Protect
<LI><a href="#[5d]">&gt;&gt;</a>&nbsp;&nbsp;&nbsp;Func_LowPower
<LI><a href="#[6f]">&gt;&gt;</a>&nbsp;&nbsp;&nbsp;Func_FourWay
<LI><a href="#[6d]">&gt;&gt;</a>&nbsp;&nbsp;&nbsp;Func_Fan
<LI><a href="#[6a]">&gt;&gt;</a>&nbsp;&nbsp;&nbsp;Func_EAHeater
<LI><a href="#[6e]">&gt;&gt;</a>&nbsp;&nbsp;&nbsp;Func_DCFan
<LI><a href="#[6c]">&gt;&gt;</a>&nbsp;&nbsp;&nbsp;Func_Comp
<LI><a href="#[67]">&gt;&gt;</a>&nbsp;&nbsp;&nbsp;Defrost_Con
<LI><a href="#[61]">&gt;&gt;</a>&nbsp;&nbsp;&nbsp;Func_HumiCSetInit
<LI><a href="#[66]">&gt;&gt;</a>&nbsp;&nbsp;&nbsp;App_Status_SelCheck
<LI><a href="#[64]">&gt;&gt;</a>&nbsp;&nbsp;&nbsp;App_Status_On
<LI><a href="#[63]">&gt;&gt;</a>&nbsp;&nbsp;&nbsp;App_Status_Off
<LI><a href="#[62]">&gt;&gt;</a>&nbsp;&nbsp;&nbsp;App_Status_Init
<LI><a href="#[65]">&gt;&gt;</a>&nbsp;&nbsp;&nbsp;App_Status_BussCheck
</UL>
<BR>[Called By]<UL><LI><a href="#[127]">&gt;&gt;</a>&nbsp;&nbsp;&nbsp;Sys_Run_Func4_Per10ms
</UL>

<P><STRONG><a name="[71]"></a>App_LookUpTemperature</STRONG> (Thumb, 320 bytes, Stack size 16 bytes, ad_app.o(i.App_LookUpTemperature))
<BR><BR>[Stack]<UL><LI>Max Depth = 72<LI>Call Chain = App_LookUpTemperature &rArr; App_ADCLookupTemperatureTable &rArr; App_ADCGetTemperature
</UL>
<BR>[Calls]<UL><LI><a href="#[72]">&gt;&gt;</a>&nbsp;&nbsp;&nbsp;App_NTC_Check
<LI><a href="#[47]">&gt;&gt;</a>&nbsp;&nbsp;&nbsp;App_ADCLookupTemperatureTable
</UL>
<BR>[Called By]<UL><LI><a href="#[126]">&gt;&gt;</a>&nbsp;&nbsp;&nbsp;Sys_Run_Func3_Per10ms
</UL>

<P><STRONG><a name="[72]"></a>App_NTC_Check</STRONG> (Thumb, 180 bytes, Stack size 0 bytes, ad_app.o(i.App_NTC_Check))
<BR><BR>[Called By]<UL><LI><a href="#[71]">&gt;&gt;</a>&nbsp;&nbsp;&nbsp;App_LookUpTemperature
</UL>

<P><STRONG><a name="[65]"></a>App_Status_BussCheck</STRONG> (Thumb, 442 bytes, Stack size 8 bytes, function.o(i.App_Status_BussCheck))
<BR><BR>[Stack]<UL><LI>Max Depth = 16<LI>Call Chain = App_Status_BussCheck &rArr; DisplayBoardTurnOff
</UL>
<BR>[Calls]<UL><LI><a href="#[73]">&gt;&gt;</a>&nbsp;&nbsp;&nbsp;DisplayBoardTurnOff
</UL>
<BR>[Called By]<UL><LI><a href="#[5c]">&gt;&gt;</a>&nbsp;&nbsp;&nbsp;App_Function
</UL>

<P><STRONG><a name="[62]"></a>App_Status_Init</STRONG> (Thumb, 424 bytes, Stack size 8 bytes, function.o(i.App_Status_Init))
<BR><BR>[Stack]<UL><LI>Max Depth = 176<LI>Call Chain = App_Status_Init &rArr; Remember_ReadEEPara &rArr; Remember_WriteEEPara &rArr; Write_24C02 &rArr; IIC_TestAck &rArr; ConfigIO_Output &rArr; GPIO_Init &rArr; GPIO_SetFuncxRegFromPin &rArr; __ARM_common_switch8
</UL>
<BR>[Calls]<UL><LI><a href="#[74]">&gt;&gt;</a>&nbsp;&nbsp;&nbsp;GPIOA_ResetBit
<LI><a href="#[77]">&gt;&gt;</a>&nbsp;&nbsp;&nbsp;TimerPara_Init
<LI><a href="#[76]">&gt;&gt;</a>&nbsp;&nbsp;&nbsp;Remember_ReadEEPara
<LI><a href="#[75]">&gt;&gt;</a>&nbsp;&nbsp;&nbsp;Remember_ReadEEFunc
<LI><a href="#[78]">&gt;&gt;</a>&nbsp;&nbsp;&nbsp;Defrost_Init
</UL>
<BR>[Called By]<UL><LI><a href="#[5c]">&gt;&gt;</a>&nbsp;&nbsp;&nbsp;App_Function
</UL>

<P><STRONG><a name="[63]"></a>App_Status_Off</STRONG> (Thumb, 214 bytes, Stack size 0 bytes, function.o(i.App_Status_Off))
<BR><BR>[Called By]<UL><LI><a href="#[5c]">&gt;&gt;</a>&nbsp;&nbsp;&nbsp;App_Function
</UL>

<P><STRONG><a name="[64]"></a>App_Status_On</STRONG> (Thumb, 4046 bytes, Stack size 8 bytes, function.o(i.App_Status_On))
<BR><BR>[Stack]<UL><LI>Max Depth = 16<LI>Call Chain = App_Status_On &rArr; Defrost_Init
</UL>
<BR>[Calls]<UL><LI><a href="#[56]">&gt;&gt;</a>&nbsp;&nbsp;&nbsp;TempValueMul10
<LI><a href="#[78]">&gt;&gt;</a>&nbsp;&nbsp;&nbsp;Defrost_Init
</UL>
<BR>[Called By]<UL><LI><a href="#[5c]">&gt;&gt;</a>&nbsp;&nbsp;&nbsp;App_Function
</UL>

<P><STRONG><a name="[66]"></a>App_Status_SelCheck</STRONG> (Thumb, 2 bytes, Stack size 0 bytes, function.o(i.App_Status_SelCheck))
<BR><BR>[Called By]<UL><LI><a href="#[5c]">&gt;&gt;</a>&nbsp;&nbsp;&nbsp;App_Function
</UL>

<P><STRONG><a name="[79]"></a>App_StepMotor_Run</STRONG> (Thumb, 432 bytes, Stack size 8 bytes, stepmotor_app.o(i.App_StepMotor_Run))
<BR><BR>[Stack]<UL><LI>Max Depth = 24<LI>Call Chain = App_StepMotor_Run &rArr; Swing_Sweep &rArr; Log_StepMotor_SweepAuto
</UL>
<BR>[Calls]<UL><LI><a href="#[5b]">&gt;&gt;</a>&nbsp;&nbsp;&nbsp;__ARM_common_switch8
<LI><a href="#[7a]">&gt;&gt;</a>&nbsp;&nbsp;&nbsp;Swing_Sweep
<LI><a href="#[7b]">&gt;&gt;</a>&nbsp;&nbsp;&nbsp;Swing_Con
</UL>
<BR>[Called By]<UL><LI><a href="#[126]">&gt;&gt;</a>&nbsp;&nbsp;&nbsp;Sys_Run_Func3_Per10ms
</UL>

<P><STRONG><a name="[7c]"></a>App_Switch</STRONG> (Thumb, 50 bytes, Stack size 8 bytes, switch.o(i.App_Switch))
<BR><BR>[Stack]<UL><LI>Max Depth = 40<LI>Call Chain = App_Switch &rArr; Drv_Switch_Scan &rArr; PortPin_Read
</UL>
<BR>[Calls]<UL><LI><a href="#[7e]">&gt;&gt;</a>&nbsp;&nbsp;&nbsp;Log_Switch_Fd
<LI><a href="#[7d]">&gt;&gt;</a>&nbsp;&nbsp;&nbsp;Drv_Switch_Scan
</UL>
<BR>[Called By]<UL><LI><a href="#[129]">&gt;&gt;</a>&nbsp;&nbsp;&nbsp;Sys_Run_Per2ms
</UL>

<P><STRONG><a name="[7f]"></a>App_TCLModule_CtoF</STRONG> (Thumb, 178 bytes, Stack size 8 bytes, twifi.o(i.App_TCLModule_CtoF))
<BR><BR>[Stack]<UL><LI>Max Depth = 16<LI>Call Chain = App_TCLModule_CtoF &rArr; __ARM_common_switch8
</UL>
<BR>[Calls]<UL><LI><a href="#[5b]">&gt;&gt;</a>&nbsp;&nbsp;&nbsp;__ARM_common_switch8
</UL>
<BR>[Called By]<UL><LI><a href="#[80]">&gt;&gt;</a>&nbsp;&nbsp;&nbsp;App_TCLModule_Master_Info
</UL>

<P><STRONG><a name="[83]"></a>App_TCLModule_Fadd1</STRONG> (Thumb, 72 bytes, Stack size 0 bytes, twifi.o(i.App_TCLModule_Fadd1))
<BR><BR>[Called By]<UL><LI><a href="#[82]">&gt;&gt;</a>&nbsp;&nbsp;&nbsp;App_TCLModule_Slave_Info
</UL>

<P><STRONG><a name="[80]"></a>App_TCLModule_Master_Info</STRONG> (Thumb, 1318 bytes, Stack size 8 bytes, twifi.o(i.App_TCLModule_Master_Info))
<BR><BR>[Stack]<UL><LI>Max Depth = 24<LI>Call Chain = App_TCLModule_Master_Info &rArr; App_TCLModule_CtoF &rArr; __ARM_common_switch8
</UL>
<BR>[Calls]<UL><LI><a href="#[5b]">&gt;&gt;</a>&nbsp;&nbsp;&nbsp;__ARM_common_switch8
<LI><a href="#[81]">&gt;&gt;</a>&nbsp;&nbsp;&nbsp;DisplayBoardTurnOn
<LI><a href="#[73]">&gt;&gt;</a>&nbsp;&nbsp;&nbsp;DisplayBoardTurnOff
<LI><a href="#[7f]">&gt;&gt;</a>&nbsp;&nbsp;&nbsp;App_TCLModule_CtoF
</UL>
<BR>[Called By]<UL><LI><a href="#[125]">&gt;&gt;</a>&nbsp;&nbsp;&nbsp;Sys_Run_Func2_Per10ms
</UL>

<P><STRONG><a name="[82]"></a>App_TCLModule_Slave_Info</STRONG> (Thumb, 3586 bytes, Stack size 16 bytes, twifi.o(i.App_TCLModule_Slave_Info))
<BR><BR>[Stack]<UL><LI>Max Depth = 24<LI>Call Chain = App_TCLModule_Slave_Info &rArr; __ARM_common_switch8
</UL>
<BR>[Calls]<UL><LI><a href="#[5b]">&gt;&gt;</a>&nbsp;&nbsp;&nbsp;__ARM_common_switch8
<LI><a href="#[84]">&gt;&gt;</a>&nbsp;&nbsp;&nbsp;__aeabi_idivmod
<LI><a href="#[46]">&gt;&gt;</a>&nbsp;&nbsp;&nbsp;__aeabi_uidivmod
<LI><a href="#[83]">&gt;&gt;</a>&nbsp;&nbsp;&nbsp;App_TCLModule_Fadd1
</UL>
<BR>[Called By]<UL><LI><a href="#[125]">&gt;&gt;</a>&nbsp;&nbsp;&nbsp;Sys_Run_Func2_Per10ms
</UL>

<P><STRONG><a name="[85]"></a>App_Uart0_Read_Frame</STRONG> (Thumb, 440 bytes, Stack size 16 bytes, uart_app.o(i.App_Uart0_Read_Frame))
<BR><BR>[Stack]<UL><LI>Max Depth = 24<LI>Call Chain = App_Uart0_Read_Frame &rArr; CommDisp_Check8
</UL>
<BR>[Calls]<UL><LI><a href="#[86]">&gt;&gt;</a>&nbsp;&nbsp;&nbsp;CommDisp_Check8
</UL>
<BR>[Called By]<UL><LI><a href="#[11f]">&gt;&gt;</a>&nbsp;&nbsp;&nbsp;Sys_Run_Func2_Per100ms
</UL>

<P><STRONG><a name="[87]"></a>App_Uart0_Write_Frame</STRONG> (Thumb, 222 bytes, Stack size 8 bytes, uart_app.o(i.App_Uart0_Write_Frame))
<BR><BR>[Stack]<UL><LI>Max Depth = 16<LI>Call Chain = App_Uart0_Write_Frame &rArr; CommDisp_Check8
</UL>
<BR>[Calls]<UL><LI><a href="#[86]">&gt;&gt;</a>&nbsp;&nbsp;&nbsp;CommDisp_Check8
</UL>
<BR>[Called By]<UL><LI><a href="#[11f]">&gt;&gt;</a>&nbsp;&nbsp;&nbsp;Sys_Run_Func2_Per100ms
</UL>

<P><STRONG><a name="[12b]"></a>App_Uart4_Read_Frame</STRONG> (Thumb, 504 bytes, Stack size 12 bytes, uart_app.o(i.App_Uart4_Read_Frame))
<BR><BR>[Stack]<UL><LI>Max Depth = 12<LI>Call Chain = App_Uart4_Read_Frame
</UL>
<BR>[Called By]<UL><LI><a href="#[11e]">&gt;&gt;</a>&nbsp;&nbsp;&nbsp;Sys_Run_Func1_Per100ms
</UL>

<P><STRONG><a name="[12a]"></a>App_Uart4_Write_Frame</STRONG> (Thumb, 228 bytes, Stack size 0 bytes, uart_app.o(i.App_Uart4_Write_Frame))
<BR><BR>[Called By]<UL><LI><a href="#[11e]">&gt;&gt;</a>&nbsp;&nbsp;&nbsp;Sys_Run_Func1_Per100ms
</UL>

<P><STRONG><a name="[91]"></a>BaseRunTx_Byte10_InDoorProtect1</STRONG> (Thumb, 208 bytes, Stack size 8 bytes, commmotdrv.o(i.BaseRunTx_Byte10_InDoorProtect1))
<BR><BR>[Stack]<UL><LI>Max Depth = 8<LI>Call Chain = BaseRunTx_Byte10_InDoorProtect1
</UL>
<BR>[Called By]<UL><LI><a href="#[8d]">&gt;&gt;</a>&nbsp;&nbsp;&nbsp;CommMotDrv_BaseRunTx
</UL>

<P><STRONG><a name="[92]"></a>BaseRunTx_Byte11_InDoorProtect2</STRONG> (Thumb, 148 bytes, Stack size 8 bytes, commmotdrv.o(i.BaseRunTx_Byte11_InDoorProtect2))
<BR><BR>[Stack]<UL><LI>Max Depth = 8<LI>Call Chain = BaseRunTx_Byte11_InDoorProtect2
</UL>
<BR>[Called By]<UL><LI><a href="#[8d]">&gt;&gt;</a>&nbsp;&nbsp;&nbsp;CommMotDrv_BaseRunTx
</UL>

<P><STRONG><a name="[93]"></a>BaseRunTx_Byte12_InDoorProtect3</STRONG> (Thumb, 318 bytes, Stack size 8 bytes, commmotdrv.o(i.BaseRunTx_Byte12_InDoorProtect3))
<BR><BR>[Stack]<UL><LI>Max Depth = 8<LI>Call Chain = BaseRunTx_Byte12_InDoorProtect3
</UL>
<BR>[Called By]<UL><LI><a href="#[8d]">&gt;&gt;</a>&nbsp;&nbsp;&nbsp;CommMotDrv_BaseRunTx
</UL>

<P><STRONG><a name="[88]"></a>BaseRunTx_Byte13_InDoorFanSpeedDiv10</STRONG> (Thumb, 16 bytes, Stack size 8 bytes, commmotdrv.o(i.BaseRunTx_Byte13_InDoorFanSpeedDiv10))
<BR><BR>[Stack]<UL><LI>Max Depth = 8<LI>Call Chain = BaseRunTx_Byte13_InDoorFanSpeedDiv10
</UL>
<BR>[Calls]<UL><LI><a href="#[46]">&gt;&gt;</a>&nbsp;&nbsp;&nbsp;__aeabi_uidivmod
</UL>
<BR>[Called By]<UL><LI><a href="#[8d]">&gt;&gt;</a>&nbsp;&nbsp;&nbsp;CommMotDrv_BaseRunTx
</UL>

<P><STRONG><a name="[89]"></a>BaseRunTx_Byte14_TempCoil1</STRONG> (Thumb, 68 bytes, Stack size 8 bytes, commmotdrv.o(i.BaseRunTx_Byte14_TempCoil1))
<BR><BR>[Stack]<UL><LI>Max Depth = 16<LI>Call Chain = BaseRunTx_Byte14_TempCoil1 &rArr; __aeabi_idivmod
</UL>
<BR>[Calls]<UL><LI><a href="#[84]">&gt;&gt;</a>&nbsp;&nbsp;&nbsp;__aeabi_idivmod
</UL>
<BR>[Called By]<UL><LI><a href="#[8d]">&gt;&gt;</a>&nbsp;&nbsp;&nbsp;CommMotDrv_BaseRunTx
</UL>

<P><STRONG><a name="[8a]"></a>BaseRunTx_Byte15_TempCoil2</STRONG> (Thumb, 68 bytes, Stack size 8 bytes, commmotdrv.o(i.BaseRunTx_Byte15_TempCoil2))
<BR><BR>[Stack]<UL><LI>Max Depth = 16<LI>Call Chain = BaseRunTx_Byte15_TempCoil2 &rArr; __aeabi_idivmod
</UL>
<BR>[Calls]<UL><LI><a href="#[84]">&gt;&gt;</a>&nbsp;&nbsp;&nbsp;__aeabi_idivmod
</UL>
<BR>[Called By]<UL><LI><a href="#[8d]">&gt;&gt;</a>&nbsp;&nbsp;&nbsp;CommMotDrv_BaseRunTx
</UL>

<P><STRONG><a name="[94]"></a>BaseRunTx_Byte16_TempExhaust</STRONG> (Thumb, 46 bytes, Stack size 0 bytes, commmotdrv.o(i.BaseRunTx_Byte16_TempExhaust))
<BR><BR>[Called By]<UL><LI><a href="#[8d]">&gt;&gt;</a>&nbsp;&nbsp;&nbsp;CommMotDrv_BaseRunTx
</UL>

<P><STRONG><a name="[95]"></a>BaseRunTx_Byte17_InDoorStatus</STRONG> (Thumb, 346 bytes, Stack size 8 bytes, commmotdrv.o(i.BaseRunTx_Byte17_InDoorStatus))
<BR><BR>[Stack]<UL><LI>Max Depth = 8<LI>Call Chain = BaseRunTx_Byte17_InDoorStatus
</UL>
<BR>[Called By]<UL><LI><a href="#[8d]">&gt;&gt;</a>&nbsp;&nbsp;&nbsp;CommMotDrv_BaseRunTx
</UL>

<P><STRONG><a name="[8e]"></a>BaseRunTx_Byte5_InDoorRunMode</STRONG> (Thumb, 172 bytes, Stack size 8 bytes, commmotdrv.o(i.BaseRunTx_Byte5_InDoorRunMode))
<BR><BR>[Stack]<UL><LI>Max Depth = 8<LI>Call Chain = BaseRunTx_Byte5_InDoorRunMode
</UL>
<BR>[Called By]<UL><LI><a href="#[8d]">&gt;&gt;</a>&nbsp;&nbsp;&nbsp;CommMotDrv_BaseRunTx
<LI><a href="#[14d]">&gt;&gt;</a>&nbsp;&nbsp;&nbsp;send_Three_Data
</UL>

<P><STRONG><a name="[8f]"></a>BaseRunTx_Byte6_OutDoorTargetFreq</STRONG> (Thumb, 6 bytes, Stack size 0 bytes, commmotdrv.o(i.BaseRunTx_Byte6_OutDoorTargetFreq))
<BR><BR>[Called By]<UL><LI><a href="#[8d]">&gt;&gt;</a>&nbsp;&nbsp;&nbsp;CommMotDrv_BaseRunTx
</UL>

<P><STRONG><a name="[8b]"></a>BaseRunTx_Byte7_OutDoorTargetFreqDotMul60</STRONG> (Thumb, 68 bytes, Stack size 8 bytes, commmotdrv.o(i.BaseRunTx_Byte7_OutDoorTargetFreqDotMul60))
<BR><BR>[Stack]<UL><LI>Max Depth = 16<LI>Call Chain = BaseRunTx_Byte7_OutDoorTargetFreqDotMul60 &rArr; __aeabi_idivmod
</UL>
<BR>[Calls]<UL><LI><a href="#[84]">&gt;&gt;</a>&nbsp;&nbsp;&nbsp;__aeabi_idivmod
</UL>
<BR>[Called By]<UL><LI><a href="#[8d]">&gt;&gt;</a>&nbsp;&nbsp;&nbsp;CommMotDrv_BaseRunTx
</UL>

<P><STRONG><a name="[90]"></a>BaseRunTx_Byte8_InDoorTempSet</STRONG> (Thumb, 26 bytes, Stack size 0 bytes, commmotdrv.o(i.BaseRunTx_Byte8_InDoorTempSet))
<BR><BR>[Called By]<UL><LI><a href="#[8d]">&gt;&gt;</a>&nbsp;&nbsp;&nbsp;CommMotDrv_BaseRunTx
</UL>

<P><STRONG><a name="[8c]"></a>BaseRunTx_Byte9_InDoorTemp</STRONG> (Thumb, 68 bytes, Stack size 8 bytes, commmotdrv.o(i.BaseRunTx_Byte9_InDoorTemp))
<BR><BR>[Stack]<UL><LI>Max Depth = 16<LI>Call Chain = BaseRunTx_Byte9_InDoorTemp &rArr; __aeabi_idivmod
</UL>
<BR>[Calls]<UL><LI><a href="#[84]">&gt;&gt;</a>&nbsp;&nbsp;&nbsp;__aeabi_idivmod
</UL>
<BR>[Called By]<UL><LI><a href="#[8d]">&gt;&gt;</a>&nbsp;&nbsp;&nbsp;CommMotDrv_BaseRunTx
</UL>

<P><STRONG><a name="[10d]"></a>Case_StepMotor_Pause</STRONG> (Thumb, 32 bytes, Stack size 0 bytes, stepmotor_app.o(i.Case_StepMotor_Pause))
<BR><BR>[Called By]<UL><LI><a href="#[10b]">&gt;&gt;</a>&nbsp;&nbsp;&nbsp;Log_StepMotor
</UL>

<P><STRONG><a name="[10c]"></a>Case_StepMotor_StepTime</STRONG> (Thumb, 36 bytes, Stack size 0 bytes, stepmotor_app.o(i.Case_StepMotor_StepTime))
<BR><BR>[Called By]<UL><LI><a href="#[10b]">&gt;&gt;</a>&nbsp;&nbsp;&nbsp;Log_StepMotor
</UL>

<P><STRONG><a name="[86]"></a>CommDisp_Check8</STRONG> (Thumb, 34 bytes, Stack size 8 bytes, commdisp.o(i.CommDisp_Check8))
<BR><BR>[Stack]<UL><LI>Max Depth = 8<LI>Call Chain = CommDisp_Check8
</UL>
<BR>[Called By]<UL><LI><a href="#[87]">&gt;&gt;</a>&nbsp;&nbsp;&nbsp;App_Uart0_Write_Frame
<LI><a href="#[85]">&gt;&gt;</a>&nbsp;&nbsp;&nbsp;App_Uart0_Read_Frame
</UL>

<P><STRONG><a name="[99]"></a>CommMotDrv_BaseRunRx</STRONG> (Thumb, 750 bytes, Stack size 24 bytes, commmotdrv.o(i.CommMotDrv_BaseRunRx))
<BR><BR>[Stack]<UL><LI>Max Depth = 24<LI>Call Chain = CommMotDrv_BaseRunRx
</UL>
<BR>[Called By]<UL><LI><a href="#[96]">&gt;&gt;</a>&nbsp;&nbsp;&nbsp;CommMotDrv_InfoCon
</UL>

<P><STRONG><a name="[8d]"></a>CommMotDrv_BaseRunTx</STRONG> (Thumb, 132 bytes, Stack size 8 bytes, commmotdrv.o(i.CommMotDrv_BaseRunTx))
<BR><BR>[Stack]<UL><LI>Max Depth = 24<LI>Call Chain = CommMotDrv_BaseRunTx &rArr; BaseRunTx_Byte9_InDoorTemp &rArr; __aeabi_idivmod
</UL>
<BR>[Calls]<UL><LI><a href="#[8c]">&gt;&gt;</a>&nbsp;&nbsp;&nbsp;BaseRunTx_Byte9_InDoorTemp
<LI><a href="#[90]">&gt;&gt;</a>&nbsp;&nbsp;&nbsp;BaseRunTx_Byte8_InDoorTempSet
<LI><a href="#[8b]">&gt;&gt;</a>&nbsp;&nbsp;&nbsp;BaseRunTx_Byte7_OutDoorTargetFreqDotMul60
<LI><a href="#[8f]">&gt;&gt;</a>&nbsp;&nbsp;&nbsp;BaseRunTx_Byte6_OutDoorTargetFreq
<LI><a href="#[95]">&gt;&gt;</a>&nbsp;&nbsp;&nbsp;BaseRunTx_Byte17_InDoorStatus
<LI><a href="#[94]">&gt;&gt;</a>&nbsp;&nbsp;&nbsp;BaseRunTx_Byte16_TempExhaust
<LI><a href="#[8a]">&gt;&gt;</a>&nbsp;&nbsp;&nbsp;BaseRunTx_Byte15_TempCoil2
<LI><a href="#[89]">&gt;&gt;</a>&nbsp;&nbsp;&nbsp;BaseRunTx_Byte14_TempCoil1
<LI><a href="#[88]">&gt;&gt;</a>&nbsp;&nbsp;&nbsp;BaseRunTx_Byte13_InDoorFanSpeedDiv10
<LI><a href="#[93]">&gt;&gt;</a>&nbsp;&nbsp;&nbsp;BaseRunTx_Byte12_InDoorProtect3
<LI><a href="#[92]">&gt;&gt;</a>&nbsp;&nbsp;&nbsp;BaseRunTx_Byte11_InDoorProtect2
<LI><a href="#[91]">&gt;&gt;</a>&nbsp;&nbsp;&nbsp;BaseRunTx_Byte10_InDoorProtect1
<LI><a href="#[8e]">&gt;&gt;</a>&nbsp;&nbsp;&nbsp;BaseRunTx_Byte5_InDoorRunMode
</UL>
<BR>[Called By]<UL><LI><a href="#[96]">&gt;&gt;</a>&nbsp;&nbsp;&nbsp;CommMotDrv_InfoCon
</UL>

<P><STRONG><a name="[98]"></a>CommMotDrv_Con</STRONG> (Thumb, 442 bytes, Stack size 0 bytes, commmotdrv.o(i.CommMotDrv_Con))
<BR><BR>[Called By]<UL><LI><a href="#[96]">&gt;&gt;</a>&nbsp;&nbsp;&nbsp;CommMotDrv_InfoCon
</UL>

<P><STRONG><a name="[96]"></a>CommMotDrv_InfoCon</STRONG> (Thumb, 62 bytes, Stack size 8 bytes, commmotdrv.o(i.CommMotDrv_InfoCon))
<BR><BR>[Stack]<UL><LI>Max Depth = 32<LI>Call Chain = CommMotDrv_InfoCon &rArr; CommMotDrv_ReqSetRx
</UL>
<BR>[Calls]<UL><LI><a href="#[97]">&gt;&gt;</a>&nbsp;&nbsp;&nbsp;CommMotDrv_ReqSetTx
<LI><a href="#[9a]">&gt;&gt;</a>&nbsp;&nbsp;&nbsp;CommMotDrv_ReqSetRx
<LI><a href="#[98]">&gt;&gt;</a>&nbsp;&nbsp;&nbsp;CommMotDrv_Con
<LI><a href="#[8d]">&gt;&gt;</a>&nbsp;&nbsp;&nbsp;CommMotDrv_BaseRunTx
<LI><a href="#[99]">&gt;&gt;</a>&nbsp;&nbsp;&nbsp;CommMotDrv_BaseRunRx
</UL>
<BR>[Called By]<UL><LI><a href="#[120]">&gt;&gt;</a>&nbsp;&nbsp;&nbsp;Sys_Run_Func3_Per100ms
</UL>

<P><STRONG><a name="[9a]"></a>CommMotDrv_ReqSetRx</STRONG> (Thumb, 116 bytes, Stack size 24 bytes, commmotdrv.o(i.CommMotDrv_ReqSetRx))
<BR><BR>[Stack]<UL><LI>Max Depth = 24<LI>Call Chain = CommMotDrv_ReqSetRx
</UL>
<BR>[Called By]<UL><LI><a href="#[96]">&gt;&gt;</a>&nbsp;&nbsp;&nbsp;CommMotDrv_InfoCon
</UL>

<P><STRONG><a name="[97]"></a>CommMotDrv_ReqSetTx</STRONG> (Thumb, 142 bytes, Stack size 0 bytes, commmotdrv.o(i.CommMotDrv_ReqSetTx))
<BR><BR>[Called By]<UL><LI><a href="#[96]">&gt;&gt;</a>&nbsp;&nbsp;&nbsp;CommMotDrv_InfoCon
</UL>

<P><STRONG><a name="[9b]"></a>ConfigIO_Input</STRONG> (Thumb, 28 bytes, Stack size 24 bytes, init_es8h018x_ex8h0163.o(i.ConfigIO_Input))
<BR><BR>[Stack]<UL><LI>Max Depth = 64<LI>Call Chain = ConfigIO_Input &rArr; GPIO_Init &rArr; GPIO_SetFuncxRegFromPin &rArr; __ARM_common_switch8
</UL>
<BR>[Calls]<UL><LI><a href="#[9c]">&gt;&gt;</a>&nbsp;&nbsp;&nbsp;GPIO_Init
</UL>
<BR>[Called By]<UL><LI><a href="#[f2]">&gt;&gt;</a>&nbsp;&nbsp;&nbsp;IIC_TestAck
<LI><a href="#[ee]">&gt;&gt;</a>&nbsp;&nbsp;&nbsp;IIC_Read_Byte
<LI><a href="#[fb]">&gt;&gt;</a>&nbsp;&nbsp;&nbsp;Module_Init_Switch
</UL>

<P><STRONG><a name="[9d]"></a>ConfigIO_Output</STRONG> (Thumb, 26 bytes, Stack size 24 bytes, init_es8h018x_ex8h0163.o(i.ConfigIO_Output))
<BR><BR>[Stack]<UL><LI>Max Depth = 64<LI>Call Chain = ConfigIO_Output &rArr; GPIO_Init &rArr; GPIO_SetFuncxRegFromPin &rArr; __ARM_common_switch8
</UL>
<BR>[Calls]<UL><LI><a href="#[9c]">&gt;&gt;</a>&nbsp;&nbsp;&nbsp;GPIO_Init
</UL>
<BR>[Called By]<UL><LI><a href="#[f2]">&gt;&gt;</a>&nbsp;&nbsp;&nbsp;IIC_TestAck
<LI><a href="#[ee]">&gt;&gt;</a>&nbsp;&nbsp;&nbsp;IIC_Read_Byte
<LI><a href="#[fc]">&gt;&gt;</a>&nbsp;&nbsp;&nbsp;Module_Init_StepMotor
<LI><a href="#[f9]">&gt;&gt;</a>&nbsp;&nbsp;&nbsp;Module_Init_IICM
<LI><a href="#[100]">&gt;&gt;</a>&nbsp;&nbsp;&nbsp;Init_WiFiPowEn
<LI><a href="#[fe]">&gt;&gt;</a>&nbsp;&nbsp;&nbsp;Init_WPMotor
<LI><a href="#[ff]">&gt;&gt;</a>&nbsp;&nbsp;&nbsp;Init_UVC
<LI><a href="#[f8]">&gt;&gt;</a>&nbsp;&nbsp;&nbsp;Init_Pin_WP_Enable
<LI><a href="#[f6]">&gt;&gt;</a>&nbsp;&nbsp;&nbsp;Init_LowPower
<LI><a href="#[f5]">&gt;&gt;</a>&nbsp;&nbsp;&nbsp;Init_FourWay
<LI><a href="#[f4]">&gt;&gt;</a>&nbsp;&nbsp;&nbsp;Init_EAHeater
<LI><a href="#[f3]">&gt;&gt;</a>&nbsp;&nbsp;&nbsp;Init_DCFan
<LI><a href="#[110]">&gt;&gt;</a>&nbsp;&nbsp;&nbsp;Module_Init_Uart4
<LI><a href="#[10f]">&gt;&gt;</a>&nbsp;&nbsp;&nbsp;Module_Init_Uart0
</UL>

<P><STRONG><a name="[9e]"></a>ConfigIO_PullUpDisable</STRONG> (Thumb, 18 bytes, Stack size 16 bytes, init_es8h018x_ex8h0163.o(i.ConfigIO_PullUpDisable))
<BR><BR>[Stack]<UL><LI>Max Depth = 24<LI>Call Chain = ConfigIO_PullUpDisable &rArr; GPIO_SetPUERegFromPin
</UL>
<BR>[Calls]<UL><LI><a href="#[9f]">&gt;&gt;</a>&nbsp;&nbsp;&nbsp;GPIO_SetPUERegFromPin
</UL>
<BR>[Called By]<UL><LI><a href="#[fc]">&gt;&gt;</a>&nbsp;&nbsp;&nbsp;Module_Init_StepMotor
<LI><a href="#[f9]">&gt;&gt;</a>&nbsp;&nbsp;&nbsp;Module_Init_IICM
<LI><a href="#[100]">&gt;&gt;</a>&nbsp;&nbsp;&nbsp;Init_WiFiPowEn
<LI><a href="#[fe]">&gt;&gt;</a>&nbsp;&nbsp;&nbsp;Init_WPMotor
<LI><a href="#[ff]">&gt;&gt;</a>&nbsp;&nbsp;&nbsp;Init_UVC
<LI><a href="#[f8]">&gt;&gt;</a>&nbsp;&nbsp;&nbsp;Init_Pin_WP_Enable
<LI><a href="#[f6]">&gt;&gt;</a>&nbsp;&nbsp;&nbsp;Init_LowPower
<LI><a href="#[f5]">&gt;&gt;</a>&nbsp;&nbsp;&nbsp;Init_FourWay
<LI><a href="#[f4]">&gt;&gt;</a>&nbsp;&nbsp;&nbsp;Init_EAHeater
<LI><a href="#[f3]">&gt;&gt;</a>&nbsp;&nbsp;&nbsp;Init_DCFan
</UL>

<P><STRONG><a name="[a0]"></a>ConfigIO_PullUpEnable</STRONG> (Thumb, 18 bytes, Stack size 16 bytes, init_es8h018x_ex8h0163.o(i.ConfigIO_PullUpEnable))
<BR><BR>[Stack]<UL><LI>Max Depth = 24<LI>Call Chain = ConfigIO_PullUpEnable &rArr; GPIO_SetPUERegFromPin
</UL>
<BR>[Calls]<UL><LI><a href="#[9f]">&gt;&gt;</a>&nbsp;&nbsp;&nbsp;GPIO_SetPUERegFromPin
</UL>
<BR>[Called By]<UL><LI><a href="#[fb]">&gt;&gt;</a>&nbsp;&nbsp;&nbsp;Module_Init_Switch
<LI><a href="#[110]">&gt;&gt;</a>&nbsp;&nbsp;&nbsp;Module_Init_Uart4
<LI><a href="#[10f]">&gt;&gt;</a>&nbsp;&nbsp;&nbsp;Module_Init_Uart0
</UL>

<P><STRONG><a name="[78]"></a>Defrost_Init</STRONG> (Thumb, 12 bytes, Stack size 8 bytes, defrost.o(i.Defrost_Init))
<BR><BR>[Stack]<UL><LI>Max Depth = 8<LI>Call Chain = Defrost_Init
</UL>
<BR>[Calls]<UL><LI><a href="#[a1]">&gt;&gt;</a>&nbsp;&nbsp;&nbsp;__aeabi_memclr4
</UL>
<BR>[Called By]<UL><LI><a href="#[67]">&gt;&gt;</a>&nbsp;&nbsp;&nbsp;Defrost_Con
<LI><a href="#[64]">&gt;&gt;</a>&nbsp;&nbsp;&nbsp;App_Status_On
<LI><a href="#[62]">&gt;&gt;</a>&nbsp;&nbsp;&nbsp;App_Status_Init
</UL>

<P><STRONG><a name="[104]"></a>DeviceClockAllEnable</STRONG> (Thumb, 44 bytes, Stack size 0 bytes, lib_scu.o(i.DeviceClockAllEnable))
<BR><BR>[Called By]<UL><LI><a href="#[101]">&gt;&gt;</a>&nbsp;&nbsp;&nbsp;Init_MCU_System
</UL>

<P><STRONG><a name="[a2]"></a>DisplayBoardCommandCheck</STRONG> (Thumb, 312 bytes, Stack size 8 bytes, cmdin.o(i.DisplayBoardCommandCheck))
<BR><BR>[Stack]<UL><LI>Max Depth = 24<LI>Call Chain = DisplayBoardCommandCheck &rArr; DisplayBoard_Byte6_Con &rArr; DisplayBoardTurnOn
</UL>
<BR>[Calls]<UL><LI><a href="#[a7]">&gt;&gt;</a>&nbsp;&nbsp;&nbsp;DisplayBoard_Byte9_Con
<LI><a href="#[a6]">&gt;&gt;</a>&nbsp;&nbsp;&nbsp;DisplayBoard_Byte8_Con
<LI><a href="#[a5]">&gt;&gt;</a>&nbsp;&nbsp;&nbsp;DisplayBoard_Byte7_Con
<LI><a href="#[a4]">&gt;&gt;</a>&nbsp;&nbsp;&nbsp;DisplayBoard_Byte6_Con
<LI><a href="#[a3]">&gt;&gt;</a>&nbsp;&nbsp;&nbsp;DisplayBoard_Byte5_Con
<LI><a href="#[ad]">&gt;&gt;</a>&nbsp;&nbsp;&nbsp;DisplayBoard_Byte15_Con
<LI><a href="#[ac]">&gt;&gt;</a>&nbsp;&nbsp;&nbsp;DisplayBoard_Byte14_Con
<LI><a href="#[ab]">&gt;&gt;</a>&nbsp;&nbsp;&nbsp;DisplayBoard_Byte13_Con
<LI><a href="#[aa]">&gt;&gt;</a>&nbsp;&nbsp;&nbsp;DisplayBoard_Byte12_Con
<LI><a href="#[a9]">&gt;&gt;</a>&nbsp;&nbsp;&nbsp;DisplayBoard_Byte11_Con
<LI><a href="#[a8]">&gt;&gt;</a>&nbsp;&nbsp;&nbsp;DisplayBoard_Byte10_Con
</UL>
<BR>[Called By]<UL><LI><a href="#[125]">&gt;&gt;</a>&nbsp;&nbsp;&nbsp;Sys_Run_Func2_Per10ms
</UL>

<P><STRONG><a name="[ae]"></a>DisplayBoardCommandUpdate</STRONG> (Thumb, 346 bytes, Stack size 8 bytes, cmdout.o(i.DisplayBoardCommandUpdate))
<BR><BR>[Stack]<UL><LI>Max Depth = 16<LI>Call Chain = DisplayBoardCommandUpdate &rArr; DisplayBoard_Byte8_Update
</UL>
<BR>[Calls]<UL><LI><a href="#[b3]">&gt;&gt;</a>&nbsp;&nbsp;&nbsp;DisplayBoard_Byte9_Update
<LI><a href="#[b2]">&gt;&gt;</a>&nbsp;&nbsp;&nbsp;DisplayBoard_Byte8_Update
<LI><a href="#[b1]">&gt;&gt;</a>&nbsp;&nbsp;&nbsp;DisplayBoard_Byte7_Update
<LI><a href="#[b0]">&gt;&gt;</a>&nbsp;&nbsp;&nbsp;DisplayBoard_Byte6_Update
<LI><a href="#[af]">&gt;&gt;</a>&nbsp;&nbsp;&nbsp;DisplayBoard_Byte5_Update
<LI><a href="#[c5]">&gt;&gt;</a>&nbsp;&nbsp;&nbsp;DisplayBoard_Byte27_Update
<LI><a href="#[c4]">&gt;&gt;</a>&nbsp;&nbsp;&nbsp;DisplayBoard_Byte26_Update
<LI><a href="#[c3]">&gt;&gt;</a>&nbsp;&nbsp;&nbsp;DisplayBoard_Byte25_Update
<LI><a href="#[c2]">&gt;&gt;</a>&nbsp;&nbsp;&nbsp;DisplayBoard_Byte24_Update
<LI><a href="#[c1]">&gt;&gt;</a>&nbsp;&nbsp;&nbsp;DisplayBoard_Byte23_Update
<LI><a href="#[c0]">&gt;&gt;</a>&nbsp;&nbsp;&nbsp;DisplayBoard_Byte22_Update
<LI><a href="#[bf]">&gt;&gt;</a>&nbsp;&nbsp;&nbsp;DisplayBoard_Byte21_Update
<LI><a href="#[be]">&gt;&gt;</a>&nbsp;&nbsp;&nbsp;DisplayBoard_Byte20_Update
<LI><a href="#[bd]">&gt;&gt;</a>&nbsp;&nbsp;&nbsp;DisplayBoard_Byte19_Update
<LI><a href="#[bc]">&gt;&gt;</a>&nbsp;&nbsp;&nbsp;DisplayBoard_Byte18_Update
<LI><a href="#[bb]">&gt;&gt;</a>&nbsp;&nbsp;&nbsp;DisplayBoard_Byte17_Update
<LI><a href="#[ba]">&gt;&gt;</a>&nbsp;&nbsp;&nbsp;DisplayBoard_Byte16_Update
<LI><a href="#[b9]">&gt;&gt;</a>&nbsp;&nbsp;&nbsp;DisplayBoard_Byte15_Update
<LI><a href="#[b8]">&gt;&gt;</a>&nbsp;&nbsp;&nbsp;DisplayBoard_Byte14_Update
<LI><a href="#[b7]">&gt;&gt;</a>&nbsp;&nbsp;&nbsp;DisplayBoard_Byte13_Update
<LI><a href="#[b6]">&gt;&gt;</a>&nbsp;&nbsp;&nbsp;DisplayBoard_Byte12_Update
<LI><a href="#[b5]">&gt;&gt;</a>&nbsp;&nbsp;&nbsp;DisplayBoard_Byte11_Update
<LI><a href="#[b4]">&gt;&gt;</a>&nbsp;&nbsp;&nbsp;DisplayBoard_Byte10_Update
</UL>
<BR>[Called By]<UL><LI><a href="#[125]">&gt;&gt;</a>&nbsp;&nbsp;&nbsp;Sys_Run_Func2_Per10ms
</UL>

<P><STRONG><a name="[81]"></a>DisplayBoardTurnOn</STRONG> (Thumb, 78 bytes, Stack size 8 bytes, cmdin.o(i.DisplayBoardTurnOn))
<BR><BR>[Stack]<UL><LI>Max Depth = 8<LI>Call Chain = DisplayBoardTurnOn
</UL>
<BR>[Calls]<UL><LI><a href="#[77]">&gt;&gt;</a>&nbsp;&nbsp;&nbsp;TimerPara_Init
</UL>
<BR>[Called By]<UL><LI><a href="#[80]">&gt;&gt;</a>&nbsp;&nbsp;&nbsp;App_TCLModule_Master_Info
<LI><a href="#[a4]">&gt;&gt;</a>&nbsp;&nbsp;&nbsp;DisplayBoard_Byte6_Con
<LI><a href="#[58]">&gt;&gt;</a>&nbsp;&nbsp;&nbsp;Timer_Run
</UL>

<P><STRONG><a name="[aa]"></a>DisplayBoard_Byte12_Con</STRONG> (Thumb, 30 bytes, Stack size 8 bytes, cmdin.o(i.DisplayBoard_Byte12_Con))
<BR><BR>[Stack]<UL><LI>Max Depth = 8<LI>Call Chain = DisplayBoard_Byte12_Con
</UL>
<BR>[Called By]<UL><LI><a href="#[a2]">&gt;&gt;</a>&nbsp;&nbsp;&nbsp;DisplayBoardCommandCheck
</UL>

<P><STRONG><a name="[b6]"></a>DisplayBoard_Byte12_Update</STRONG> (Thumb, 48 bytes, Stack size 0 bytes, cmdout.o(i.DisplayBoard_Byte12_Update))
<BR><BR>[Called By]<UL><LI><a href="#[ae]">&gt;&gt;</a>&nbsp;&nbsp;&nbsp;DisplayBoardCommandUpdate
</UL>

<P><STRONG><a name="[d5]"></a>Drv_Fan_OutDoor</STRONG> (Thumb, 2 bytes, Stack size 0 bytes, fan.o(i.Drv_Fan_OutDoor))
<BR><BR>[Called By]<UL><LI><a href="#[6d]">&gt;&gt;</a>&nbsp;&nbsp;&nbsp;Func_Fan
</UL>

<P><STRONG><a name="[6f]"></a>Func_FourWay</STRONG> (Thumb, 12 bytes, Stack size 8 bytes, fourway.o(i.Func_FourWay))
<BR><BR>[Stack]<UL><LI>Max Depth = 16<LI>Call Chain = Func_FourWay &rArr; Drv_FourWay
</UL>
<BR>[Calls]<UL><LI><a href="#[c6]">&gt;&gt;</a>&nbsp;&nbsp;&nbsp;Log_FourWay
<LI><a href="#[c7]">&gt;&gt;</a>&nbsp;&nbsp;&nbsp;Drv_FourWay
</UL>
<BR>[Called By]<UL><LI><a href="#[5c]">&gt;&gt;</a>&nbsp;&nbsp;&nbsp;App_Function
</UL>

<P><STRONG><a name="[7]"></a>HardFault_IRQHandler</STRONG> (Thumb, 4 bytes, Stack size 0 bytes, irqhandler.o(i.HardFault_IRQHandler))
<BR>[Address Reference Count : 1]<UL><LI> startup_es8h018x.o(RESET)
</UL>
<P><STRONG><a name="[6]"></a>NMI_IRQHandler</STRONG> (Thumb, 2 bytes, Stack size 0 bytes, irqhandler.o(i.NMI_IRQHandler))
<BR>[Address Reference Count : 1]<UL><LI> startup_es8h018x.o(RESET)
</UL>
<P><STRONG><a name="[9]"></a>PendSV_IRQHandler</STRONG> (Thumb, 2 bytes, Stack size 0 bytes, irqhandler.o(i.PendSV_IRQHandler))
<BR>[Address Reference Count : 1]<UL><LI> startup_es8h018x.o(RESET)
</UL>
<P><STRONG><a name="[12e]"></a>Remember_EE_Dat_Init</STRONG> (Thumb, 2 bytes, Stack size 0 bytes, remember.o(i.Remember_EE_Dat_Init))
<BR><BR>[Called By]<UL><LI><a href="#[122]">&gt;&gt;</a>&nbsp;&nbsp;&nbsp;Sys_Run_Func5_Per100ms
</UL>

<P><STRONG><a name="[67]"></a>Defrost_Con</STRONG> (Thumb, 1128 bytes, Stack size 16 bytes, defrost.o(i.Defrost_Con))
<BR><BR>[Stack]<UL><LI>Max Depth = 24<LI>Call Chain = Defrost_Con &rArr; Defrost_Init
</UL>
<BR>[Calls]<UL><LI><a href="#[56]">&gt;&gt;</a>&nbsp;&nbsp;&nbsp;TempValueMul10
<LI><a href="#[78]">&gt;&gt;</a>&nbsp;&nbsp;&nbsp;Defrost_Init
</UL>
<BR>[Called By]<UL><LI><a href="#[5c]">&gt;&gt;</a>&nbsp;&nbsp;&nbsp;App_Function
</UL>

<P><STRONG><a name="[a8]"></a>DisplayBoard_Byte10_Con</STRONG> (Thumb, 118 bytes, Stack size 0 bytes, cmdin.o(i.DisplayBoard_Byte10_Con))
<BR><BR>[Called By]<UL><LI><a href="#[a2]">&gt;&gt;</a>&nbsp;&nbsp;&nbsp;DisplayBoardCommandCheck
</UL>

<P><STRONG><a name="[b4]"></a>DisplayBoard_Byte10_Update</STRONG> (Thumb, 172 bytes, Stack size 0 bytes, cmdout.o(i.DisplayBoard_Byte10_Update))
<BR><BR>[Called By]<UL><LI><a href="#[ae]">&gt;&gt;</a>&nbsp;&nbsp;&nbsp;DisplayBoardCommandUpdate
</UL>

<P><STRONG><a name="[ab]"></a>DisplayBoard_Byte13_Con</STRONG> (Thumb, 30 bytes, Stack size 0 bytes, cmdin.o(i.DisplayBoard_Byte13_Con))
<BR><BR>[Called By]<UL><LI><a href="#[a2]">&gt;&gt;</a>&nbsp;&nbsp;&nbsp;DisplayBoardCommandCheck
</UL>

<P><STRONG><a name="[69]"></a>Func_UVC</STRONG> (Thumb, 12 bytes, Stack size 8 bytes, uvc.o(i.Func_UVC))
<BR><BR>[Stack]<UL><LI>Max Depth = 16<LI>Call Chain = Func_UVC &rArr; Drv_UVC
</UL>
<BR>[Calls]<UL><LI><a href="#[c8]">&gt;&gt;</a>&nbsp;&nbsp;&nbsp;Log_UVC
<LI><a href="#[c9]">&gt;&gt;</a>&nbsp;&nbsp;&nbsp;Drv_UVC
</UL>
<BR>[Called By]<UL><LI><a href="#[5c]">&gt;&gt;</a>&nbsp;&nbsp;&nbsp;App_Function
</UL>

<P><STRONG><a name="[8]"></a>SVC_IRQHandler</STRONG> (Thumb, 2 bytes, Stack size 0 bytes, irqhandler.o(i.SVC_IRQHandler))
<BR>[Address Reference Count : 1]<UL><LI> startup_es8h018x.o(RESET)
</UL>
<P><STRONG><a name="[121]"></a>Sys_Run_Func4_Per100ms</STRONG> (Thumb, 2 bytes, Stack size 0 bytes, func.o(i.Sys_Run_Func4_Per100ms))
<BR><BR>[Called By]<UL><LI><a href="#[11d]">&gt;&gt;</a>&nbsp;&nbsp;&nbsp;Sys_Run_Event_Per100ms
</UL>

<P><STRONG><a name="[b7]"></a>DisplayBoard_Byte13_Update</STRONG> (Thumb, 48 bytes, Stack size 0 bytes, cmdout.o(i.DisplayBoard_Byte13_Update))
<BR><BR>[Called By]<UL><LI><a href="#[ae]">&gt;&gt;</a>&nbsp;&nbsp;&nbsp;DisplayBoardCommandUpdate
</UL>

<P><STRONG><a name="[b8]"></a>DisplayBoard_Byte14_Update</STRONG> (Thumb, 42 bytes, Stack size 0 bytes, cmdout.o(i.DisplayBoard_Byte14_Update))
<BR><BR>[Called By]<UL><LI><a href="#[ae]">&gt;&gt;</a>&nbsp;&nbsp;&nbsp;DisplayBoardCommandUpdate
</UL>

<P><STRONG><a name="[5e]"></a>Func_Temprature</STRONG> (Thumb, 24 bytes, Stack size 8 bytes, tempr.o(i.Func_Temprature))
<BR><BR>[Stack]<UL><LI>Max Depth = 40<LI>Call Chain = Func_Temprature &rArr; TempValueCon &rArr; TempValueRounding &rArr; __aeabi_idivmod
</UL>
<BR>[Calls]<UL><LI><a href="#[ca]">&gt;&gt;</a>&nbsp;&nbsp;&nbsp;TempValueCon
<LI><a href="#[cd]">&gt;&gt;</a>&nbsp;&nbsp;&nbsp;TempT4HeatZone
<LI><a href="#[cc]">&gt;&gt;</a>&nbsp;&nbsp;&nbsp;TempT4CoolZone
<LI><a href="#[ce]">&gt;&gt;</a>&nbsp;&nbsp;&nbsp;TempT2HeatZone
<LI><a href="#[cb]">&gt;&gt;</a>&nbsp;&nbsp;&nbsp;TempT1TSDeltaZone
</UL>
<BR>[Called By]<UL><LI><a href="#[5c]">&gt;&gt;</a>&nbsp;&nbsp;&nbsp;App_Function
</UL>

<P><STRONG><a name="[ac]"></a>DisplayBoard_Byte14_Con</STRONG> (Thumb, 82 bytes, Stack size 0 bytes, cmdin.o(i.DisplayBoard_Byte14_Con))
<BR><BR>[Called By]<UL><LI><a href="#[a2]">&gt;&gt;</a>&nbsp;&nbsp;&nbsp;DisplayBoardCommandCheck
</UL>

<P><STRONG><a name="[c7]"></a>Drv_FourWay</STRONG> (Thumb, 30 bytes, Stack size 8 bytes, fourway.o(i.Drv_FourWay))
<BR><BR>[Stack]<UL><LI>Max Depth = 8<LI>Call Chain = Drv_FourWay
</UL>
<BR>[Calls]<UL><LI><a href="#[cf]">&gt;&gt;</a>&nbsp;&nbsp;&nbsp;GPIOB_SetBit
<LI><a href="#[d0]">&gt;&gt;</a>&nbsp;&nbsp;&nbsp;GPIOB_ResetBit
</UL>
<BR>[Called By]<UL><LI><a href="#[6f]">&gt;&gt;</a>&nbsp;&nbsp;&nbsp;Func_FourWay
</UL>

<P><STRONG><a name="[135]"></a>T16Nx_ClearIFPendingBit</STRONG> (Thumb, 4 bytes, Stack size 0 bytes, lib_timer.o(i.T16Nx_ClearIFPendingBit))
<BR><BR>[Called By]<UL><LI><a href="#[13]">&gt;&gt;</a>&nbsp;&nbsp;&nbsp;T16N0_IRQHandler
</UL>

<P><STRONG><a name="[73]"></a>DisplayBoardTurnOff</STRONG> (Thumb, 372 bytes, Stack size 8 bytes, cmdin.o(i.DisplayBoardTurnOff))
<BR><BR>[Stack]<UL><LI>Max Depth = 8<LI>Call Chain = DisplayBoardTurnOff
</UL>
<BR>[Calls]<UL><LI><a href="#[77]">&gt;&gt;</a>&nbsp;&nbsp;&nbsp;TimerPara_Init
</UL>
<BR>[Called By]<UL><LI><a href="#[80]">&gt;&gt;</a>&nbsp;&nbsp;&nbsp;App_TCLModule_Master_Info
<LI><a href="#[a4]">&gt;&gt;</a>&nbsp;&nbsp;&nbsp;DisplayBoard_Byte6_Con
<LI><a href="#[58]">&gt;&gt;</a>&nbsp;&nbsp;&nbsp;Timer_Run
<LI><a href="#[65]">&gt;&gt;</a>&nbsp;&nbsp;&nbsp;App_Status_BussCheck
</UL>

<P><STRONG><a name="[ad]"></a>DisplayBoard_Byte15_Con</STRONG> (Thumb, 280 bytes, Stack size 4 bytes, cmdin.o(i.DisplayBoard_Byte15_Con))
<BR><BR>[Stack]<UL><LI>Max Depth = 12<LI>Call Chain = DisplayBoard_Byte15_Con &rArr; __ARM_common_switch8
</UL>
<BR>[Calls]<UL><LI><a href="#[5b]">&gt;&gt;</a>&nbsp;&nbsp;&nbsp;__ARM_common_switch8
</UL>
<BR>[Called By]<UL><LI><a href="#[a2]">&gt;&gt;</a>&nbsp;&nbsp;&nbsp;DisplayBoardCommandCheck
</UL>

<P><STRONG><a name="[6d]"></a>Func_Fan</STRONG> (Thumb, 28 bytes, Stack size 8 bytes, fan.o(i.Func_Fan))
<BR><BR>[Stack]<UL><LI>Max Depth = 24<LI>Call Chain = Func_Fan &rArr; App_Fan_InDoor &rArr; __ARM_common_switch8
</UL>
<BR>[Calls]<UL><LI><a href="#[d3]">&gt;&gt;</a>&nbsp;&nbsp;&nbsp;Log_Fan_OutDoor
<LI><a href="#[d2]">&gt;&gt;</a>&nbsp;&nbsp;&nbsp;Log_Fan_InDoor
<LI><a href="#[d5]">&gt;&gt;</a>&nbsp;&nbsp;&nbsp;Drv_Fan_OutDoor
<LI><a href="#[d4]">&gt;&gt;</a>&nbsp;&nbsp;&nbsp;Drv_Fan_InDoor
<LI><a href="#[d1]">&gt;&gt;</a>&nbsp;&nbsp;&nbsp;App_Fan_OutDoor
<LI><a href="#[5a]">&gt;&gt;</a>&nbsp;&nbsp;&nbsp;App_Fan_InDoor
</UL>
<BR>[Called By]<UL><LI><a href="#[5c]">&gt;&gt;</a>&nbsp;&nbsp;&nbsp;App_Function
</UL>

<P><STRONG><a name="[a9]"></a>DisplayBoard_Byte11_Con</STRONG> (Thumb, 492 bytes, Stack size 0 bytes, cmdin.o(i.DisplayBoard_Byte11_Con))
<BR><BR>[Called By]<UL><LI><a href="#[a2]">&gt;&gt;</a>&nbsp;&nbsp;&nbsp;DisplayBoardCommandCheck
</UL>

<P><STRONG><a name="[b5]"></a>DisplayBoard_Byte11_Update</STRONG> (Thumb, 554 bytes, Stack size 0 bytes, cmdout.o(i.DisplayBoard_Byte11_Update))
<BR><BR>[Called By]<UL><LI><a href="#[ae]">&gt;&gt;</a>&nbsp;&nbsp;&nbsp;DisplayBoardCommandUpdate
</UL>

<P><STRONG><a name="[b9]"></a>DisplayBoard_Byte15_Update</STRONG> (Thumb, 86 bytes, Stack size 0 bytes, cmdout.o(i.DisplayBoard_Byte15_Update))
<BR><BR>[Called By]<UL><LI><a href="#[ae]">&gt;&gt;</a>&nbsp;&nbsp;&nbsp;DisplayBoardCommandUpdate
</UL>

<P><STRONG><a name="[ba]"></a>DisplayBoard_Byte16_Update</STRONG> (Thumb, 42 bytes, Stack size 0 bytes, cmdout.o(i.DisplayBoard_Byte16_Update))
<BR><BR>[Called By]<UL><LI><a href="#[ae]">&gt;&gt;</a>&nbsp;&nbsp;&nbsp;DisplayBoardCommandUpdate
</UL>

<P><STRONG><a name="[bb]"></a>DisplayBoard_Byte17_Update</STRONG> (Thumb, 156 bytes, Stack size 0 bytes, cmdout.o(i.DisplayBoard_Byte17_Update))
<BR><BR>[Called By]<UL><LI><a href="#[ae]">&gt;&gt;</a>&nbsp;&nbsp;&nbsp;DisplayBoardCommandUpdate
</UL>

<P><STRONG><a name="[bc]"></a>DisplayBoard_Byte18_Update</STRONG> (Thumb, 204 bytes, Stack size 0 bytes, cmdout.o(i.DisplayBoard_Byte18_Update))
<BR><BR>[Called By]<UL><LI><a href="#[ae]">&gt;&gt;</a>&nbsp;&nbsp;&nbsp;DisplayBoardCommandUpdate
</UL>

<P><STRONG><a name="[bd]"></a>DisplayBoard_Byte19_Update</STRONG> (Thumb, 48 bytes, Stack size 0 bytes, cmdout.o(i.DisplayBoard_Byte19_Update))
<BR><BR>[Called By]<UL><LI><a href="#[ae]">&gt;&gt;</a>&nbsp;&nbsp;&nbsp;DisplayBoardCommandUpdate
</UL>

<P><STRONG><a name="[be]"></a>DisplayBoard_Byte20_Update</STRONG> (Thumb, 66 bytes, Stack size 8 bytes, cmdout.o(i.DisplayBoard_Byte20_Update))
<BR><BR>[Stack]<UL><LI>Max Depth = 8<LI>Call Chain = DisplayBoard_Byte20_Update
</UL>
<BR>[Calls]<UL><LI><a href="#[46]">&gt;&gt;</a>&nbsp;&nbsp;&nbsp;__aeabi_uidivmod
</UL>
<BR>[Called By]<UL><LI><a href="#[ae]">&gt;&gt;</a>&nbsp;&nbsp;&nbsp;DisplayBoardCommandUpdate
</UL>

<P><STRONG><a name="[bf]"></a>DisplayBoard_Byte21_Update</STRONG> (Thumb, 66 bytes, Stack size 8 bytes, cmdout.o(i.DisplayBoard_Byte21_Update))
<BR><BR>[Stack]<UL><LI>Max Depth = 8<LI>Call Chain = DisplayBoard_Byte21_Update
</UL>
<BR>[Calls]<UL><LI><a href="#[46]">&gt;&gt;</a>&nbsp;&nbsp;&nbsp;__aeabi_uidivmod
</UL>
<BR>[Called By]<UL><LI><a href="#[ae]">&gt;&gt;</a>&nbsp;&nbsp;&nbsp;DisplayBoardCommandUpdate
</UL>

<P><STRONG><a name="[c0]"></a>DisplayBoard_Byte22_Update</STRONG> (Thumb, 48 bytes, Stack size 0 bytes, cmdout.o(i.DisplayBoard_Byte22_Update))
<BR><BR>[Called By]<UL><LI><a href="#[ae]">&gt;&gt;</a>&nbsp;&nbsp;&nbsp;DisplayBoardCommandUpdate
</UL>

<P><STRONG><a name="[c1]"></a>DisplayBoard_Byte23_Update</STRONG> (Thumb, 48 bytes, Stack size 0 bytes, cmdout.o(i.DisplayBoard_Byte23_Update))
<BR><BR>[Called By]<UL><LI><a href="#[ae]">&gt;&gt;</a>&nbsp;&nbsp;&nbsp;DisplayBoardCommandUpdate
</UL>

<P><STRONG><a name="[c2]"></a>DisplayBoard_Byte24_Update</STRONG> (Thumb, 54 bytes, Stack size 8 bytes, cmdout.o(i.DisplayBoard_Byte24_Update))
<BR><BR>[Stack]<UL><LI>Max Depth = 8<LI>Call Chain = DisplayBoard_Byte24_Update
</UL>
<BR>[Calls]<UL><LI><a href="#[46]">&gt;&gt;</a>&nbsp;&nbsp;&nbsp;__aeabi_uidivmod
</UL>
<BR>[Called By]<UL><LI><a href="#[ae]">&gt;&gt;</a>&nbsp;&nbsp;&nbsp;DisplayBoardCommandUpdate
</UL>

<P><STRONG><a name="[c3]"></a>DisplayBoard_Byte25_Update</STRONG> (Thumb, 54 bytes, Stack size 8 bytes, cmdout.o(i.DisplayBoard_Byte25_Update))
<BR><BR>[Stack]<UL><LI>Max Depth = 8<LI>Call Chain = DisplayBoard_Byte25_Update
</UL>
<BR>[Calls]<UL><LI><a href="#[46]">&gt;&gt;</a>&nbsp;&nbsp;&nbsp;__aeabi_uidivmod
</UL>
<BR>[Called By]<UL><LI><a href="#[ae]">&gt;&gt;</a>&nbsp;&nbsp;&nbsp;DisplayBoardCommandUpdate
</UL>

<P><STRONG><a name="[c4]"></a>DisplayBoard_Byte26_Update</STRONG> (Thumb, 44 bytes, Stack size 0 bytes, cmdout.o(i.DisplayBoard_Byte26_Update))
<BR><BR>[Called By]<UL><LI><a href="#[ae]">&gt;&gt;</a>&nbsp;&nbsp;&nbsp;DisplayBoardCommandUpdate
</UL>

<P><STRONG><a name="[c5]"></a>DisplayBoard_Byte27_Update</STRONG> (Thumb, 116 bytes, Stack size 0 bytes, cmdout.o(i.DisplayBoard_Byte27_Update))
<BR><BR>[Called By]<UL><LI><a href="#[ae]">&gt;&gt;</a>&nbsp;&nbsp;&nbsp;DisplayBoardCommandUpdate
</UL>

<P><STRONG><a name="[a3]"></a>DisplayBoard_Byte5_Con</STRONG> (Thumb, 492 bytes, Stack size 4 bytes, cmdin.o(i.DisplayBoard_Byte5_Con))
<BR><BR>[Stack]<UL><LI>Max Depth = 12<LI>Call Chain = DisplayBoard_Byte5_Con &rArr; __ARM_common_switch8
</UL>
<BR>[Calls]<UL><LI><a href="#[5b]">&gt;&gt;</a>&nbsp;&nbsp;&nbsp;__ARM_common_switch8
</UL>
<BR>[Called By]<UL><LI><a href="#[a2]">&gt;&gt;</a>&nbsp;&nbsp;&nbsp;DisplayBoardCommandCheck
</UL>

<P><STRONG><a name="[af]"></a>DisplayBoard_Byte5_Update</STRONG> (Thumb, 414 bytes, Stack size 0 bytes, cmdout.o(i.DisplayBoard_Byte5_Update))
<BR><BR>[Called By]<UL><LI><a href="#[ae]">&gt;&gt;</a>&nbsp;&nbsp;&nbsp;DisplayBoardCommandUpdate
</UL>

<P><STRONG><a name="[a4]"></a>DisplayBoard_Byte6_Con</STRONG> (Thumb, 1068 bytes, Stack size 8 bytes, cmdin.o(i.DisplayBoard_Byte6_Con))
<BR><BR>[Stack]<UL><LI>Max Depth = 16<LI>Call Chain = DisplayBoard_Byte6_Con &rArr; DisplayBoardTurnOn
</UL>
<BR>[Calls]<UL><LI><a href="#[81]">&gt;&gt;</a>&nbsp;&nbsp;&nbsp;DisplayBoardTurnOn
<LI><a href="#[73]">&gt;&gt;</a>&nbsp;&nbsp;&nbsp;DisplayBoardTurnOff
</UL>
<BR>[Called By]<UL><LI><a href="#[a2]">&gt;&gt;</a>&nbsp;&nbsp;&nbsp;DisplayBoardCommandCheck
</UL>

<P><STRONG><a name="[b0]"></a>DisplayBoard_Byte6_Update</STRONG> (Thumb, 296 bytes, Stack size 0 bytes, cmdout.o(i.DisplayBoard_Byte6_Update))
<BR><BR>[Called By]<UL><LI><a href="#[ae]">&gt;&gt;</a>&nbsp;&nbsp;&nbsp;DisplayBoardCommandUpdate
</UL>

<P><STRONG><a name="[a5]"></a>DisplayBoard_Byte7_Con</STRONG> (Thumb, 66 bytes, Stack size 0 bytes, cmdin.o(i.DisplayBoard_Byte7_Con))
<BR><BR>[Called By]<UL><LI><a href="#[a2]">&gt;&gt;</a>&nbsp;&nbsp;&nbsp;DisplayBoardCommandCheck
</UL>

<P><STRONG><a name="[b1]"></a>DisplayBoard_Byte7_Update</STRONG> (Thumb, 198 bytes, Stack size 0 bytes, cmdout.o(i.DisplayBoard_Byte7_Update))
<BR><BR>[Called By]<UL><LI><a href="#[ae]">&gt;&gt;</a>&nbsp;&nbsp;&nbsp;DisplayBoardCommandUpdate
</UL>

<P><STRONG><a name="[a6]"></a>DisplayBoard_Byte8_Con</STRONG> (Thumb, 142 bytes, Stack size 0 bytes, cmdin.o(i.DisplayBoard_Byte8_Con))
<BR><BR>[Called By]<UL><LI><a href="#[a2]">&gt;&gt;</a>&nbsp;&nbsp;&nbsp;DisplayBoardCommandCheck
</UL>

<P><STRONG><a name="[b2]"></a>DisplayBoard_Byte8_Update</STRONG> (Thumb, 58 bytes, Stack size 8 bytes, cmdout.o(i.DisplayBoard_Byte8_Update))
<BR><BR>[Stack]<UL><LI>Max Depth = 8<LI>Call Chain = DisplayBoard_Byte8_Update
</UL>
<BR>[Calls]<UL><LI><a href="#[46]">&gt;&gt;</a>&nbsp;&nbsp;&nbsp;__aeabi_uidivmod
</UL>
<BR>[Called By]<UL><LI><a href="#[ae]">&gt;&gt;</a>&nbsp;&nbsp;&nbsp;DisplayBoardCommandUpdate
</UL>

<P><STRONG><a name="[a7]"></a>DisplayBoard_Byte9_Con</STRONG> (Thumb, 142 bytes, Stack size 0 bytes, cmdin.o(i.DisplayBoard_Byte9_Con))
<BR><BR>[Called By]<UL><LI><a href="#[a2]">&gt;&gt;</a>&nbsp;&nbsp;&nbsp;DisplayBoardCommandCheck
</UL>

<P><STRONG><a name="[b3]"></a>DisplayBoard_Byte9_Update</STRONG> (Thumb, 98 bytes, Stack size 0 bytes, cmdout.o(i.DisplayBoard_Byte9_Update))
<BR><BR>[Called By]<UL><LI><a href="#[ae]">&gt;&gt;</a>&nbsp;&nbsp;&nbsp;DisplayBoardCommandUpdate
</UL>

<P><STRONG><a name="[d6]"></a>Drv_Comp</STRONG> (Thumb, 394 bytes, Stack size 16 bytes, comp.o(i.Drv_Comp))
<BR><BR>[Stack]<UL><LI>Max Depth = 32<LI>Call Chain = Drv_Comp &rArr; App_Comp_ProCon &rArr; App_Comp_T1TSDelta
</UL>
<BR>[Calls]<UL><LI><a href="#[d7]">&gt;&gt;</a>&nbsp;&nbsp;&nbsp;App_Comp_T4_OffJudge
<LI><a href="#[4a]">&gt;&gt;</a>&nbsp;&nbsp;&nbsp;App_Comp_ProCon
</UL>
<BR>[Called By]<UL><LI><a href="#[6c]">&gt;&gt;</a>&nbsp;&nbsp;&nbsp;Func_Comp
</UL>

<P><STRONG><a name="[d4]"></a>Drv_Fan_InDoor</STRONG> (Thumb, 1032 bytes, Stack size 8 bytes, fan.o(i.Drv_Fan_InDoor))
<BR><BR>[Stack]<UL><LI>Max Depth = 8<LI>Call Chain = Drv_Fan_InDoor
</UL>
<BR>[Calls]<UL><LI><a href="#[56]">&gt;&gt;</a>&nbsp;&nbsp;&nbsp;TempValueMul10
</UL>
<BR>[Called By]<UL><LI><a href="#[6d]">&gt;&gt;</a>&nbsp;&nbsp;&nbsp;Func_Fan
</UL>

<P><STRONG><a name="[d8]"></a>Drv_StepMotor</STRONG> (Thumb, 108 bytes, Stack size 8 bytes, stepmotor.o(i.Drv_StepMotor))
<BR><BR>[Stack]<UL><LI>Max Depth = 8<LI>Call Chain = Drv_StepMotor
</UL>
<BR>[Calls]<UL><LI><a href="#[cf]">&gt;&gt;</a>&nbsp;&nbsp;&nbsp;GPIOB_SetBit
<LI><a href="#[d0]">&gt;&gt;</a>&nbsp;&nbsp;&nbsp;GPIOB_ResetBit
<LI><a href="#[d9]">&gt;&gt;</a>&nbsp;&nbsp;&nbsp;GPIOA_SetBit
<LI><a href="#[74]">&gt;&gt;</a>&nbsp;&nbsp;&nbsp;GPIOA_ResetBit
</UL>
<BR>[Called By]<UL><LI><a href="#[10b]">&gt;&gt;</a>&nbsp;&nbsp;&nbsp;Log_StepMotor
</UL>

<P><STRONG><a name="[7d]"></a>Drv_Switch_Scan</STRONG> (Thumb, 40 bytes, Stack size 16 bytes, switch.o(i.Drv_Switch_Scan))
<BR><BR>[Stack]<UL><LI>Max Depth = 32<LI>Call Chain = Drv_Switch_Scan &rArr; PortPin_Read
</UL>
<BR>[Calls]<UL><LI><a href="#[db]">&gt;&gt;</a>&nbsp;&nbsp;&nbsp;Switch_Scan
<LI><a href="#[da]">&gt;&gt;</a>&nbsp;&nbsp;&nbsp;PortPin_Read
</UL>
<BR>[Called By]<UL><LI><a href="#[7c]">&gt;&gt;</a>&nbsp;&nbsp;&nbsp;App_Switch
</UL>

<P><STRONG><a name="[c9]"></a>Drv_UVC</STRONG> (Thumb, 30 bytes, Stack size 8 bytes, uvc.o(i.Drv_UVC))
<BR><BR>[Stack]<UL><LI>Max Depth = 8<LI>Call Chain = Drv_UVC
</UL>
<BR>[Calls]<UL><LI><a href="#[d9]">&gt;&gt;</a>&nbsp;&nbsp;&nbsp;GPIOA_SetBit
<LI><a href="#[74]">&gt;&gt;</a>&nbsp;&nbsp;&nbsp;GPIOA_ResetBit
</UL>
<BR>[Called By]<UL><LI><a href="#[69]">&gt;&gt;</a>&nbsp;&nbsp;&nbsp;Func_UVC
</UL>

<P><STRONG><a name="[dc]"></a>Drv_WPMotor</STRONG> (Thumb, 30 bytes, Stack size 8 bytes, wpmotor.o(i.Drv_WPMotor))
<BR><BR>[Stack]<UL><LI>Max Depth = 8<LI>Call Chain = Drv_WPMotor
</UL>
<BR>[Calls]<UL><LI><a href="#[d9]">&gt;&gt;</a>&nbsp;&nbsp;&nbsp;GPIOA_SetBit
<LI><a href="#[74]">&gt;&gt;</a>&nbsp;&nbsp;&nbsp;GPIOA_ResetBit
</UL>
<BR>[Called By]<UL><LI><a href="#[68]">&gt;&gt;</a>&nbsp;&nbsp;&nbsp;Func_WPMotor
</UL>

<P><STRONG><a name="[14c]"></a>F_CRC16</STRONG> (Thumb, 82 bytes, Stack size 16 bytes, uart_app.o(i.F_CRC16))
<BR><BR>[Stack]<UL><LI>Max Depth = 16<LI>Call Chain = F_CRC16
</UL>
<BR>[Called By]<UL><LI><a href="#[14b]">&gt;&gt;</a>&nbsp;&nbsp;&nbsp;app_Rec
<LI><a href="#[14d]">&gt;&gt;</a>&nbsp;&nbsp;&nbsp;send_Three_Data
<LI><a href="#[14e]">&gt;&gt;</a>&nbsp;&nbsp;&nbsp;send_OneSix_Data
</UL>

<P><STRONG><a name="[6c]"></a>Func_Comp</STRONG> (Thumb, 50 bytes, Stack size 8 bytes, comp.o(i.Func_Comp))
<BR><BR>[Stack]<UL><LI>Max Depth = 40<LI>Call Chain = Func_Comp &rArr; Drv_Comp &rArr; App_Comp_ProCon &rArr; App_Comp_T1TSDelta
</UL>
[...]
</UL>
<BR>[Calls]<UL><LI><a href="#[56]">&gt;&gt;</a>&nbsp;&nbsp;&nbsp;TempValueMul10
<LI><a href="#[55]">&gt;&gt;</a>&nbsp;&nbsp;&nbsp;App_Comp_RunHzInitIndex
</UL>
<BR>[Called By]<UL><LI><a href="#[5e]">&gt;&gt;</a>&nbsp;&nbsp;&nbsp;Func_Temprature
</UL>

<P><STRONG><a name="[ce]"></a>TempT2HeatZone</STRONG> (Thumb, 578 bytes, Stack size 12 bytes, tempr.o(i.TempT2HeatZone))
<BR><BR>[Stack]<UL><LI>Max Depth = 12<LI>Call Chain = TempT2HeatZone
</UL>
<BR>[Calls]<UL><LI><a href="#[56]">&gt;&gt;</a>&nbsp;&nbsp;&nbsp;TempValueMul10
</UL>
<BR>[Called By]<UL><LI><a href="#[5e]">&gt;&gt;</a>&nbsp;&nbsp;&nbsp;Func_Temprature
</UL>

<P><STRONG><a name="[cc]"></a>TempT4CoolZone</STRONG> (Thumb, 856 bytes, Stack size 0 bytes, tempr.o(i.TempT4CoolZone))
<BR><BR>[Called By]<UL><LI><a href="#[5e]">&gt;&gt;</a>&nbsp;&nbsp;&nbsp;Func_Temprature
</UL>

<P><STRONG><a name="[cd]"></a>TempT4HeatZone</STRONG> (Thumb, 914 bytes, Stack size 4 bytes, tempr.o(i.TempT4HeatZone))
<BR><BR>[Stack]<UL><LI>Max Depth = 4<LI>Call Chain = TempT4HeatZone
</UL>
<BR>[Called By]<UL><LI><a href="#[5e]">&gt;&gt;</a>&nbsp;&nbsp;&nbsp;Func_Temprature
</UL>

<P><STRONG><a name="[ca]"></a>TempValueCon</STRONG> (Thumb, 316 bytes, Stack size 8 bytes, tempr.o(i.TempValueCon))
<BR><BR>[Stack]<UL><LI>Max Depth = 32<LI>Call Chain = TempValueCon &rArr; TempValueRounding &rArr; __aeabi_idivmod
</UL>
<BR>[Calls]<UL><LI><a href="#[56]">&gt;&gt;</a>&nbsp;&nbsp;&nbsp;TempValueMul10
<LI><a href="#[13d]">&gt;&gt;</a>&nbsp;&nbsp;&nbsp;TempValueRounding
</UL>
<BR>[Called By]<UL><LI><a href="#[5e]">&gt;&gt;</a>&nbsp;&nbsp;&nbsp;Func_Temprature
</UL>

<P><STRONG><a name="[56]"></a>TempValueMul10</STRONG> (Thumb, 14 bytes, Stack size 0 bytes, tempr.o(i.TempValueMul10))
<BR><BR>[Called By]<UL><LI><a href="#[de]">&gt;&gt;</a>&nbsp;&nbsp;&nbsp;Protect_Tp
<LI><a href="#[e0]">&gt;&gt;</a>&nbsp;&nbsp;&nbsp;Protect_T3Cold
<LI><a href="#[df]">&gt;&gt;</a>&nbsp;&nbsp;&nbsp;Protect_T2Cold
<LI><a href="#[67]">&gt;&gt;</a>&nbsp;&nbsp;&nbsp;Defrost_Con
<LI><a href="#[64]">&gt;&gt;</a>&nbsp;&nbsp;&nbsp;App_Status_On
<LI><a href="#[ca]">&gt;&gt;</a>&nbsp;&nbsp;&nbsp;TempValueCon
<LI><a href="#[ce]">&gt;&gt;</a>&nbsp;&nbsp;&nbsp;TempT2HeatZone
<LI><a href="#[cb]">&gt;&gt;</a>&nbsp;&nbsp;&nbsp;TempT1TSDeltaZone
<LI><a href="#[d4]">&gt;&gt;</a>&nbsp;&nbsp;&nbsp;Drv_Fan_InDoor
<LI><a href="#[5a]">&gt;&gt;</a>&nbsp;&nbsp;&nbsp;App_Fan_InDoor
<LI><a href="#[dd]">&gt;&gt;</a>&nbsp;&nbsp;&nbsp;Log_Comp
<LI><a href="#[4b]">&gt;&gt;</a>&nbsp;&nbsp;&nbsp;App_Comp_T1TSDelta
<LI><a href="#[55]">&gt;&gt;</a>&nbsp;&nbsp;&nbsp;App_Comp_RunHzInitIndex
</UL>

<P><STRONG><a name="[13d]"></a>TempValueRounding</STRONG> (Thumb, 98 bytes, Stack size 16 bytes, tempr.o(i.TempValueRounding))
<BR><BR>[Stack]<UL><LI>Max Depth = 24<LI>Call Chain = TempValueRounding &rArr; __aeabi_idivmod
</UL>
<BR>[Calls]<UL><LI><a href="#[84]">&gt;&gt;</a>&nbsp;&nbsp;&nbsp;__aeabi_idivmod
</UL>
<BR>[Called By]<UL><LI><a href="#[ca]">&gt;&gt;</a>&nbsp;&nbsp;&nbsp;TempValueCon
</UL>

<P><STRONG><a name="[77]"></a>TimerPara_Init</STRONG> (Thumb, 12 bytes, Stack size 0 bytes, timer.o(i.TimerPara_Init))
<BR><BR>[Called By]<UL><LI><a href="#[81]">&gt;&gt;</a>&nbsp;&nbsp;&nbsp;DisplayBoardTurnOn
<LI><a href="#[73]">&gt;&gt;</a>&nbsp;&nbsp;&nbsp;DisplayBoardTurnOff
<LI><a href="#[62]">&gt;&gt;</a>&nbsp;&nbsp;&nbsp;App_Status_Init
</UL>

<P><STRONG><a name="[59]"></a>TimerUVC_Run</STRONG> (Thumb, 24 bytes, Stack size 0 bytes, uvc.o(i.TimerUVC_Run))
<BR><BR>[Called By]<UL><LI><a href="#[57]">&gt;&gt;</a>&nbsp;&nbsp;&nbsp;App_Event_100ms
</UL>

<P><STRONG><a name="[58]"></a>Timer_Run</STRONG> (Thumb, 144 bytes, Stack size 8 bytes, timer.o(i.Timer_Run))
<BR><BR>[Stack]<UL><LI>Max Depth = 16<LI>Call Chain = Timer_Run &rArr; DisplayBoardTurnOn
</UL>
<BR>[Calls]<UL><LI><a href="#[81]">&gt;&gt;</a>&nbsp;&nbsp;&nbsp;DisplayBoardTurnOn
<LI><a href="#[73]">&gt;&gt;</a>&nbsp;&nbsp;&nbsp;DisplayBoardTurnOff
</UL>
<BR>[Called By]<UL><LI><a href="#[57]">&gt;&gt;</a>&nbsp;&nbsp;&nbsp;App_Event_100ms
</UL>

<P><STRONG><a name="[11c]"></a>TimingDelay_Decrement</STRONG> (Thumb, 20 bytes, Stack size 0 bytes, systick.o(i.TimingDelay_Decrement))
<BR><BR>[Called By]<UL><LI><a href="#[a]">&gt;&gt;</a>&nbsp;&nbsp;&nbsp;SysTick_IRQHandler
</UL>

<P><STRONG><a name="[23]"></a>UART0_IRQHandler</STRONG> (Thumb, 8 bytes, Stack size 8 bytes, irqhandler.o(i.UART0_IRQHandler))
<BR><BR>[Stack]<UL><LI>Max Depth = 24<LI>Call Chain = UART0_IRQHandler &rArr; Uart0_Interrupt
</UL>
<BR>[Calls]<UL><LI><a href="#[13e]">&gt;&gt;</a>&nbsp;&nbsp;&nbsp;Uart0_Interrupt
</UL>
<BR>[Address Reference Count : 1]<UL><LI> startup_es8h018x.o(RESET)
</UL>
<P><STRONG><a name="[25]"></a>UART2_IRQHandler</STRONG> (Thumb, 8 bytes, Stack size 8 bytes, irqhandler.o(i.UART2_IRQHandler))
<BR><BR>[Stack]<UL><LI>Max Depth = 16<LI>Call Chain = UART2_IRQHandler &rArr; Uart3_Interrupt_lhh
</UL>
<BR>[Calls]<UL><LI><a href="#[13f]">&gt;&gt;</a>&nbsp;&nbsp;&nbsp;Uart3_Interrupt_lhh
</UL>
<BR>[Address Reference Count : 1]<UL><LI> startup_es8h018x.o(RESET)
</UL>
<P><STRONG><a name="[27]"></a>UART4_IRQHandler</STRONG> (Thumb, 8 bytes, Stack size 8 bytes, irqhandler.o(i.UART4_IRQHandler))
<BR><BR>[Stack]<UL><LI>Max Depth = 24<LI>Call Chain = UART4_IRQHandler &rArr; Uart4_Interrupt
</UL>
<BR>[Calls]<UL><LI><a href="#[140]">&gt;&gt;</a>&nbsp;&nbsp;&nbsp;Uart4_Interrupt
</UL>
<BR>[Address Reference Count : 1]<UL><LI> startup_es8h018x.o(RESET)
</UL>
<P><STRONG><a name="[146]"></a>UART_GetFlagStatus</STRONG> (Thumb, 20 bytes, Stack size 0 bytes, lib_uart.o(i.UART_GetFlagStatus))
<BR><BR>[Called By]<UL><LI><a href="#[140]">&gt;&gt;</a>&nbsp;&nbsp;&nbsp;Uart4_Interrupt
<LI><a href="#[13f]">&gt;&gt;</a>&nbsp;&nbsp;&nbsp;Uart3_Interrupt_lhh
<LI><a href="#[13e]">&gt;&gt;</a>&nbsp;&nbsp;&nbsp;Uart0_Interrupt
</UL>

<P><STRONG><a name="[145]"></a>UART_GetITStatus</STRONG> (Thumb, 18 bytes, Stack size 0 bytes, lib_uart.o(i.UART_GetITStatus))
<BR><BR>[Called By]<UL><LI><a href="#[140]">&gt;&gt;</a>&nbsp;&nbsp;&nbsp;Uart4_Interrupt
<LI><a href="#[13f]">&gt;&gt;</a>&nbsp;&nbsp;&nbsp;Uart3_Interrupt_lhh
<LI><a href="#[13e]">&gt;&gt;</a>&nbsp;&nbsp;&nbsp;Uart0_Interrupt
</UL>

<P><STRONG><a name="[144]"></a>UART_ITConfig</STRONG> (Thumb, 24 bytes, Stack size 0 bytes, lib_uart.o(i.UART_ITConfig))
<BR><BR>[Called By]<UL><LI><a href="#[12d]">&gt;&gt;</a>&nbsp;&nbsp;&nbsp;Uart4_SendPackDeal
<LI><a href="#[12c]">&gt;&gt;</a>&nbsp;&nbsp;&nbsp;Uart0_SendPackDeal
<LI><a href="#[140]">&gt;&gt;</a>&nbsp;&nbsp;&nbsp;Uart4_Interrupt
<LI><a href="#[13f]">&gt;&gt;</a>&nbsp;&nbsp;&nbsp;Uart3_Interrupt_lhh
<LI><a href="#[13e]">&gt;&gt;</a>&nbsp;&nbsp;&nbsp;Uart0_Interrupt
<LI><a href="#[14d]">&gt;&gt;</a>&nbsp;&nbsp;&nbsp;send_Three_Data
<LI><a href="#[14e]">&gt;&gt;</a>&nbsp;&nbsp;&nbsp;send_OneSix_Data
<LI><a href="#[112]">&gt;&gt;</a>&nbsp;&nbsp;&nbsp;Uart4_Config
<LI><a href="#[149]">&gt;&gt;</a>&nbsp;&nbsp;&nbsp;Uart3_Config_lhh
<LI><a href="#[111]">&gt;&gt;</a>&nbsp;&nbsp;&nbsp;Uart0_Config
</UL>

<P><STRONG><a name="[141]"></a>UART_Init</STRONG> (Thumb, 360 bytes, Stack size 24 bytes, lib_uart.o(i.UART_Init))
<BR><BR>[Stack]<UL><LI>Max Depth = 24<LI>Call Chain = UART_Init
</UL>
<BR>[Calls]<UL><LI><a href="#[46]">&gt;&gt;</a>&nbsp;&nbsp;&nbsp;__aeabi_uidivmod
</UL>
<BR>[Called By]<UL><LI><a href="#[112]">&gt;&gt;</a>&nbsp;&nbsp;&nbsp;Uart4_Config
<LI><a href="#[149]">&gt;&gt;</a>&nbsp;&nbsp;&nbsp;Uart3_Config_lhh
<LI><a href="#[111]">&gt;&gt;</a>&nbsp;&nbsp;&nbsp;Uart0_Config
</UL>

<P><STRONG><a name="[143]"></a>UART_RBIMConfig</STRONG> (Thumb, 24 bytes, Stack size 8 bytes, lib_uart.o(i.UART_RBIMConfig))
<BR><BR>[Stack]<UL><LI>Max Depth = 8<LI>Call Chain = UART_RBIMConfig
</UL>
<BR>[Called By]<UL><LI><a href="#[112]">&gt;&gt;</a>&nbsp;&nbsp;&nbsp;Uart4_Config
<LI><a href="#[149]">&gt;&gt;</a>&nbsp;&nbsp;&nbsp;Uart3_Config_lhh
<LI><a href="#[111]">&gt;&gt;</a>&nbsp;&nbsp;&nbsp;Uart0_Config
</UL>

<P><STRONG><a name="[147]"></a>UART_RecByte</STRONG> (Thumb, 6 bytes, Stack size 0 bytes, lib_uart.o(i.UART_RecByte))
<BR><BR>[Called By]<UL><LI><a href="#[140]">&gt;&gt;</a>&nbsp;&nbsp;&nbsp;Uart4_Interrupt
<LI><a href="#[13f]">&gt;&gt;</a>&nbsp;&nbsp;&nbsp;Uart3_Interrupt_lhh
<LI><a href="#[13e]">&gt;&gt;</a>&nbsp;&nbsp;&nbsp;Uart0_Interrupt
</UL>

<P><STRONG><a name="[148]"></a>UART_SendByte</STRONG> (Thumb, 4 bytes, Stack size 0 bytes, lib_uart.o(i.UART_SendByte))
<BR><BR>[Called By]<UL><LI><a href="#[12d]">&gt;&gt;</a>&nbsp;&nbsp;&nbsp;Uart4_SendPackDeal
<LI><a href="#[12c]">&gt;&gt;</a>&nbsp;&nbsp;&nbsp;Uart0_SendPackDeal
<LI><a href="#[140]">&gt;&gt;</a>&nbsp;&nbsp;&nbsp;Uart4_Interrupt
<LI><a href="#[13f]">&gt;&gt;</a>&nbsp;&nbsp;&nbsp;Uart3_Interrupt_lhh
<LI><a href="#[13e]">&gt;&gt;</a>&nbsp;&nbsp;&nbsp;Uart0_Interrupt
</UL>

<P><STRONG><a name="[142]"></a>UART_TBIMConfig</STRONG> (Thumb, 24 bytes, Stack size 8 bytes, lib_uart.o(i.UART_TBIMConfig))
<BR><BR>[Stack]<UL><LI>Max Depth = 8<LI>Call Chain = UART_TBIMConfig
</UL>
<BR>[Called By]<UL><LI><a href="#[112]">&gt;&gt;</a>&nbsp;&nbsp;&nbsp;Uart4_Config
<LI><a href="#[149]">&gt;&gt;</a>&nbsp;&nbsp;&nbsp;Uart3_Config_lhh
<LI><a href="#[111]">&gt;&gt;</a>&nbsp;&nbsp;&nbsp;Uart0_Config
</UL>

<P><STRONG><a name="[111]"></a>Uart0_Config</STRONG> (Thumb, 198 bytes, Stack size 32 bytes, uart_app.o(i.Uart0_Config))
<BR><BR>[Stack]<UL><LI>Max Depth = 72<LI>Call Chain = Uart0_Config &rArr; GPIO_Init &rArr; GPIO_SetFuncxRegFromPin &rArr; __ARM_common_switch8
</UL>
<BR>[Calls]<UL><LI><a href="#[13a]">&gt;&gt;</a>&nbsp;&nbsp;&nbsp;NVIC_Init
<LI><a href="#[9c]">&gt;&gt;</a>&nbsp;&nbsp;&nbsp;GPIO_Init
<LI><a href="#[142]">&gt;&gt;</a>&nbsp;&nbsp;&nbsp;UART_TBIMConfig
<LI><a href="#[143]">&gt;&gt;</a>&nbsp;&nbsp;&nbsp;UART_RBIMConfig
<LI><a href="#[141]">&gt;&gt;</a>&nbsp;&nbsp;&nbsp;UART_Init
<LI><a href="#[144]">&gt;&gt;</a>&nbsp;&nbsp;&nbsp;UART_ITConfig
</UL>
<BR>[Called By]<UL><LI><a href="#[10f]">&gt;&gt;</a>&nbsp;&nbsp;&nbsp;Module_Init_Uart0
</UL>

<P><STRONG><a name="[13e]"></a>Uart0_Interrupt</STRONG> (Thumb, 280 bytes, Stack size 16 bytes, uart.o(i.Uart0_Interrupt))
<BR><BR>[Stack]<UL><LI>Max Depth = 16<LI>Call Chain = Uart0_Interrupt
</UL>
<BR>[Calls]<UL><LI><a href="#[148]">&gt;&gt;</a>&nbsp;&nbsp;&nbsp;UART_SendByte
<LI><a href="#[146]">&gt;&gt;</a>&nbsp;&nbsp;&nbsp;UART_GetFlagStatus
<LI><a href="#[147]">&gt;&gt;</a>&nbsp;&nbsp;&nbsp;UART_RecByte
<LI><a href="#[144]">&gt;&gt;</a>&nbsp;&nbsp;&nbsp;UART_ITConfig
<LI><a href="#[145]">&gt;&gt;</a>&nbsp;&nbsp;&nbsp;UART_GetITStatus
</UL>
<BR>[Called By]<UL><LI><a href="#[23]">&gt;&gt;</a>&nbsp;&nbsp;&nbsp;UART0_IRQHandler
</UL>

<P><STRONG><a name="[12c]"></a>Uart0_SendPackDeal</STRONG> (Thumb, 70 bytes, Stack size 8 bytes, uart.o(i.Uart0_SendPackDeal))
<BR><BR>[Stack]<UL><LI>Max Depth = 8<LI>Call Chain = Uart0_SendPackDeal
</UL>
<BR>[Calls]<UL><LI><a href="#[148]">&gt;&gt;</a>&nbsp;&nbsp;&nbsp;UART_SendByte
<LI><a href="#[144]">&gt;&gt;</a>&nbsp;&nbsp;&nbsp;UART_ITConfig
</UL>
<BR>[Called By]<UL><LI><a href="#[124]">&gt;&gt;</a>&nbsp;&nbsp;&nbsp;Sys_Run_Func1_Per10ms
</UL>

<P><STRONG><a name="[149]"></a>Uart3_Config_lhh</STRONG> (Thumb, 200 bytes, Stack size 32 bytes, uart_app.o(i.Uart3_Config_lhh))
<BR><BR>[Stack]<UL><LI>Max Depth = 72<LI>Call Chain = Uart3_Config_lhh &rArr; GPIO_Init &rArr; GPIO_SetFuncxRegFromPin &rArr; __ARM_common_switch8
</UL>
<BR>[Calls]<UL><LI><a href="#[13a]">&gt;&gt;</a>&nbsp;&nbsp;&nbsp;NVIC_Init
<LI><a href="#[9c]">&gt;&gt;</a>&nbsp;&nbsp;&nbsp;GPIO_Init
<LI><a href="#[142]">&gt;&gt;</a>&nbsp;&nbsp;&nbsp;UART_TBIMConfig
<LI><a href="#[143]">&gt;&gt;</a>&nbsp;&nbsp;&nbsp;UART_RBIMConfig
<LI><a href="#[141]">&gt;&gt;</a>&nbsp;&nbsp;&nbsp;UART_Init
<LI><a href="#[144]">&gt;&gt;</a>&nbsp;&nbsp;&nbsp;UART_ITConfig
</UL>
<BR>[Called By]<UL><LI><a href="#[14a]">&gt;&gt;</a>&nbsp;&nbsp;&nbsp;Uart3_Init
</UL>

<P><STRONG><a name="[14a]"></a>Uart3_Init</STRONG> (Thumb, 48 bytes, Stack size 8 bytes, uart.o(i.Uart3_Init))
<BR><BR>[Stack]<UL><LI>Max Depth = 80<LI>Call Chain = Uart3_Init &rArr; Uart3_Config_lhh &rArr; GPIO_Init &rArr; GPIO_SetFuncxRegFromPin &rArr; __ARM_common_switch8
</UL>
<BR>[Calls]<UL><LI><a href="#[149]">&gt;&gt;</a>&nbsp;&nbsp;&nbsp;Uart3_Config_lhh
</UL>
<BR>[Called By]<UL><LI><a href="#[37]">&gt;&gt;</a>&nbsp;&nbsp;&nbsp;main
</UL>

<P><STRONG><a name="[13f]"></a>Uart3_Interrupt_lhh</STRONG> (Thumb, 214 bytes, Stack size 8 bytes, uart.o(i.Uart3_Interrupt_lhh))
<BR><BR>[Stack]<UL><LI>Max Depth = 8<LI>Call Chain = Uart3_Interrupt_lhh
</UL>
<BR>[Calls]<UL><LI><a href="#[148]">&gt;&gt;</a>&nbsp;&nbsp;&nbsp;UART_SendByte
<LI><a href="#[146]">&gt;&gt;</a>&nbsp;&nbsp;&nbsp;UART_GetFlagStatus
<LI><a href="#[147]">&gt;&gt;</a>&nbsp;&nbsp;&nbsp;UART_RecByte
<LI><a href="#[144]">&gt;&gt;</a>&nbsp;&nbsp;&nbsp;UART_ITConfig
<LI><a href="#[145]">&gt;&gt;</a>&nbsp;&nbsp;&nbsp;UART_GetITStatus
</UL>
<BR>[Called By]<UL><LI><a href="#[25]">&gt;&gt;</a>&nbsp;&nbsp;&nbsp;UART2_IRQHandler
</UL>

<P><STRONG><a name="[112]"></a>Uart4_Config</STRONG> (Thumb, 198 bytes, Stack size 32 bytes, uart_app.o(i.Uart4_Config))
<BR><BR>[Stack]<UL><LI>Max Depth = 72<LI>Call Chain = Uart4_Config &rArr; GPIO_Init &rArr; GPIO_SetFuncxRegFromPin &rArr; __ARM_common_switch8
</UL>
<BR>[Calls]<UL><LI><a href="#[13a]">&gt;&gt;</a>&nbsp;&nbsp;&nbsp;NVIC_Init
<LI><a href="#[9c]">&gt;&gt;</a>&nbsp;&nbsp;&nbsp;GPIO_Init
<LI><a href="#[142]">&gt;&gt;</a>&nbsp;&nbsp;&nbsp;UART_TBIMConfig
<LI><a href="#[143]">&gt;&gt;</a>&nbsp;&nbsp;&nbsp;UART_RBIMConfig
<LI><a href="#[141]">&gt;&gt;</a>&nbsp;&nbsp;&nbsp;UART_Init
<LI><a href="#[144]">&gt;&gt;</a>&nbsp;&nbsp;&nbsp;UART_ITConfig
</UL>
<BR>[Called By]<UL><LI><a href="#[110]">&gt;&gt;</a>&nbsp;&nbsp;&nbsp;Module_Init_Uart4
</UL>

<P><STRONG><a name="[140]"></a>Uart4_Interrupt</STRONG> (Thumb, 274 bytes, Stack size 16 bytes, uart.o(i.Uart4_Interrupt))
<BR><BR>[Stack]<UL><LI>Max Depth = 16<LI>Call Chain = Uart4_Interrupt
</UL>
<BR>[Calls]<UL><LI><a href="#[148]">&gt;&gt;</a>&nbsp;&nbsp;&nbsp;UART_SendByte
<LI><a href="#[146]">&gt;&gt;</a>&nbsp;&nbsp;&nbsp;UART_GetFlagStatus
<LI><a href="#[147]">&gt;&gt;</a>&nbsp;&nbsp;&nbsp;UART_RecByte
<LI><a href="#[144]">&gt;&gt;</a>&nbsp;&nbsp;&nbsp;UART_ITConfig
<LI><a href="#[145]">&gt;&gt;</a>&nbsp;&nbsp;&nbsp;UART_GetITStatus
</UL>
<BR>[Called By]<UL><LI><a href="#[27]">&gt;&gt;</a>&nbsp;&nbsp;&nbsp;UART4_IRQHandler
</UL>

<P><STRONG><a name="[12d]"></a>Uart4_SendPackDeal</STRONG> (Thumb, 70 bytes, Stack size 8 bytes, uart.o(i.Uart4_SendPackDeal))
<BR><BR>[Stack]<UL><LI>Max Depth = 8<LI>Call Chain = Uart4_SendPackDeal
</UL>
<BR>[Calls]<UL><LI><a href="#[148]">&gt;&gt;</a>&nbsp;&nbsp;&nbsp;UART_SendByte
<LI><a href="#[144]">&gt;&gt;</a>&nbsp;&nbsp;&nbsp;UART_ITConfig
</UL>
<BR>[Called By]<UL><LI><a href="#[124]">&gt;&gt;</a>&nbsp;&nbsp;&nbsp;Sys_Run_Func1_Per10ms
</UL>

<P><STRONG><a name="[118]"></a>Write_24C02</STRONG> (Thumb, 128 bytes, Stack size 24 bytes, eep24c02.o(i.Write_24C02))
<BR><BR>[Stack]<UL><LI>Max Depth = 104<LI>Call Chain = Write_24C02 &rArr; IIC_TestAck &rArr; ConfigIO_Output &rArr; GPIO_Init &rArr; GPIO_SetFuncxRegFromPin &rArr; __ARM_common_switch8
</UL>
<BR>[Calls]<UL><LI><a href="#[f2]">&gt;&gt;</a>&nbsp;&nbsp;&nbsp;IIC_TestAck
<LI><a href="#[ef]">&gt;&gt;</a>&nbsp;&nbsp;&nbsp;IIC_Send_Byte
<LI><a href="#[ed]">&gt;&gt;</a>&nbsp;&nbsp;&nbsp;IICM_Stop
<LI><a href="#[eb]">&gt;&gt;</a>&nbsp;&nbsp;&nbsp;IICM_Start
</UL>
<BR>[Called By]<UL><LI><a href="#[117]">&gt;&gt;</a>&nbsp;&nbsp;&nbsp;Remember_WriteEEPara
<LI><a href="#[116]">&gt;&gt;</a>&nbsp;&nbsp;&nbsp;Remember_WriteEEFunc
</UL>

<P><STRONG><a name="[5b]"></a>__ARM_common_switch8</STRONG> (Thumb, 28 bytes, Stack size 8 bytes, lib_gpio.o(i.__ARM_common_switch8))
<BR><BR>[Stack]<UL><LI>Max Depth = 8<LI>Call Chain = __ARM_common_switch8
</UL>
<BR>[Called By]<UL><LI><a href="#[e5]">&gt;&gt;</a>&nbsp;&nbsp;&nbsp;GPIO_SetFuncxRegFromPin
<LI><a href="#[113]">&gt;&gt;</a>&nbsp;&nbsp;&nbsp;PLLClock_Config
<LI><a href="#[123]">&gt;&gt;</a>&nbsp;&nbsp;&nbsp;Sys_Run_Event_Per10ms
<LI><a href="#[11d]">&gt;&gt;</a>&nbsp;&nbsp;&nbsp;Sys_Run_Event_Per100ms
<LI><a href="#[82]">&gt;&gt;</a>&nbsp;&nbsp;&nbsp;App_TCLModule_Slave_Info
<LI><a href="#[80]">&gt;&gt;</a>&nbsp;&nbsp;&nbsp;App_TCLModule_Master_Info
<LI><a href="#[79]">&gt;&gt;</a>&nbsp;&nbsp;&nbsp;App_StepMotor_Run
<LI><a href="#[5c]">&gt;&gt;</a>&nbsp;&nbsp;&nbsp;App_Function
<LI><a href="#[a3]">&gt;&gt;</a>&nbsp;&nbsp;&nbsp;DisplayBoard_Byte5_Con
<LI><a href="#[ad]">&gt;&gt;</a>&nbsp;&nbsp;&nbsp;DisplayBoard_Byte15_Con
<LI><a href="#[7f]">&gt;&gt;</a>&nbsp;&nbsp;&nbsp;App_TCLModule_CtoF
<LI><a href="#[5a]">&gt;&gt;</a>&nbsp;&nbsp;&nbsp;App_Fan_InDoor
</UL>

<P><STRONG><a name="[14b]"></a>app_Rec</STRONG> (Thumb, 540 bytes, Stack size 8 bytes, uart_app.o(i.app_Rec))
<BR><BR>[Stack]<UL><LI>Max Depth = 32<LI>Call Chain = app_Rec &rArr; send_Three_Data &rArr; F_CRC16
</UL>
<BR>[Calls]<UL><LI><a href="#[14d]">&gt;&gt;</a>&nbsp;&nbsp;&nbsp;send_Three_Data
<LI><a href="#[14e]">&gt;&gt;</a>&nbsp;&nbsp;&nbsp;send_OneSix_Data
<LI><a href="#[14c]">&gt;&gt;</a>&nbsp;&nbsp;&nbsp;F_CRC16
</UL>
<BR>[Called By]<UL><LI><a href="#[37]">&gt;&gt;</a>&nbsp;&nbsp;&nbsp;main
</UL>

<P><STRONG><a name="[37]"></a>main</STRONG> (Thumb, 56 bytes, Stack size 0 bytes, main.o(i.main))
<BR><BR>[Stack]<UL><LI>Max Depth = 208<LI>Call Chain = main &rArr; Sys_Run_Event_Per1ms &rArr; Sys_Run_Event_Per10ms &rArr; Sys_Run_Func4_Per10ms &rArr; App_Function &rArr; App_Status_Init &rArr; Remember_ReadEEPara &rArr; Remember_WriteEEPara &rArr; Write_24C02 &rArr; IIC_TestAck &rArr; ConfigIO_Output &rArr; GPIO_Init &rArr; GPIO_SetFuncxRegFromPin &rArr; __ARM_common_switch8
</UL>
<BR>[Calls]<UL><LI><a href="#[14b]">&gt;&gt;</a>&nbsp;&nbsp;&nbsp;app_Rec
<LI><a href="#[14a]">&gt;&gt;</a>&nbsp;&nbsp;&nbsp;Uart3_Init
<LI><a href="#[128]">&gt;&gt;</a>&nbsp;&nbsp;&nbsp;Sys_Run_Event_Per1ms
<LI><a href="#[f7]">&gt;&gt;</a>&nbsp;&nbsp;&nbsp;Init_MCU_Gpio
<LI><a href="#[101]">&gt;&gt;</a>&nbsp;&nbsp;&nbsp;Init_MCU_System
</UL>
<BR>[Called By]<UL><LI><a href="#[36]">&gt;&gt;</a>&nbsp;&nbsp;&nbsp;__rt_entry_main
</UL>

<P><STRONG><a name="[14e]"></a>send_OneSix_Data</STRONG> (Thumb, 76 bytes, Stack size 8 bytes, uart_app.o(i.send_OneSix_Data))
<BR><BR>[Stack]<UL><LI>Max Depth = 24<LI>Call Chain = send_OneSix_Data &rArr; F_CRC16
</UL>
<BR>[Calls]<UL><LI><a href="#[144]">&gt;&gt;</a>&nbsp;&nbsp;&nbsp;UART_ITConfig
<LI><a href="#[14c]">&gt;&gt;</a>&nbsp;&nbsp;&nbsp;F_CRC16
</UL>
<BR>[Called By]<UL><LI><a href="#[14b]">&gt;&gt;</a>&nbsp;&nbsp;&nbsp;app_Rec
</UL>

<P><STRONG><a name="[14d]"></a>send_Three_Data</STRONG> (Thumb, 794 bytes, Stack size 8 bytes, uart_app.o(i.send_Three_Data))
<BR><BR>[Stack]<UL><LI>Max Depth = 24<LI>Call Chain = send_Three_Data &rArr; F_CRC16
</UL>
<BR>[Calls]<UL><LI><a href="#[144]">&gt;&gt;</a>&nbsp;&nbsp;&nbsp;UART_ITConfig
<LI><a href="#[8e]">&gt;&gt;</a>&nbsp;&nbsp;&nbsp;BaseRunTx_Byte5_InDoorRunMode
<LI><a href="#[14c]">&gt;&gt;</a>&nbsp;&nbsp;&nbsp;F_CRC16
</UL>
<BR>[Called By]<UL><LI><a href="#[14b]">&gt;&gt;</a>&nbsp;&nbsp;&nbsp;app_Rec
</UL>
<P>
<H3>
Local Symbols
</H3>
<P><STRONG><a name="[ec]"></a>IICM_Delay</STRONG> (Thumb, 14 bytes, Stack size 0 bytes, eep24c02.o(i.IICM_Delay))
<BR><BR>[Called By]<UL><LI><a href="#[f2]">&gt;&gt;</a>&nbsp;&nbsp;&nbsp;IIC_TestAck
<LI><a href="#[f1]">&gt;&gt;</a>&nbsp;&nbsp;&nbsp;IIC_SetNoAck
<LI><a href="#[f0]">&gt;&gt;</a>&nbsp;&nbsp;&nbsp;IIC_SetAck
<LI><a href="#[ef]">&gt;&gt;</a>&nbsp;&nbsp;&nbsp;IIC_Send_Byte
<LI><a href="#[ee]">&gt;&gt;</a>&nbsp;&nbsp;&nbsp;IIC_Read_Byte
<LI><a href="#[ed]">&gt;&gt;</a>&nbsp;&nbsp;&nbsp;IICM_Stop
<LI><a href="#[eb]">&gt;&gt;</a>&nbsp;&nbsp;&nbsp;IICM_Start
</UL>
<P>
<H3>
Undefined Global Symbols
</H3>
<P><STRONG><a name="[43]"></a>_call_atexit_fns</STRONG> (ARM, 0 bytes, Stack size 0 bytes, UNDEFINED)
<BR><BR>[Called By]<UL><LI><a href="#[38]">&gt;&gt;</a>&nbsp;&nbsp;&nbsp;exit
</UL>
<HR></body></html>
