<html>
<body>
<pre>
<h1>µVision Build Log</h1>
<h2>Tool Versions:</h2>
IDE-Version: ¶ÃVision V5.38.0.0
Copyright (C) 2022 ARM Ltd and ARM Germany GmbH. All rights reserved.
License Information: 1 ∑Î»Òª‘, 1, LIC=9WSKC-7LZ5T-QDAKD-8VC12-LJ2CA-Q26DN
 
Tool Versions:
Toolchain:       MDK-ARM Plus  Version: 5.38.0.0
Toolchain Path:  C:\Keil_v5\ARM\ARMCC\Bin
C Compiler:      Armcc.exe V5.06 update 7 (build 960)
Assembler:       Armasm.exe V5.06 update 7 (build 960)
Linker/Locator:  ArmLink.exe V5.06 update 7 (build 960)
Library Manager: ArmAr.exe V5.06 update 7 (build 960)
Hex Converter:   FromElf.exe V5.06 update 7 (build 960)
CPU DLL:         SARMCM3.DLL V5.38.0.0
Dialog DLL:      DARMCM1.DLL V1.19.6.0
Target DLL:      CMSIS_AGDI.dll V1.33.15.0
Dialog DLL:      TARMCM1.DLL V1.14.6.0
 
<h2>Project:</h2>
D:\data\20_TCLBPYDKT\workplace\TCL_BPYDKT_ES8H0183_WIFI\keil\Project.uvproj
Project File Date:  11/12/2025

<h2>Output:</h2>
*** Using Compiler 'V5.06 update 7 (build 960)', folder: 'C:\Keil_v5\ARM\ARMCC\Bin'
Rebuild target 'Project'
assembling startup_ES8H018x.s...
compiling lib_adc.c...
compiling lib_printf.c...
compiling lib_crc.c...
compiling lib_scs.c...
compiling lib_scu.c...
compiling lib_spi.c...
compiling lib_iap.c...
compiling lib_iic.c...
compiling lib_timer.c...
compiling lib_uart.c...
compiling lib_gpio.c...
compiling lib_wdt.c...
compiling systick.c...
compiling system_es8h018x.c...
compiling Func.c...
compiling irqhandler.c...
compiling main.c...
compiling Init_ES8H018X_EX8H0163.c...
compiling EEP24C02.c...
compiling Ad.c...
compiling Ad_app.c...
compiling Switch.c...
compiling Stepmotor.c...
compiling Stepmotor_app.c...
compiling Swing.c...
compiling Uart.c...
compiling Uart_app.c...
compiling Function.c...
compiling Protect.c...
compiling Remember.c...
..\code\Function\Remember.c(46): warning:  #177-D: variable "i"  was declared but never referenced
  	U8     i, j;
..\code\Function\Remember.c(46): warning:  #177-D: variable "j"  was declared but never referenced
  	U8     i, j;
..\code\Function\Remember.c(48): warning:  #177-D: variable "ChkSumL0"  was declared but never referenced
  	U8     ChkSumL0, ChkSumH0;
..\code\Function\Remember.c(48): warning:  #177-D: variable "ChkSumH0"  was declared but never referenced
  	U8     ChkSumL0, ChkSumH0;
..\code\Function\Remember.c(49): warning:  #177-D: variable "ChkSum"  was declared but never referenced
  	U16    ChkSum;
..\code\Function\Remember.c: 5 warnings, 0 errors
compiling Defrost.c...
compiling CommMotDrv.c...
compiling CommDisp.c...
compiling CmdIn.c...
compiling CmdOut.c...
compiling Comp.c...
compiling Fan.c...
compiling Timer.c...
compiling WaterBox.c...
compiling FourWay.c...
compiling Tempr.c...
compiling WPMotor.c...
compiling UVC.c...
compiling ExpValve.c...
compiling LowPower.c...
compiling EAHeater.c...
compiling DCFan.c...
compiling tWiFi.c...
linking...
Program Size: Code=63492 RO-data=1788 RW-data=144 ZI-data=3648  
FromELF: creating hex file...
".\Objects\CW_BPYDKT_ES8H0183_V.axf" - 0 Error(s), 5 Warning(s).
Build Time Elapsed:  00:00:04
</pre>
</body>
</html>
