Component: ARM Compiler 5.06 update 7 (build 960) Tool: armlink [4d3601]

==============================================================================

Section Cross References

    startup_es8h018x.o(STACK) refers (Special) to heapauxi.o(.text) for __use_two_region_memory
    startup_es8h018x.o(HEAP) refers (Special) to heapauxi.o(.text) for __use_two_region_memory
    startup_es8h018x.o(RESET) refers (Special) to heapauxi.o(.text) for __use_two_region_memory
    startup_es8h018x.o(RESET) refers to startup_es8h018x.o(STACK) for __initial_sp
    startup_es8h018x.o(RESET) refers to startup_es8h018x.o(.text) for Reset_IRQHandler
    startup_es8h018x.o(RESET) refers to irqhandler.o(i.NMI_IRQHandler) for NMI_IRQHandler
    startup_es8h018x.o(RESET) refers to irqhandler.o(i.HardFault_IRQHandler) for HardFault_IRQHandler
    startup_es8h018x.o(RESET) refers to irqhandler.o(i.SVC_IRQHandler) for SVC_IRQHandler
    startup_es8h018x.o(RESET) refers to irqhandler.o(i.PendSV_IRQHandler) for PendSV_IRQHandler
    startup_es8h018x.o(RESET) refers to irqhandler.o(i.SysTick_IRQHandler) for SysTick_IRQHandler
    startup_es8h018x.o(RESET) refers to irqhandler.o(i.T16N0_IRQHandler) for T16N0_IRQHandler
    startup_es8h018x.o(RESET) refers to irqhandler.o(i.UART0_IRQHandler) for UART0_IRQHandler
    startup_es8h018x.o(RESET) refers to irqhandler.o(i.UART2_IRQHandler) for UART2_IRQHandler
    startup_es8h018x.o(RESET) refers to irqhandler.o(i.UART4_IRQHandler) for UART4_IRQHandler
    startup_es8h018x.o(.text) refers (Special) to heapauxi.o(.text) for __use_two_region_memory
    startup_es8h018x.o(.text) refers to system_es8h018x.o(i.SystemInit) for SystemInit
    startup_es8h018x.o(.text) refers to __main.o(!!!main) for __main
    startup_es8h018x.o(.text) refers to startup_es8h018x.o(HEAP) for Heap_Mem
    startup_es8h018x.o(.text) refers to startup_es8h018x.o(STACK) for Stack_Mem
    lib_gpio.o(i.BUZC_Frequence) refers to aeabi_sdiv.o(.text) for __aeabi_uidivmod
    lib_gpio.o(i.BUZC_Frequence) refers to fflti.o(.text) for __aeabi_ui2f
    lib_gpio.o(i.BUZC_Frequence) refers to ffixui.o(.text) for __aeabi_f2uiz
    lib_gpio.o(i.BUZC_Frequence) refers to system_es8h018x.o(.data) for SystemCoreClock
    lib_gpio.o(i.GPIO_Init) refers to lib_gpio.o(i.GPIO_SetSingalTypeFromPin) for GPIO_SetSingalTypeFromPin
    lib_gpio.o(i.GPIO_Init) refers to lib_gpio.o(i.GPIO_SetDirRegFromPin) for GPIO_SetDirRegFromPin
    lib_gpio.o(i.GPIO_Init) refers to lib_gpio.o(i.GPIO_SetFuncxRegFromPin) for GPIO_SetFuncxRegFromPin
    lib_gpio.o(i.GPIO_Init) refers to lib_gpio.o(i.GPIO_SetPUERegFromPin) for GPIO_SetPUERegFromPin
    lib_gpio.o(i.GPIO_Init) refers to lib_gpio.o(i.GPIO_SetPDERegFromPin) for GPIO_SetPDERegFromPin
    lib_gpio.o(i.GPIO_Init) refers to lib_gpio.o(i.GPIO_SetODERegFromPin) for GPIO_SetODERegFromPin
    lib_gpio.o(i.GPIO_Init) refers to lib_gpio.o(i.GPIO_SetDSRegFromPin) for GPIO_SetDSRegFromPin
    lib_gpio.o(i.GPIO_Init) refers to lib_gpio.o(i.GPIO_SetPinType) for GPIO_SetPinType
    lib_gpio.o(i.GPIO_Init) refers to lib_gpio.o(i.GPIO_SetPinFLT) for GPIO_SetPinFLT
    lib_gpio.o(i.GPIO_SetFuncxRegFromPin) refers to lib_gpio.o(i.__ARM_common_switch8) for __ARM_common_switch8
    lib_iic.o(i.I2C_Init) refers to aeabi_sdiv.o(.text) for __aeabi_uidivmod
    lib_iic.o(i.I2C_Init) refers to system_es8h018x.o(.data) for SystemCoreClock
    lib_printf.o(i.fputc) refers to lib_uart.o(i.UART_SendByte) for UART_SendByte
    lib_printf.o(i.fputc) refers to lib_uart.o(i.UART_GetFlagStatus) for UART_GetFlagStatus
    lib_printf.o(i.fputc) refers to lib_uart.o(i.UART_ClearITPendingBit) for UART_ClearITPendingBit
    lib_scu.o(i.PLLClock_Config) refers to lib_gpio.o(i.__ARM_common_switch8) for __ARM_common_switch8
    lib_scu.o(i.SystemClockConfig) refers to lib_scu.o(i.SCU_HRCReadyFlag) for SCU_HRCReadyFlag
    lib_scu.o(i.SystemClockConfig) refers to lib_scu.o(i.SCU_SysClkSelect) for SCU_SysClkSelect
    lib_scu.o(i.SystemClockConfig) refers to system_es8h018x.o(.data) for SystemCoreClock
    lib_scu.o(i.SystemClockSelect) refers to lib_scu.o(i.SCU_HRCReadyFlag) for SCU_HRCReadyFlag
    lib_scu.o(i.SystemClockSelect) refers to lib_scu.o(i.SCU_XTALReadyFlag) for SCU_XTALReadyFlag
    lib_spi.o(i.SPI_Init) refers to aeabi_sdiv.o(.text) for __aeabi_uidivmod
    lib_spi.o(i.SPI_Init) refers to system_es8h018x.o(.data) for SystemCoreClock
    lib_timer.o(i.T16Nx_PWMOutConfig) refers to lib_timer.o(i.T16Nx_PWM_MATBUFUP_Enable) for T16Nx_PWM_MATBUFUP_Enable
    lib_uart.o(i.UART_Init) refers to aeabi_sdiv.o(.text) for __aeabi_uidivmod
    lib_uart.o(i.UART_Init) refers to system_es8h018x.o(.data) for SystemCoreClock
    lib_wdt.o(i.IWDT_Init) refers to aeabi_sdiv.o(.text) for __aeabi_uidivmod
    lib_wdt.o(i.IWDT_Init) refers to system_es8h018x.o(.data) for SystemCoreClock
    lib_wdt.o(i.WWDT_Init) refers to aeabi_sdiv.o(.text) for __aeabi_uidivmod
    lib_wdt.o(i.WWDT_Init) refers to system_es8h018x.o(.data) for SystemCoreClock
[...]
    __rt_lib_init_getenv_1                   0x0000013f   Thumb Code     0  libinit2.o(.ARM.Collect$$libinit$$00000023)
    __rt_lib_init_heap_1                     0x0000013f   Thumb Code     0  libinit2.o(.ARM.Collect$$libinit$$0000000A)
    __rt_lib_init_lc_collate_1               0x0000013f   Thumb Code     0  libinit2.o(.ARM.Collect$$libinit$$00000011)
    __rt_lib_init_lc_ctype_1                 0x0000013f   Thumb Code     0  libinit2.o(.ARM.Collect$$libinit$$00000013)
    __rt_lib_init_lc_monetary_1              0x0000013f   Thumb Code     0  libinit2.o(.ARM.Collect$$libinit$$00000015)
    __rt_lib_init_lc_numeric_1               0x0000013f   Thumb Code     0  libinit2.o(.ARM.Collect$$libinit$$00000017)
    __rt_lib_init_lc_time_1                  0x0000013f   Thumb Code     0  libinit2.o(.ARM.Collect$$libinit$$00000019)
    __rt_lib_init_preinit_1                  0x0000013f   Thumb Code     0  libinit2.o(.ARM.Collect$$libinit$$00000004)
    __rt_lib_init_rand_1                     0x0000013f   Thumb Code     0  libinit2.o(.ARM.Collect$$libinit$$0000000E)
    __rt_lib_init_return                     0x0000013f   Thumb Code     0  libinit2.o(.ARM.Collect$$libinit$$00000033)
    __rt_lib_init_signal_1                   0x0000013f   Thumb Code     0  libinit2.o(.ARM.Collect$$libinit$$0000001D)
    __rt_lib_init_stdio_1                    0x0000013f   Thumb Code     0  libinit2.o(.ARM.Collect$$libinit$$00000025)
    __rt_lib_init_user_alloc_1               0x0000013f   Thumb Code     0  libinit2.o(.ARM.Collect$$libinit$$0000000C)
    __rt_lib_shutdown                        0x00000141   Thumb Code     0  libshutdown.o(.ARM.Collect$$libshutdown$$00000000)
    __rt_lib_shutdown_cpp_1                  0x00000143   Thumb Code     0  libshutdown2.o(.ARM.Collect$$libshutdown$$00000004)
    __rt_lib_shutdown_fini_1                 0x00000143   Thumb Code     0  libshutdown2.o(.ARM.Collect$$libshutdown$$00000002)
    __rt_lib_shutdown_fp_trap_1              0x00000143   Thumb Code     0  libshutdown2.o(.ARM.Collect$$libshutdown$$00000009)
    __rt_lib_shutdown_heap_1                 0x00000143   Thumb Code     0  libshutdown2.o(.ARM.Collect$$libshutdown$$00000011)
    __rt_lib_shutdown_return                 0x00000143   Thumb Code     0  libshutdown2.o(.ARM.Collect$$libshutdown$$00000012)
    __rt_lib_shutdown_signal_1               0x00000143   Thumb Code     0  libshutdown2.o(.ARM.Collect$$libshutdown$$0000000C)
    __rt_lib_shutdown_stdio_1                0x00000143   Thumb Code     0  libshutdown2.o(.ARM.Collect$$libshutdown$$00000006)
    __rt_lib_shutdown_user_alloc_1           0x00000143   Thumb Code     0  libshutdown2.o(.ARM.Collect$$libshutdown$$0000000E)
    __rt_entry                               0x00000145   Thumb Code     0  __rtentry.o(.ARM.Collect$$rtentry$$00000000)
    __rt_entry_presh_1                       0x00000145   Thumb Code     0  __rtentry2.o(.ARM.Collect$$rtentry$$00000002)
    __rt_entry_sh                            0x00000145   Thumb Code     0  __rtentry4.o(.ARM.Collect$$rtentry$$00000004)
    __rt_entry_li                            0x0000014b   Thumb Code     0  __rtentry2.o(.ARM.Collect$$rtentry$$0000000A)
    __rt_entry_postsh_1                      0x0000014b   Thumb Code     0  __rtentry2.o(.ARM.Collect$$rtentry$$00000009)
    __rt_entry_main                          0x0000014f   Thumb Code     0  __rtentry2.o(.ARM.Collect$$rtentry$$0000000D)
    __rt_entry_postli_1                      0x0000014f   Thumb Code     0  __rtentry2.o(.ARM.Collect$$rtentry$$0000000C)
    __rt_exit                                0x00000157   Thumb Code     0  rtexit.o(.ARM.Collect$$rtexit$$00000000)
    __rt_exit_ls                             0x00000159   Thumb Code     0  rtexit2.o(.ARM.Collect$$rtexit$$00000003)
    __rt_exit_prels_1                        0x00000159   Thumb Code     0  rtexit2.o(.ARM.Collect$$rtexit$$00000002)
    __rt_exit_exit                           0x0000015d   Thumb Code     0  rtexit2.o(.ARM.Collect$$rtexit$$00000004)
    __aeabi_memcpy4                          0x00000165   Thumb Code    56  rt_memcpy.o(.emb_text)
    __aeabi_memcpy8                          0x00000165   Thumb Code     0  rt_memcpy.o(.emb_text)
    Reset_IRQHandler                         0x0000019d   Thumb Code     8  startup_es8h018x.o(.text)
    ADC_IRQHandler                           0x000001af   Thumb Code     0  startup_es8h018x.o(.text)
    CCM_LVD_PLK_IRQHandler                   0x000001af   Thumb Code     0  startup_es8h018x.o(.text)
    I2C0_IRQHandler                          0x000001af   Thumb Code     0  startup_es8h018x.o(.text)
    IWDT_IRQHandler                          0x000001af   Thumb Code     0  startup_es8h018x.o(.text)
    KINT_IRQHandler                          0x000001af   Thumb Code     0  startup_es8h018x.o(.text)
    PINT0_IRQHandler                         0x000001af   Thumb Code     0  startup_es8h018x.o(.text)
    PINT10_IRQHandler                        0x000001af   Thumb Code     0  startup_es8h018x.o(.text)
    PINT11_IRQHandler                        0x000001af   Thumb Code     0  startup_es8h018x.o(.text)
    PINT1_IRQHandler                         0x000001af   Thumb Code     0  startup_es8h018x.o(.text)
    PINT2_IRQHandler                         0x000001af   Thumb Code     0  startup_es8h018x.o(.text)
    PINT3_IRQHandler                         0x000001af   Thumb Code     0  startup_es8h018x.o(.text)
    PINT4_IRQHandler                         0x000001af   Thumb Code     0  startup_es8h018x.o(.text)
    PINT5_IRQHandler                         0x000001af   Thumb Code     0  startup_es8h018x.o(.text)
    PINT6_IRQHandler                         0x000001af   Thumb Code     0  startup_es8h018x.o(.text)
    PINT7_IRQHandler                         0x000001af   Thumb Code     0  startup_es8h018x.o(.text)
    PINT8_IRQHandler                         0x000001af   Thumb Code     0  startup_es8h018x.o(.text)
    PINT9_IRQHandler                         0x000001af   Thumb Code     0  startup_es8h018x.o(.text)
    SPI0_IRQHandler                          0x000001af   Thumb Code     0  startup_es8h018x.o(.text)
    T16N1_IRQHandler                         0x000001af   Thumb Code     0  startup_es8h018x.o(.text)
    T16N2_IRQHandler                         0x000001af   Thumb Code     0  startup_es8h018x.o(.text)
    T16N3_IRQHandler                         0x000001af   Thumb Code     0  startup_es8h018x.o(.text)
    T16N4_IRQHandler                         0x000001af   Thumb Code     0  startup_es8h018x.o(.text)
    T16N5_IRQHandler                         0x000001af   Thumb Code     0  startup_es8h018x.o(.text)
    T32N0_IRQHandler                         0x000001af   Thumb Code     0  startup_es8h018x.o(.text)
    UART1_IRQHandler                         0x000001af   Thumb Code     0  startup_es8h018x.o(.text)
    UART3_IRQHandler                         0x000001af   Thumb Code     0  startup_es8h018x.o(.text)
    UART5_IRQHandler                         0x000001af   Thumb Code     0  startup_es8h018x.o(.text)
    WWDT_IRQHandler                          0x000001af   Thumb Code     0  startup_es8h018x.o(.text)
    __user_initial_stackheap                 0x000001b1   Thumb Code     0  startup_es8h018x.o(.text)
    _memset_w                                0x000001d1   Thumb Code    26  rt_memclr.o(.text)
    _memset                                  0x000001eb   Thumb Code    30  rt_memclr.o(.text)
    __aeabi_memclr                           0x00000209   Thumb Code     4  rt_memclr.o(.text)
    __rt_memclr                              0x00000209   Thumb Code     0  rt_memclr.o(.text)
    __aeabi_memclr4                          0x0000020d   Thumb Code     0  rt_memclr.o(.text)
    __aeabi_memclr8                          0x0000020d   Thumb Code     0  rt_memclr.o(.text)
    __rt_memclr_w                            0x0000020d   Thumb Code     4  rt_memclr.o(.text)
    __aeabi_uidiv                            0x00000211   Thumb Code     0  aeabi_sdiv.o(.text)
    __aeabi_uidivmod                         0x00000211   Thumb Code    20  aeabi_sdiv.o(.text)
    __aeabi_idiv                             0x00000225   Thumb Code     0  aeabi_sdiv.o(.text)
    __aeabi_idivmod                          0x00000225   Thumb Code   326  aeabi_sdiv.o(.text)
    __use_two_region_memory                  0x0000036b   Thumb Code     2  heapauxi.o(.text)
    __rt_heap_escrow$2region                 0x0000036d   Thumb Code     2  heapauxi.o(.text)
    __rt_heap_expand$2region                 0x0000036f   Thumb Code     2  heapauxi.o(.text)
    __user_setup_stackheap                   0x00000371   Thumb Code    62  sys_stackheap_outer.o(.text)
    exit                                     0x000003af   Thumb Code    16  exit.o(.text)
    __user_libspace                          0x000003c1   Thumb Code     8  libspace.o(.text)
    __user_perproc_libspace                  0x000003c1   Thumb Code     0  libspace.o(.text)
    __user_perthread_libspace                0x000003c1   Thumb Code     0  libspace.o(.text)
    _sys_exit                                0x000003c9   Thumb Code     8  sys_exit.o(.text)
    __I$use$semihosting                      0x000003d5   Thumb Code     0  use_no_semi.o(.text)
    __use_no_semihosting_swi                 0x000003d5   Thumb Code     2  use_no_semi.o(.text)
    __semihosting_library_function           0x000003d7   Thumb Code     0  indicate_semi.o(.text)
    ADC_ClearIFStatus                        0x000003d9   Thumb Code    10  lib_adc.o(i.ADC_ClearIFStatus)
    ADC_GetConvStatus                        0x000003e9   Thumb Code    22  lib_adc.o(i.ADC_GetConvStatus)
    ADC_GetConvValue                         0x00000405   Thumb Code    92  lib_adc.o(i.ADC_GetConvValue)
    ADC_Init                                 0x00000465   Thumb Code   246  lib_adc.o(i.ADC_Init)
    App_ADCGetTemperature                    0x00000561   Thumb Code   228  ad_app.o(i.App_ADCGetTemperature)
    App_ADCLookupTemperatureTable            0x00000655   Thumb Code   154  ad_app.o(i.App_ADCLookupTemperatureTable)
    App_AdValueDiffer_Check                  0x00000715   Thumb Code    64  ad_app.o(i.App_AdValueDiffer_Check)
    App_Comp_AntiDew                         0x0000075d   Thumb Code    32  comp.o(i.App_Comp_AntiDew)
    App_Comp_ForceFun                        0x00000785   Thumb Code    64  comp.o(i.App_Comp_ForceFun)
    App_Comp_InDoorFan                       0x000007d9   Thumb Code   256  comp.o(i.App_Comp_InDoorFan)
    App_Comp_PerTest                         0x000008ed   Thumb Code   230  comp.o(i.App_Comp_PerTest)
    App_Comp_ProCon                          0x000009e9   Thumb Code   914  comp.o(i.App_Comp_ProCon)
    App_Comp_RunHzInitIndex                  0x00000d95   Thumb Code   536  comp.o(i.App_Comp_RunHzInitIndex)
    App_Comp_Sleep                           0x00000fc9   Thumb Code    98  comp.o(i.App_Comp_Sleep)
    App_Comp_T1TSDelta                       0x00001039   Thumb Code  1076  comp.o(i.App_Comp_T1TSDelta)
    App_Comp_T2Heat                          0x00001471   Thumb Code   326  comp.o(i.App_Comp_T2Heat)
    App_Comp_T4                              0x000015d1   Thumb Code  1170  comp.o(i.App_Comp_T4)
    App_Comp_T4_OffJudge                     0x00001a71   Thumb Code   536  comp.o(i.App_Comp_T4_OffJudge)
    App_Comp_WatFull                         0x00001c9d   Thumb Code    54  comp.o(i.App_Comp_WatFull)
    App_Event_100ms                          0x00001cdd   Thumb Code  1184  function.o(i.App_Event_100ms)
    App_Event_10ms                           0x0000218d   Thumb Code     2  function.o(i.App_Event_10ms)
    App_Fan_InDoor                           0x00002191   Thumb Code  1604  fan.o(i.App_Fan_InDoor)
    App_Fan_OutDoor                          0x000027f9   Thumb Code   404  fan.o(i.App_Fan_OutDoor)
    App_Function                             0x000029a5   Thumb Code   116  function.o(i.App_Function)
    App_LookUpTemperature                    0x00002a1d   Thumb Code   320  ad_app.o(i.App_LookUpTemperature)
    App_NTC_Check                            0x00002b7d   Thumb Code   180  ad_app.o(i.App_NTC_Check)
    App_Status_BussCheck                     0x00002c49   Thumb Code   442  function.o(i.App_Status_BussCheck)
    App_Status_Init                          0x00002e2d   Thumb Code   424  function.o(i.App_Status_Init)
    App_Status_Off                           0x00002fe9   Thumb Code   206  function.o(i.App_Status_Off)
    App_Status_On                            0x000030dd   Thumb Code  4334  function.o(i.App_Status_On)
    App_Status_SelCheck                      0x000041d1   Thumb Code     2  function.o(i.App_Status_SelCheck)
    App_StepMotor_Run                        0x000041d5   Thumb Code   436  stepmotor_app.o(i.App_StepMotor_Run)
    App_Switch                               0x000043a5   Thumb Code    50  switch.o(i.App_Switch)
    App_TCLModule_CtoF                       0x000043e1   Thumb Code   178  twifi.o(i.App_TCLModule_CtoF)
    App_TCLModule_Fadd1                      0x00004499   Thumb Code    72  twifi.o(i.App_TCLModule_Fadd1)
    App_TCLModule_Master_Info                0x000044e1   Thumb Code  1310  twifi.o(i.App_TCLModule_Master_Info)
    App_TCLModule_Slave_Info                 0x00004a19   Thumb Code  3582  twifi.o(i.App_TCLModule_Slave_Info)
    App_Uart0_Read_Frame                     0x0000583d   Thumb Code   440  uart_app.o(i.App_Uart0_Read_Frame)
    App_Uart0_Write_Frame                    0x00005a09   Thumb Code   222  uart_app.o(i.App_Uart0_Write_Frame)
    App_Uart4_Read_Frame                     0x00005afd   Thumb Code   504  uart_app.o(i.App_Uart4_Read_Frame)
    App_Uart4_Write_Frame                    0x00005d0d   Thumb Code   228  uart_app.o(i.App_Uart4_Write_Frame)
    BaseRunTx_Byte10_InDoorProtect1          0x00005e0d   Thumb Code   208  commmotdrv.o(i.BaseRunTx_Byte10_InDoorProtect1)
    BaseRunTx_Byte11_InDoorProtect2          0x00005efd   Thumb Code   148  commmotdrv.o(i.BaseRunTx_Byte11_InDoorProtect2)
    BaseRunTx_Byte12_InDoorProtect3          0x00005f99   Thumb Code   292  commmotdrv.o(i.BaseRunTx_Byte12_InDoorProtect3)
    BaseRunTx_Byte13_InDoorFanSpeedDiv10     0x000060cd   Thumb Code    16  commmotdrv.o(i.BaseRunTx_Byte13_InDoorFanSpeedDiv10)
    BaseRunTx_Byte14_TempCoil1               0x000060e1   Thumb Code    68  commmotdrv.o(i.BaseRunTx_Byte14_TempCoil1)
    BaseRunTx_Byte15_TempCoil2               0x0000612d   Thumb Code    68  commmotdrv.o(i.BaseRunTx_Byte15_TempCoil2)
    BaseRunTx_Byte16_TempExhaust             0x00006179   Thumb Code    46  commmotdrv.o(i.BaseRunTx_Byte16_TempExhaust)
    BaseRunTx_Byte17_InDoorStatus            0x000061ad   Thumb Code   346  commmotdrv.o(i.BaseRunTx_Byte17_InDoorStatus)
    BaseRunTx_Byte5_InDoorRunMode            0x00006319   Thumb Code   172  commmotdrv.o(i.BaseRunTx_Byte5_InDoorRunMode)
    BaseRunTx_Byte6_OutDoorTargetFreq        0x000063d1   Thumb Code     6  commmotdrv.o(i.BaseRunTx_Byte6_OutDoorTargetFreq)
    BaseRunTx_Byte7_OutDoorTargetFreqDotMul60 0x000063dd   Thumb Code    68  commmotdrv.o(i.BaseRunTx_Byte7_OutDoorTargetFreqDotMul60)
    BaseRunTx_Byte8_InDoorTempSet            0x00006429   Thumb Code    26  commmotdrv.o(i.BaseRunTx_Byte8_InDoorTempSet)
    BaseRunTx_Byte9_InDoorTemp               0x0000644d   Thumb Code    68  commmotdrv.o(i.BaseRunTx_Byte9_InDoorTemp)
    Case_StepMotor_Pause                     0x00006499   Thumb Code    32  stepmotor_app.o(i.Case_StepMotor_Pause)
    Case_StepMotor_StepTime                  0x000064c1   Thumb Code    36  stepmotor_app.o(i.Case_StepMotor_StepTime)
    CommDisp_Check8                          0x000064e9   Thumb Code    34  commdisp.o(i.CommDisp_Check8)
    CommMotDrv_BaseRunRx                     0x0000650d   Thumb Code   750  commmotdrv.o(i.CommMotDrv_BaseRunRx)
    CommMotDrv_BaseRunTx                     0x0000681d   Thumb Code   132  commmotdrv.o(i.CommMotDrv_BaseRunTx)
    CommMotDrv_Con                           0x000068a5   Thumb Code   442  commmotdrv.o(i.CommMotDrv_Con)
    CommMotDrv_InfoCon                       0x00006a65   Thumb Code    62  commmotdrv.o(i.CommMotDrv_InfoCon)
    CommMotDrv_ReqSetRx                      0x00006ab1   Thumb Code   116  commmotdrv.o(i.CommMotDrv_ReqSetRx)
    CommMotDrv_ReqSetTx                      0x00006b29   Thumb Code   142  commmotdrv.o(i.CommMotDrv_ReqSetTx)
    ConfigIO_Input                           0x00006bc1   Thumb Code    28  init_es8h018x_ex8h0163.o(i.ConfigIO_Input)
    ConfigIO_Output                          0x00006bdd   Thumb Code    26  init_es8h018x_ex8h0163.o(i.ConfigIO_Output)
    ConfigIO_PullUpDisable                   0x00006bf7   Thumb Code    18  init_es8h018x_ex8h0163.o(i.ConfigIO_PullUpDisable)
    ConfigIO_PullUpEnable                    0x00006c09   Thumb Code    18  init_es8h018x_ex8h0163.o(i.ConfigIO_PullUpEnable)
    Defrost_Init                             0x00006c1d   Thumb Code    12  defrost.o(i.Defrost_Init)
    DeviceClockAllEnable                     0x00006c2d   Thumb Code    44  lib_scu.o(i.DeviceClockAllEnable)
    DisplayBoardCommandCheck                 0x00006c61   Thumb Code   312  cmdin.o(i.DisplayBoardCommandCheck)
    DisplayBoardCommandUpdate                0x00006db1   Thumb Code   346  cmdout.o(i.DisplayBoardCommandUpdate)
    DisplayBoardTurnOn                       0x00006f15   Thumb Code    78  cmdin.o(i.DisplayBoardTurnOn)
    DisplayBoard_Byte12_Con                  0x00006f8d   Thumb Code    30  cmdin.o(i.DisplayBoard_Byte12_Con)
    DisplayBoard_Byte12_Update               0x00006fb5   Thumb Code    48  cmdout.o(i.DisplayBoard_Byte12_Update)
    Drv_Fan_OutDoor                          0x00006ff1   Thumb Code     2  fan.o(i.Drv_Fan_OutDoor)
    Func_FourWay                             0x00006ff3   Thumb Code    12  fourway.o(i.Func_FourWay)
    NMI_IRQHandler                           0x00006fff   Thumb Code     2  irqhandler.o(i.NMI_IRQHandler)
    U8_ad_channel_table                      0x00007000   Data           4  ad.o(.ARM.__AT_0x00007000)
    Defrost_Con                              0x00007005   Thumb Code  1128  defrost.o(i.Defrost_Con)
    DisplayBoard_Byte10_Con                  0x0000747d   Thumb Code   158  cmdin.o(i.DisplayBoard_Byte10_Con)
    DisplayBoard_Byte10_Update               0x00007535   Thumb Code   172  cmdout.o(i.DisplayBoard_Byte10_Update)
    Func_UVC                                 0x000075f1   Thumb Code    12  uvc.o(i.Func_UVC)
    HardFault_IRQHandler                     0x000075fd   Thumb Code     4  irqhandler.o(i.HardFault_IRQHandler)
    U16_adc_temproom_table                   0x00007600   Data         504  ad_app.o(.ARM.__AT_0x00007600)
    DisplayBoard_Byte13_Con                  0x000077f9   Thumb Code    30  cmdin.o(i.DisplayBoard_Byte13_Con)
    DisplayBoard_Byte13_Update               0x00007825   Thumb Code    48  cmdout.o(i.DisplayBoard_Byte13_Update)
    Func_Fan                                 0x00007861   Thumb Code    28  fan.o(i.Func_Fan)
    PendSV_IRQHandler                        0x0000787d   Thumb Code     2  irqhandler.o(i.PendSV_IRQHandler)
    Remember_EE_Dat_Init                     0x0000787f   Thumb Code     2  remember.o(i.Remember_EE_Dat_Init)
    U16_adc_tempcoil_table                   0x00007880   Data         504  ad_app.o(.ARM.__AT_0x00007880)
    DisplayBoard_Byte14_Con                  0x00007a79   Thumb Code    82  cmdin.o(i.DisplayBoard_Byte14_Con)
    Drv_FourWay                              0x00007ad9   Thumb Code    30  fourway.o(i.Drv_FourWay)
    SVC_IRQHandler                           0x00007afd   Thumb Code     2  irqhandler.o(i.SVC_IRQHandler)
    Sys_Run_Func4_Per100ms                   0x00007aff   Thumb Code     2  func.o(i.Sys_Run_Func4_Per100ms)
    U16_adc_tempexhaust_table                0x00007b00   Data         544  ad_app.o(.ARM.__AT_0x00007B00)
    DisplayBoardTurnOff                      0x00007d21   Thumb Code   372  cmdin.o(i.DisplayBoardTurnOff)
    DisplayBoard_Byte14_Update               0x00007ebd   Thumb Code    42  cmdout.o(i.DisplayBoard_Byte14_Update)
    DisplayBoard_Byte15_Con                  0x00007ef1   Thumb Code   222  cmdin.o(i.DisplayBoard_Byte15_Con)
    Func_Temprature                          0x00007fe1   Thumb Code    24  tempr.o(i.Func_Temprature)
    SysTick_IRQHandler                       0x00007ff9   Thumb Code     8  irqhandler.o(i.SysTick_IRQHandler)
    U8_stepmotor_CW_table                    0x00008000   Data           8  stepmotor.o(.ARM.__AT_0x00008000)
    DisplayBoard_Byte11_Con                  0x00008009   Thumb Code   490  cmdin.o(i.DisplayBoard_Byte11_Con)
    DisplayBoard_Byte11_Update               0x0000821d   Thumb Code   554  cmdout.o(i.DisplayBoard_Byte11_Update)
    DisplayBoard_Byte15_Update               0x00008485   Thumb Code    86  cmdout.o(i.DisplayBoard_Byte15_Update)
    DisplayBoard_Byte16_Update               0x000084ed   Thumb Code    42  cmdout.o(i.DisplayBoard_Byte16_Update)
    DisplayBoard_Byte17_Update               0x00008521   Thumb Code   156  cmdout.o(i.DisplayBoard_Byte17_Update)
    DisplayBoard_Byte18_Update               0x000085cd   Thumb Code   204  cmdout.o(i.DisplayBoard_Byte18_Update)
    DisplayBoard_Byte19_Update               0x000086ad   Thumb Code    48  cmdout.o(i.DisplayBoard_Byte19_Update)
    DisplayBoard_Byte20_Update               0x000086e9   Thumb Code    66  cmdout.o(i.DisplayBoard_Byte20_Update)
    DisplayBoard_Byte21_Update               0x0000873d   Thumb Code    66  cmdout.o(i.DisplayBoard_Byte21_Update)
    DisplayBoard_Byte22_Update               0x00008791   Thumb Code    48  cmdout.o(i.DisplayBoard_Byte22_Update)
    DisplayBoard_Byte23_Update               0x000087cd   Thumb Code    48  cmdout.o(i.DisplayBoard_Byte23_Update)
    DisplayBoard_Byte24_Update               0x00008809   Thumb Code    54  cmdout.o(i.DisplayBoard_Byte24_Update)
    DisplayBoard_Byte25_Update               0x0000884d   Thumb Code    54  cmdout.o(i.DisplayBoard_Byte25_Update)
    DisplayBoard_Byte26_Update               0x00008891   Thumb Code    44  cmdout.o(i.DisplayBoard_Byte26_Update)
    DisplayBoard_Byte27_Update               0x000088c9   Thumb Code    76  cmdout.o(i.DisplayBoard_Byte27_Update)
    DisplayBoard_Byte5_Con                   0x00008921   Thumb Code   490  cmdin.o(i.DisplayBoard_Byte5_Con)
    DisplayBoard_Byte5_Update                0x00008b29   Thumb Code   414  cmdout.o(i.DisplayBoard_Byte5_Update)
    DisplayBoard_Byte6_Con                   0x00008cdd   Thumb Code  1068  cmdin.o(i.DisplayBoard_Byte6_Con)
    DisplayBoard_Byte6_Update                0x00009109   Thumb Code   296  cmdout.o(i.DisplayBoard_Byte6_Update)
    DisplayBoard_Byte7_Con                   0x00009249   Thumb Code    86  cmdin.o(i.DisplayBoard_Byte7_Con)
    DisplayBoard_Byte7_Update                0x000092b5   Thumb Code   198  cmdout.o(i.DisplayBoard_Byte7_Update)
    DisplayBoard_Byte8_Con                   0x00009391   Thumb Code   142  cmdin.o(i.DisplayBoard_Byte8_Con)
    DisplayBoard_Byte8_Update                0x00009431   Thumb Code    58  cmdout.o(i.DisplayBoard_Byte8_Update)
    DisplayBoard_Byte9_Con                   0x00009479   Thumb Code   142  cmdin.o(i.DisplayBoard_Byte9_Con)
    DisplayBoard_Byte9_Update                0x00009519   Thumb Code    98  cmdout.o(i.DisplayBoard_Byte9_Update)
    Drv_Comp                                 0x00009589   Thumb Code   394  comp.o(i.Drv_Comp)
    Drv_Fan_InDoor                           0x0000972d   Thumb Code   708  fan.o(i.Drv_Fan_InDoor)
    Drv_StepMotor                            0x00009a05   Thumb Code   108  stepmotor.o(i.Drv_StepMotor)
    Drv_Switch_Scan                          0x00009a75   Thumb Code    40  switch.o(i.Drv_Switch_Scan)
    Drv_UVC                                  0x00009aa1   Thumb Code    30  uvc.o(i.Drv_UVC)
    Drv_WPMotor                              0x00009ac5   Thumb Code    30  wpmotor.o(i.Drv_WPMotor)
    F_CRC16                                  0x00009ae9   Thumb Code    82  uart_app.o(i.F_CRC16)
    Func_Comp                                0x00009b49   Thumb Code    50  comp.o(i.Func_Comp)
    Func_DCFan                               0x00009b81   Thumb Code   124  dcfan.o(i.Func_DCFan)
    Func_EAHeater                            0x00009c05   Thumb Code   118  eaheater.o(i.Func_EAHeater)
    Func_HumiCSetInit                        0x00009c85   Thumb Code    38  function.o(i.Func_HumiCSetInit)
    Func_LowPower                            0x00009cb5   Thumb Code  1236  lowpower.o(i.Func_LowPower)
    Func_Protect                             0x0000a199   Thumb Code   156  protect.o(i.Func_Protect)
    Func_WPMotor                             0x0000a241   Thumb Code    12  wpmotor.o(i.Func_WPMotor)
    Func_WaterBox                            0x0000a24d   Thumb Code   206  waterbox.o(i.Func_WaterBox)
    Func_WiFiPowEn                           0x0000a325   Thumb Code   102  twifi.o(i.Func_WiFiPowEn)
    GPIOA_ResetBit                           0x0000a391   Thumb Code    10  lib_gpio.o(i.GPIOA_ResetBit)
    GPIOA_SetBit                             0x0000a3a1   Thumb Code    10  lib_gpio.o(i.GPIOA_SetBit)
    GPIOB_ResetBit                           0x0000a3b1   Thumb Code    10  lib_gpio.o(i.GPIOB_ResetBit)
    GPIOB_SetBit                             0x0000a3c1   Thumb Code    10  lib_gpio.o(i.GPIOB_SetBit)
    GPIO_Init                                0x0000a3d1   Thumb Code   164  lib_gpio.o(i.GPIO_Init)
    GPIO_Read                                0x0000a475   Thumb Code    28  lib_gpio.o(i.GPIO_Read)
    GPIO_SetDSRegFromPin                     0x0000a495   Thumb Code    86  lib_gpio.o(i.GPIO_SetDSRegFromPin)
    GPIO_SetDirRegFromPin                    0x0000a4f1   Thumb Code    58  lib_gpio.o(i.GPIO_SetDirRegFromPin)
    GPIO_SetFuncxRegFromPin                  0x0000a531   Thumb Code  1728  lib_gpio.o(i.GPIO_SetFuncxRegFromPin)
    GPIO_SetODERegFromPin                    0x0000abf5   Thumb Code    86  lib_gpio.o(i.GPIO_SetODERegFromPin)
    GPIO_SetPDERegFromPin                    0x0000ac51   Thumb Code    86  lib_gpio.o(i.GPIO_SetPDERegFromPin)
    GPIO_SetPUERegFromPin                    0x0000acad   Thumb Code    86  lib_gpio.o(i.GPIO_SetPUERegFromPin)
    GPIO_SetPinFLT                           0x0000ad09   Thumb Code    86  lib_gpio.o(i.GPIO_SetPinFLT)
    GPIO_SetPinType                          0x0000ad65   Thumb Code    86  lib_gpio.o(i.GPIO_SetPinType)
    GPIO_SetSingalTypeFromPin                0x0000adc1   Thumb Code    86  lib_gpio.o(i.GPIO_SetSingalTypeFromPin)
    IICM_Start                               0x0000ae2b   Thumb Code    52  eep24c02.o(i.IICM_Start)
    IICM_Stop                                0x0000ae5f   Thumb Code    40  eep24c02.o(i.IICM_Stop)
    IIC_Read_Byte                            0x0000ae87   Thumb Code    86  eep24c02.o(i.IIC_Read_Byte)
    IIC_Send_Byte                            0x0000aedd   Thumb Code    74  eep24c02.o(i.IIC_Send_Byte)
    IIC_SetAck                               0x0000af27   Thumb Code    40  eep24c02.o(i.IIC_SetAck)
    IIC_SetNoAck                             0x0000af4f   Thumb Code    40  eep24c02.o(i.IIC_SetNoAck)
    IIC_TestAck                              0x0000af77   Thumb Code    90  eep24c02.o(i.IIC_TestAck)
    Init_DCFan                               0x0000afd1   Thumb Code    26  dcfan.o(i.Init_DCFan)
    Init_EAHeater                            0x0000afeb   Thumb Code    26  eaheater.o(i.Init_EAHeater)
    Init_FourWay                             0x0000b005   Thumb Code    26  fourway.o(i.Init_FourWay)
    Init_LowPower                            0x0000b01f   Thumb Code    70  lowpower.o(i.Init_LowPower)
    Init_MCU_Gpio                            0x0000b065   Thumb Code    64  func.o(i.Init_MCU_Gpio)
    Init_MCU_System                          0x0000b0a5   Thumb Code    26  init_es8h018x_ex8h0163.o(i.Init_MCU_System)
    Init_Pin_WP_Enable                       0x0000b0bf   Thumb Code    26  remember.o(i.Init_Pin_WP_Enable)
    Init_UVC                                 0x0000b0d9   Thumb Code    26  uvc.o(i.Init_UVC)
    Init_WPMotor                             0x0000b0f3   Thumb Code    26  wpmotor.o(i.Init_WPMotor)
    Init_WiFiPowEn                           0x0000b10d   Thumb Code    26  twifi.o(i.Init_WiFiPowEn)
    Log_Ad                                   0x0000b129   Thumb Code   460  ad.o(i.Log_Ad)
    Log_Comp                                 0x0000b305   Thumb Code   956  comp.o(i.Log_Comp)
    Log_Fan_InDoor                           0x0000b701   Thumb Code   146  fan.o(i.Log_Fan_InDoor)
    Log_Fan_OutDoor                          0x0000b79d   Thumb Code   102  fan.o(i.Log_Fan_OutDoor)
    Log_FourWay                              0x0000b811   Thumb Code   266  fourway.o(i.Log_FourWay)
    Log_StepMotor                            0x0000b935   Thumb Code   356  stepmotor.o(i.Log_StepMotor)
    Log_StepMotor_SweepAuto                  0x0000baa5   Thumb Code   166  stepmotor.o(i.Log_StepMotor_SweepAuto)
    Log_Switch_Fd                            0x0000bb55   Thumb Code    88  switch.o(i.Log_Switch_Fd)
    Log_UVC                                  0x0000bbb1   Thumb Code   204  uvc.o(i.Log_UVC)
    Log_WPMotor                              0x0000bc91   Thumb Code   142  wpmotor.o(i.Log_WPMotor)
    Module_Init_Ad                           0x0000bd31   Thumb Code   154  ad.o(i.Module_Init_Ad)
    Module_Init_IICM                         0x0000bdd1   Thumb Code    54  eep24c02.o(i.Module_Init_IICM)
    Module_Init_StepMotor                    0x0000be0d   Thumb Code    92  stepmotor.o(i.Module_Init_StepMotor)
    Module_Init_Switch                       0x0000be69   Thumb Code    26  switch.o(i.Module_Init_Switch)
    Module_Init_Uart                         0x0000be83   Thumb Code    12  uart.o(i.Module_Init_Uart)
    Module_Init_Uart0                        0x0000be8f   Thumb Code    52  uart.o(i.Module_Init_Uart0)
    Module_Init_Uart4                        0x0000bec3   Thumb Code    52  uart.o(i.Module_Init_Uart4)
    NVIC_Init                                0x0000bef9   Thumb Code    94  lib_scs.o(i.NVIC_Init)
    PLLClock_Config                          0x0000bf5d   Thumb Code   532  lib_scu.o(i.PLLClock_Config)
    PortPin_Read                             0x0000c17d   Thumb Code    30  init_es8h018x_ex8h0163.o(i.PortPin_Read)
    Protect_InFanErr                         0x0000c19d   Thumb Code   198  protect.o(i.Protect_InFanErr)
    Protect_T2Cold                           0x0000c275   Thumb Code   446  protect.o(i.Protect_T2Cold)
    Protect_T3Cold                           0x0000c445   Thumb Code   426  protect.o(i.Protect_T3Cold)
    Protect_Tp                               0x0000c601   Thumb Code   366  protect.o(i.Protect_Tp)
    Read_24C02                               0x0000c77d   Thumb Code   114  eep24c02.o(i.Read_24C02)
    Remember_ReadEEFunc                      0x0000c7f1   Thumb Code   422  remember.o(i.Remember_ReadEEFunc)
    Remember_ReadEEPara                      0x0000c9c9   Thumb Code   250  remember.o(i.Remember_ReadEEPara)
    Remember_WriteEEFunc                     0x0000cacd   Thumb Code   704  remember.o(i.Remember_WriteEEFunc)
    Remember_WriteEEPara                     0x0000cdb5   Thumb Code  1100  remember.o(i.Remember_WriteEEPara)
    SCU_HRCReadyFlag                         0x0000d205   Thumb Code    22  lib_scu.o(i.SCU_HRCReadyFlag)
    SCU_SysClkSelect                         0x0000d221   Thumb Code    34  lib_scu.o(i.SCU_SysClkSelect)
    SCU_XTALReadyFlag                        0x0000d24d   Thumb Code    22  lib_scu.o(i.SCU_XTALReadyFlag)
    SaveDatToEEP                             0x0000d269   Thumb Code   558  remember.o(i.SaveDatToEEP)
    Swing_AntiDew                            0x0000d4c1   Thumb Code   332  swing.o(i.Swing_AntiDew)
    Swing_Con                                0x0000d631   Thumb Code   374  swing.o(i.Swing_Con)
    Swing_Sweep                              0x0000d7cd   Thumb Code    32  swing.o(i.Swing_Sweep)
    Switch_Scan                              0x0000d7f9   Thumb Code    36  switch.o(i.Switch_Scan)
    SysTickInit                              0x0000d81d   Thumb Code    46  systick.o(i.SysTickInit)
    SysTick_Init                             0x0000d859   Thumb Code    60  lib_scs.o(i.SysTick_Init)
    Sys_Run_Event_Per100ms                   0x0000d899   Thumb Code    76  main.o(i.Sys_Run_Event_Per100ms)
    Sys_Run_Event_Per10ms                    0x0000d8e9   Thumb Code    76  main.o(i.Sys_Run_Event_Per10ms)
    Sys_Run_Event_Per1ms                     0x0000d939   Thumb Code    54  main.o(i.Sys_Run_Event_Per1ms)
    Sys_Run_Func1_Per100ms                   0x0000d975   Thumb Code    32  func.o(i.Sys_Run_Func1_Per100ms)
    Sys_Run_Func1_Per10ms                    0x0000d999   Thumb Code    12  func.o(i.Sys_Run_Func1_Per10ms)
    Sys_Run_Func2_Per100ms                   0x0000d9a5   Thumb Code    32  func.o(i.Sys_Run_Func2_Per100ms)
    Sys_Run_Func2_Per10ms                    0x0000d9c9   Thumb Code    20  func.o(i.Sys_Run_Func2_Per10ms)
    Sys_Run_Func3_Per100ms                   0x0000d9dd   Thumb Code     8  func.o(i.Sys_Run_Func3_Per100ms)
    Sys_Run_Func3_Per10ms                    0x0000d9e5   Thumb Code    12  func.o(i.Sys_Run_Func3_Per10ms)
    Sys_Run_Func4_Per10ms                    0x0000d9f1   Thumb Code     8  func.o(i.Sys_Run_Func4_Per10ms)
    Sys_Run_Func5_Per100ms                   0x0000d9f9   Thumb Code    12  func.o(i.Sys_Run_Func5_Per100ms)
    Sys_Run_Per2ms                           0x0000da05   Thumb Code    16  func.o(i.Sys_Run_Per2ms)
    SystemClockConfig                        0x0000da15   Thumb Code   160  lib_scu.o(i.SystemClockConfig)
    SystemClockSelect                        0x0000dad1   Thumb Code   132  lib_scu.o(i.SystemClockSelect)
    SystemCoreClockUpdate                    0x0000db5d   Thumb Code   232  system_es8h018x.o(i.SystemCoreClockUpdate)
    SystemHRCSelect                          0x0000dc65   Thumb Code    36  lib_scu.o(i.SystemHRCSelect)
    SystemInit                               0x0000dc91   Thumb Code     8  system_es8h018x.o(i.SystemInit)
    T16N0_IRQHandler                         0x0000dc99   Thumb Code   110  irqhandler.o(i.T16N0_IRQHandler)
    T16NxInit                                0x0000dd15   Thumb Code    84  init_es8h018x_ex8h0163.o(i.T16NxInit)
    T16Nx_BaseInit                           0x0000dd6d   Thumb Code    76  lib_timer.o(i.T16Nx_BaseInit)
    T16Nx_ClearIFPendingBit                  0x0000ddb9   Thumb Code     4  lib_timer.o(i.T16Nx_ClearIFPendingBit)
    T16Nx_GetITStatus                        0x0000ddbd   Thumb Code    38  lib_timer.o(i.T16Nx_GetITStatus)
    T16Nx_ITConfig                           0x0000dde3   Thumb Code    20  lib_timer.o(i.T16Nx_ITConfig)
    T16Nx_MAT0ITConfig                       0x0000ddf7   Thumb Code    24  lib_timer.o(i.T16Nx_MAT0ITConfig)
    T16Nx_SetMAT0                            0x0000de0f   Thumb Code    14  lib_timer.o(i.T16Nx_SetMAT0)
    T16Nx_SetPREMAT                          0x0000de1d   Thumb Code    16  lib_timer.o(i.T16Nx_SetPREMAT)
    TempT1TSDeltaZone                        0x0000de2d   Thumb Code   812  tempr.o(i.TempT1TSDeltaZone)
    TempT2HeatZone                           0x0000e169   Thumb Code   578  tempr.o(i.TempT2HeatZone)
    TempT4CoolZone                           0x0000e3c1   Thumb Code   942  tempr.o(i.TempT4CoolZone)
    TempT4HeatZone                           0x0000e781   Thumb Code   914  tempr.o(i.TempT4HeatZone)
    TempValueCon                             0x0000eb21   Thumb Code   316  tempr.o(i.TempValueCon)
    TempValueMul10                           0x0000ec7d   Thumb Code    14  tempr.o(i.TempValueMul10)
    TempValueRounding                        0x0000ec8b   Thumb Code    98  tempr.o(i.TempValueRounding)
    TimerPara_Init                           0x0000eced   Thumb Code    12  timer.o(i.TimerPara_Init)
    TimerUVC_Run                             0x0000ecfd   Thumb Code    24  uvc.o(i.TimerUVC_Run)
    Timer_Run                                0x0000ed1d   Thumb Code   144  timer.o(i.Timer_Run)
    TimingDelay_Decrement                    0x0000edb5   Thumb Code    20  systick.o(i.TimingDelay_Decrement)
    UART0_IRQHandler                         0x0000edcd   Thumb Code     8  irqhandler.o(i.UART0_IRQHandler)
    UART2_IRQHandler                         0x0000edd5   Thumb Code     8  irqhandler.o(i.UART2_IRQHandler)
    UART4_IRQHandler                         0x0000eddd   Thumb Code     8  irqhandler.o(i.UART4_IRQHandler)
    UART_GetFlagStatus                       0x0000ede5   Thumb Code    20  lib_uart.o(i.UART_GetFlagStatus)
    UART_GetITStatus                         0x0000edf9   Thumb Code    18  lib_uart.o(i.UART_GetITStatus)
    UART_ITConfig                            0x0000ee0b   Thumb Code    24  lib_uart.o(i.UART_ITConfig)
    UART_Init                                0x0000ee25   Thumb Code   360  lib_uart.o(i.UART_Init)
    UART_RBIMConfig                          0x0000ef95   Thumb Code    24  lib_uart.o(i.UART_RBIMConfig)
    UART_RecByte                             0x0000efad   Thumb Code     6  lib_uart.o(i.UART_RecByte)
    UART_SendByte                            0x0000efb3   Thumb Code     4  lib_uart.o(i.UART_SendByte)
    UART_TBIMConfig                          0x0000efb7   Thumb Code    24  lib_uart.o(i.UART_TBIMConfig)
    Uart0_Config                             0x0000efd1   Thumb Code   198  uart_app.o(i.Uart0_Config)
    Uart0_Interrupt                          0x0000f09d   Thumb Code   280  uart.o(i.Uart0_Interrupt)
    Uart0_SendPackDeal                       0x0000f1c9   Thumb Code    70  uart.o(i.Uart0_SendPackDeal)
    Uart3_Config_lhh                         0x0000f221   Thumb Code   200  uart_app.o(i.Uart3_Config_lhh)
    Uart3_Init                               0x0000f2ed   Thumb Code    48  uart.o(i.Uart3_Init)
    Uart3_Interrupt_lhh                      0x0000f33d   Thumb Code   214  uart.o(i.Uart3_Interrupt_lhh)
    Uart4_Config                             0x0000f439   Thumb Code   198  uart_app.o(i.Uart4_Config)
    Uart4_Interrupt                          0x0000f505   Thumb Code   274  uart.o(i.Uart4_Interrupt)
    Uart4_SendPackDeal                       0x0000f62d   Thumb Code    70  uart.o(i.Uart4_SendPackDeal)
    Write_24C02                              0x0000f685   Thumb Code   128  eep24c02.o(i.Write_24C02)
    __ARM_common_switch8                     0x0000f709   Thumb Code    28  lib_gpio.o(i.__ARM_common_switch8)
    app_Rec                                  0x0000f725   Thumb Code   540  uart_app.o(i.app_Rec)
    main                                     0x0000f95d   Thumb Code    56  main.o(i.main)
    send_OneSix_Data                         0x0000f9a1   Thumb Code    76  uart_app.o(i.send_OneSix_Data)
    send_Three_Data                          0x0000fa01   Thumb Code   794  uart_app.o(i.send_Three_Data)
    Region$$Table$$Base                      0x0000fd74   Number         0  anon$$obj.o(Region$$Table)
    Region$$Table$$Limit                     0x0000fd94   Number         0  anon$$obj.o(Region$$Table)
    SystemCoreClock                          0x20000000   Data           4  system_es8h018x.o(.data)
    TimingDelay                              0x20000004   Data           4  systick.o(.data)
    Sys                                      0x2000000a   Data           8  main.o(.data)
    U8_adtemp_value                          0x20000012   Data           4  ad_app.o(.data)
    U8_adtemp_dotvalue                       0x20000016   Data           4  ad_app.o(.data)
    U8_adc_channel                           0x2000001a   Data           1  ad_app.o(.data)
    Switch                                   0x2000002b   Data           2  switch.o(.data)
    SwitchFlag0                              0x2000002d   Data           1  switch.o(.data)
    SwitchFlag1                              0x2000002e   Data           1  switch.o(.data)
    StepMotorFlag                            0x2000002f   Data           1  stepmotor.o(.data)
    g_tx_length                              0x20000030   Data           1  uart.o(.data)
    g_tx_count                               0x20000031   Data           1  uart.o(.data)
    g_tx_OutDoorStatus1                      0x20000032   Data           1  uart.o(.data)
    g_tx_OutDoorStatus2                      0x20000033   Data           1  uart.o(.data)
    g_tx_OutDoorStatus3                      0x20000034   Data           1  uart.o(.data)
    g_rx_length                              0x20000035   Data           1  uart.o(.data)
    g_rx_count                               0x20000036   Data           1  uart.o(.data)
    g_rx_time                                0x20000037   Data           1  uart.o(.data)
    g_rx_finish_flag                         0x20000038   Data           1  uart.o(.data)
    g_rx_start_flag                          0x20000039   Data           1  uart.o(.data)
    g_16rx_length                            0x2000003a   Data           1  uart.o(.data)
    g_crcbuf                                 0x2000003b   Data           2  uart.o(.data)
    STRUCT_uart0_flag0                       0x2000003d   Data           1  uart.o(.data)
    STRUCT_uart4_flag0                       0x2000003e   Data           1  uart.o(.data)
    SystemMode                               0x2000003f   Data           3  function.o(.data)
    l_outDoorMode                            0x20000048   Data           1  commmotdrv.o(.data)
    FourWay                                  0x2000004c   Data           8  fourway.o(.data)
    WPMotor                                  0x20000054   Data           8  wpmotor.o(.data)
    UVC                                      0x2000005c   Data           8  uvc.o(.data)
    Enum_LowPower                            0x20000064   Data           1  lowpower.o(.data)
    PowEn12V                                 0x20000068   Data           8  lowpower.o(.data)
    PowEnPTC                                 0x20000070   Data           8  lowpower.o(.data)
    PowEnPTCB                                0x20000078   Data           8  lowpower.o(.data)
    U8_LowPower_Step                         0x20000080   Data           1  lowpower.o(.data)
    EAHeater                                 0x20000081   Data           1  eaheater.o(.data)
    DCFan                                    0x20000084   Data           8  dcfan.o(.data)
    EEP                                      0x20000090   Data         322  eep24c02.o(.bss)
    Ad                                       0x200001d4   Data          48  ad.o(.bss)
    U16_adc_temp_table                       0x20000204   Data         624  ad_app.o(.bss)
    U16_ad_value_12bit_resultOK              0x20000474   Data          16  ad_app.o(.bss)
    U16_adbak_value                          0x20000484   Data          16  ad_app.o(.bss)
    StepMotor                                0x20000494   Data          16  stepmotor.o(.bss)
    Swing                                    0x200004a4   Data          20  swing.o(.bss)
    g_txbuf                                  0x200004b8   Data         255  uart.o(.bss)
    g_rxbuf                                  0x200005b7   Data         255  uart.o(.bss)
    Uart0                                    0x200006b8   Data          20  uart.o(.bss)
    U8_Uart0_TxBuf                           0x200006cc   Data          28  uart.o(.bss)
    U8_Uart0_AppTxBuf                        0x200006e8   Data          28  uart.o(.bss)
    U8_Uart0_DrvRxBuf                        0x20000704   Data          16  uart.o(.bss)
    U8_Uart0_RxBuf                           0x20000714   Data          16  uart.o(.bss)
    Uart4                                    0x20000724   Data          20  uart.o(.bss)
    U8_Uart4_TxBuf                           0x20000738   Data          20  uart.o(.bss)
    U8_Uart4_AppTxBuf                        0x2000074c   Data          20  uart.o(.bss)
    U8_Uart4_DrvRxBuf                        0x20000760   Data          20  uart.o(.bss)
    U8_Uart4_RxBuf                           0x20000774   Data          20  uart.o(.bss)
    l_contData                               0x20000788   Data          22  uart_app.o(.bss)
    System                                   0x200007a0   Data          48  function.o(.bss)
    Remember                                 0x200007d0   Data          12  remember.o(.bss)
    Protect                                  0x200007e8   Data          28  protect.o(.bss)
    Defrost                                  0x20000804   Data          36  defrost.o(.bss)
    CommMotDrv                               0x20000828   Data          80  commmotdrv.o(.bss)
    CommDisp                                 0x20000878   Data          38  commdisp.o(.bss)
    CmdInBak                                 0x2000089e   Data          12  cmdin.o(.bss)
    CmdOutBak                                0x200008aa   Data          24  cmdout.o(.bss)
    Comp                                     0x200008c4   Data          64  comp.o(.bss)
    Fan                                      0x20000904   Data          60  fan.o(.bss)
    Timer                                    0x20000940   Data          12  timer.o(.bss)
    T1                                       0x2000094c   Data          20  tempr.o(.bss)
    T2                                       0x20000960   Data          20  tempr.o(.bss)
    T3                                       0x20000974   Data          20  tempr.o(.bss)
    T4                                       0x20000988   Data          20  tempr.o(.bss)
    Tp                                       0x2000099c   Data          20  tempr.o(.bss)
    Tempr                                    0x200009b0   Data          40  tempr.o(.bss)
    WaterBox                                 0x200009d8   Data          20  waterbox.o(.bss)
    WiFi                                     0x200009ec   Data         124  twifi.o(.bss)
    __libspace_start                         0x20000a68   Data          96  libspace.o(.bss)
    __temporary_stack_top$libspace           0x20000ac8   Data           0  libspace.o(.bss)



==============================================================================

Memory Map of the image

  Image Entry point : 0x000000c1

  Load Region LR_IROM1 (Base: 0x00000000, Size: 0x0000fe24, Max: 0x00020000, ABSOLUTE)

    Execution Region ER_IROM1 (Exec base: 0x00000000, Load base: 0x00000000, Size: 0x0000fd94, Max: 0x00020000, ABSOLUTE)

    Exec Addr    Load Addr    Size         Type   Attr      Idx    E Section Name        Object

    0x00000000   0x00000000   0x000000c0   Data   RO            3    RESET               startup_es8h018x.o
    0x000000c0   0x000000c0   0x00000008   Code   RO         3845  * !!!main             c_p.l(__main.o)
    0x000000c8   0x000000c8   0x0000003c   Code   RO         4021    !!!scatter          c_p.l(__scatter.o)
    0x00000104   0x00000104   0x0000001a   Code   RO         4023    !!handler_copy      c_p.l(__scatter_copy.o)
    0x0000011e   0x0000011e   0x00000002   PAD
    0x00000120   0x00000120   0x0000001c   Code   RO         4025    !!handler_zi        c_p.l(__scatter_zi.o)
    0x0000013c   0x0000013c   0x00000002   Code   RO         3888    .ARM.Collect$$libinit$$00000000  c_p.l(libinit.o)
    0x0000013e   0x0000013e   0x00000000   Code   RO         3902    .ARM.Collect$$libinit$$00000002  c_p.l(libinit2.o)
    0x0000013e   0x0000013e   0x00000000   Code   RO         3904    .ARM.Collect$$libinit$$00000004  c_p.l(libinit2.o)
    0x0000013e   0x0000013e   0x00000000   Code   RO         3907    .ARM.Collect$$libinit$$0000000A  c_p.l(libinit2.o)
    0x0000013e   0x0000013e   0x00000000   Code   RO         3909    .ARM.Collect$$libinit$$0000000C  c_p.l(libinit2.o)
    0x0000013e   0x0000013e   0x00000000   Code   RO         3911    .ARM.Collect$$libinit$$0000000E  c_p.l(libinit2.o)
    0x0000013e   0x0000013e   0x00000000   Code   RO         3914    .ARM.Collect$$libinit$$00000011  c_p.l(libinit2.o)
    0x0000013e   0x0000013e   0x00000000   Code   RO         3916    .ARM.Collect$$libinit$$00000013  c_p.l(libinit2.o)
    0x0000013e   0x0000013e   0x00000000   Code   RO         3918    .ARM.Collect$$libinit$$00000015  c_p.l(libinit2.o)
    0x0000013e   0x0000013e   0x00000000   Code   RO         3920    .ARM.Collect$$libinit$$00000017  c_p.l(libinit2.o)
    0x0000013e   0x0000013e   0x00000000   Code   RO         3922    .ARM.Collect$$libinit$$00000019  c_p.l(libinit2.o)
    0x0000013e   0x0000013e   0x00000000   Code   RO         3924    .ARM.Collect$$libinit$$0000001B  c_p.l(libinit2.o)
    0x0000013e   0x0000013e   0x00000000   Code   RO         3926    .ARM.Collect$$libinit$$0000001D  c_p.l(libinit2.o)
    0x0000013e   0x0000013e   0x00000000   Code   RO         3928    .ARM.Collect$$libinit$$0000001F  c_p.l(libinit2.o)
    0x0000013e   0x0000013e   0x00000000   Code   RO         3930    .ARM.Collect$$libinit$$00000021  c_p.l(libinit2.o)
    0x0000013e   0x0000013e   0x00000000   Code   RO         3932    .ARM.Collect$$libinit$$00000023  c_p.l(libinit2.o)
    0x0000013e   0x0000013e   0x00000000   Code   RO         3934    .ARM.Collect$$libinit$$00000025  c_p.l(libinit2.o)
    0x0000013e   0x0000013e   0x00000000   Code   RO         3938    .ARM.Collect$$libinit$$0000002C  c_p.l(libinit2.o)
    0x0000013e   0x0000013e   0x00000000   Code   RO         3940    .ARM.Collect$$libinit$$0000002E  c_p.l(libinit2.o)
    0x0000013e   0x0000013e   0x00000000   Code   RO         3942    .ARM.Collect$$libinit$$00000030  c_p.l(libinit2.o)
    0x0000013e   0x0000013e   0x00000000   Code   RO         3944    .ARM.Collect$$libinit$$00000032  c_p.l(libinit2.o)
    0x0000013e   0x0000013e   0x00000002   Code   RO         3945    .ARM.Collect$$libinit$$00000033  c_p.l(libinit2.o)
    0x00000140   0x00000140   0x00000002   Code   RO         3976    .ARM.Collect$$libshutdown$$00000000  c_p.l(libshutdown.o)
    0x00000142   0x00000142   0x00000000   Code   RO         4002    .ARM.Collect$$libshutdown$$00000002  c_p.l(libshutdown2.o)
    0x00000142   0x00000142   0x00000000   Code   RO         4004    .ARM.Collect$$libshutdown$$00000004  c_p.l(libshutdown2.o)
    0x00000142   0x00000142   0x00000000   Code   RO         4006    .ARM.Collect$$libshutdown$$00000006  c_p.l(libshutdown2.o)
    0x00000142   0x00000142   0x00000000   Code   RO         4009    .ARM.Collect$$libshutdown$$00000009  c_p.l(libshutdown2.o)
    0x00000142   0x00000142   0x00000000   Code   RO         4012    .ARM.Collect$$libshutdown$$0000000C  c_p.l(libshutdown2.o)
    0x00000142   0x00000142   0x00000000   Code   RO         4014    .ARM.Collect$$libshutdown$$0000000E  c_p.l(libshutdown2.o)
    0x00000142   0x00000142   0x00000000   Code   RO         4017    .ARM.Collect$$libshutdown$$00000011  c_p.l(libshutdown2.o)
    0x00000142   0x00000142   0x00000002   Code   RO         4018    .ARM.Collect$$libshutdown$$00000012  c_p.l(libshutdown2.o)
    0x00000144   0x00000144   0x00000000   Code   RO         3851    .ARM.Collect$$rtentry$$00000000  c_p.l(__rtentry.o)
    0x00000144   0x00000144   0x00000000   Code   RO         3858    .ARM.Collect$$rtentry$$00000002  c_p.l(__rtentry2.o)
    0x00000144   0x00000144   0x00000006   Code   RO         3870    .ARM.Collect$$rtentry$$00000004  c_p.l(__rtentry4.o)
    0x0000014a   0x0000014a   0x00000000   Code   RO         3860    .ARM.Collect$$rtentry$$00000009  c_p.l(__rtentry2.o)
    0x0000014a   0x0000014a   0x00000004   Code   RO         3861    .ARM.Collect$$rtentry$$0000000A  c_p.l(__rtentry2.o)
    0x0000014e   0x0000014e   0x00000000   Code   RO         3863    .ARM.Collect$$rtentry$$0000000C  c_p.l(__rtentry2.o)
    0x0000014e   0x0000014e   0x00000008   Code   RO         3864    .ARM.Collect$$rtentry$$0000000D  c_p.l(__rtentry2.o)
    0x00000156   0x00000156   0x00000002   Code   RO         3893    .ARM.Collect$$rtexit$$00000000  c_p.l(rtexit.o)
    0x00000158   0x00000158   0x00000000   Code   RO         3949    .ARM.Collect$$rtexit$$00000002  c_p.l(rtexit2.o)
    0x00000158   0x00000158   0x00000004   Code   RO         3950    .ARM.Collect$$rtexit$$00000003  c_p.l(rtexit2.o)
    0x0000015c   0x0000015c   0x00000006   Code   RO         3951    .ARM.Collect$$rtexit$$00000004  c_p.l(rtexit2.o)
    0x00000162   0x00000162   0x00000002   PAD
    0x00000164   0x00000164   0x00000038   Code   RO         3833    .emb_text           c_p.l(rt_memcpy.o)
    0x0000019c   0x0000019c   0x00000034   Code   RO            4    .text               startup_es8h018x.o
    0x000001d0   0x000001d0   0x00000040   Code   RO         3837    .text               c_p.l(rt_memclr.o)
    0x00000210   0x00000210   0x0000015a   Code   RO         3839    .text               c_p.l(aeabi_sdiv.o)
    0x0000036a   0x0000036a   0x00000006   Code   RO         3843    .text               c_p.l(heapauxi.o)
    0x00000370   0x00000370   0x0000003e   Code   RO         3874    .text               c_p.l(sys_stackheap_outer.o)
    0x000003ae   0x000003ae   0x00000010   Code   RO         3877    .text               c_p.l(exit.o)
    0x000003be   0x000003be   0x00000002   PAD
    0x000003c0   0x000003c0   0x00000008   Code   RO         3889    .text               c_p.l(libspace.o)
    0x000003c8   0x000003c8   0x0000000c   Code   RO         3946    .text               c_p.l(sys_exit.o)
    0x000003d4   0x000003d4   0x00000002   Code   RO         3965    .text               c_p.l(use_no_semi.o)
    0x000003d6   0x000003d6   0x00000000   Code   RO         3967    .text               c_p.l(indicate_semi.o)
    0x000003d6   0x000003d6   0x00000002   PAD
    0x000003d8   0x000003d8   0x00000010   Code   RO           13    i.ADC_ClearIFStatus  lib_adc.o
    0x000003e8   0x000003e8   0x0000001c   Code   RO           17    i.ADC_GetConvStatus  lib_adc.o
    0x00000404   0x00000404   0x00000060   Code   RO           18    i.ADC_GetConvValue  lib_adc.o
    0x00000464   0x00000464   0x000000fc   Code   RO           21    i.ADC_Init          lib_adc.o
    0x00000560   0x00000560   0x000000f4   Code   RO         2160    i.App_ADCGetTemperature  ad_app.o
    0x00000654   0x00000654   0x000000c0   Code   RO         2161    i.App_ADCLookupTemperatureTable  ad_app.o
    0x00000714   0x00000714   0x00000048   Code   RO         2162    i.App_AdValueDiffer_Check  ad_app.o
    0x0000075c   0x0000075c   0x00000028   Code   RO         3224    i.App_Comp_AntiDew  comp.o
    0x00000784   0x00000784   0x00000054   Code   RO         3225    i.App_Comp_ForceFun  comp.o
    0x000007d8   0x000007d8   0x00000114   Code   RO         3226    i.App_Comp_InDoorFan  comp.o
    0x000008ec   0x000008ec   0x000000fc   Code   RO         3227    i.App_Comp_PerTest  comp.o
    0x000009e8   0x000009e8   0x000003ac   Code   RO         3228    i.App_Comp_ProCon   comp.o
    0x00000d94   0x00000d94   0x00000234   Code   RO         3229    i.App_Comp_RunHzInitIndex  comp.o
    0x00000fc8   0x00000fc8   0x00000070   Code   RO         3230    i.App_Comp_Sleep    comp.o
    0x00001038   0x00001038   0x00000438   Code   RO         3231    i.App_Comp_T1TSDelta  comp.o
    0x00001470   0x00001470   0x00000160   Code   RO         3232    i.App_Comp_T2Heat   comp.o
    0x000015d0   0x000015d0   0x000004a0   Code   RO         3233    i.App_Comp_T4       comp.o
    0x00001a70   0x00001a70   0x0000022c   Code   RO         3234    i.App_Comp_T4_OffJudge  comp.o
    0x00001c9c   0x00001c9c   0x00000040   Code   RO         3235    i.App_Comp_WatFull  comp.o
    0x00001cdc   0x00001cdc   0x000004b0   Code   RO         2542    i.App_Event_100ms   function.o
    0x0000218c   0x0000218c   0x00000002   Code   RO         2543    i.App_Event_10ms    function.o
    0x0000218e   0x0000218e   0x00000002   PAD
    0x00002190   0x00002190   0x00000668   Code   RO         3334    i.App_Fan_InDoor    fan.o
    0x000027f8   0x000027f8   0x000001ac   Code   RO         3335    i.App_Fan_OutDoor   fan.o
    0x000029a4   0x000029a4   0x00000078   Code   RO         2544    i.App_Function      function.o
    0x00002a1c   0x00002a1c   0x00000160   Code   RO         2163    i.App_LookUpTemperature  ad_app.o
    0x00002b7c   0x00002b7c   0x000000cc   Code   RO         2164    i.App_NTC_Check     ad_app.o
    0x00002c48   0x00002c48   0x000001e4   Code   RO         2545    i.App_Status_BussCheck  function.o
    0x00002e2c   0x00002e2c   0x000001bc   Code   RO         2546    i.App_Status_Init   function.o
    0x00002fe8   0x00002fe8   0x000000f4   Code   RO         2547    i.App_Status_Off    function.o
    0x000030dc   0x000030dc   0x000010f4   Code   RO         2548    i.App_Status_On     function.o
    0x000041d0   0x000041d0   0x00000002   Code   RO         2549    i.App_Status_SelCheck  function.o
    0x000041d2   0x000041d2   0x00000002   PAD
    0x000041d4   0x000041d4   0x000001d0   Code   RO         2310    i.App_StepMotor_Run  stepmotor_app.o
    0x000043a4   0x000043a4   0x0000003c   Code   RO         2214    i.App_Switch        switch.o
    0x000043e0   0x000043e0   0x000000b8   Code   RO         3770    i.App_TCLModule_CtoF  twifi.o
    0x00004498   0x00004498   0x00000048   Code   RO         3771    i.App_TCLModule_Fadd1  twifi.o
    0x000044e0   0x000044e0   0x00000538   Code   RO         3772    i.App_TCLModule_Master_Info  twifi.o
    0x00004a18   0x00004a18   0x00000e24   Code   RO         3773    i.App_TCLModule_Slave_Info  twifi.o
    0x0000583c   0x0000583c   0x000001cc   Code   RO         2456    i.App_Uart0_Read_Frame  uart_app.o
    0x00005a08   0x00005a08   0x000000f4   Code   RO         2457    i.App_Uart0_Write_Frame  uart_app.o
    0x00005afc   0x00005afc   0x00000210   Code   RO         2458    i.App_Uart4_Read_Frame  uart_app.o
    0x00005d0c   0x00005d0c   0x00000100   Code   RO         2459    i.App_Uart4_Write_Frame  uart_app.o
    0x00005e0c   0x00005e0c   0x000000f0   Code   RO         2786    i.BaseRunTx_Byte10_InDoorProtect1  commmotdrv.o
    0x00005efc   0x00005efc   0x0000009c   Code   RO         2787    i.BaseRunTx_Byte11_InDoorProtect2  commmotdrv.o
    0x00005f98   0x00005f98   0x00000134   Code   RO         2788    i.BaseRunTx_Byte12_InDoorProtect3  commmotdrv.o
    0x000060cc   0x000060cc   0x00000014   Code   RO         2789    i.BaseRunTx_Byte13_InDoorFanSpeedDiv10  commmotdrv.o
    0x000060e0   0x000060e0   0x0000004c   Code   RO         2790    i.BaseRunTx_Byte14_TempCoil1  commmotdrv.o
    0x0000612c   0x0000612c   0x0000004c   Code   RO         2791    i.BaseRunTx_Byte15_TempCoil2  commmotdrv.o
    0x00006178   0x00006178   0x00000034   Code   RO         2792    i.BaseRunTx_Byte16_TempExhaust  commmotdrv.o
    0x000061ac   0x000061ac   0x0000016c   Code   RO         2793    i.BaseRunTx_Byte17_InDoorStatus  commmotdrv.o
    0x00006318   0x00006318   0x000000b8   Code   RO         2794    i.BaseRunTx_Byte5_InDoorRunMode  commmotdrv.o
    0x000063d0   0x000063d0   0x0000000c   Code   RO         2795    i.BaseRunTx_Byte6_OutDoorTargetFreq  commmotdrv.o
    0x000063dc   0x000063dc   0x0000004c   Code   RO         2796    i.BaseRunTx_Byte7_OutDoorTargetFreqDotMul60  commmotdrv.o
    0x00006428   0x00006428   0x00000024   Code   RO         2797    i.BaseRunTx_Byte8_InDoorTempSet  commmotdrv.o
    0x0000644c   0x0000644c   0x0000004c   Code   RO         2798    i.BaseRunTx_Byte9_InDoorTemp  commmotdrv.o
    0x00006498   0x00006498   0x00000028   Code   RO         2311    i.Case_StepMotor_Pause  stepmotor_app.o
    0x000064c0   0x000064c0   0x00000028   Code   RO         2312    i.Case_StepMotor_StepTime  stepmotor_app.o
    0x000064e8   0x000064e8   0x00000022   Code   RO         2921    i.CommDisp_Check8   commdisp.o
    0x0000650a   0x0000650a   0x00000002   PAD
    0x0000650c   0x0000650c   0x00000310   Code   RO         2799    i.CommMotDrv_BaseRunRx  commmotdrv.o
    0x0000681c   0x0000681c   0x00000088   Code   RO         2800    i.CommMotDrv_BaseRunTx  commmotdrv.o
    0x000068a4   0x000068a4   0x000001c0   Code   RO         2801    i.CommMotDrv_Con    commmotdrv.o
    0x00006a64   0x00006a64   0x0000004c   Code   RO         2802    i.CommMotDrv_InfoCon  commmotdrv.o
    0x00006ab0   0x00006ab0   0x00000078   Code   RO         2803    i.CommMotDrv_ReqSetRx  commmotdrv.o
    0x00006b28   0x00006b28   0x00000098   Code   RO         2804    i.CommMotDrv_ReqSetTx  commmotdrv.o
    0x00006bc0   0x00006bc0   0x0000001c   Code   RO         1828    i.ConfigIO_Input    init_es8h018x_ex8h0163.o
    0x00006bdc   0x00006bdc   0x0000001a   Code   RO         1831    i.ConfigIO_Output   init_es8h018x_ex8h0163.o
    0x00006bf6   0x00006bf6   0x00000012   Code   RO         1836    i.ConfigIO_PullUpDisable  init_es8h018x_ex8h0163.o
    0x00006c08   0x00006c08   0x00000012   Code   RO         1837    i.ConfigIO_PullUpEnable  init_es8h018x_ex8h0163.o
    0x00006c1a   0x00006c1a   0x00000002   PAD
    0x00006c1c   0x00006c1c   0x00000010   Code   RO         2755    i.Defrost_Init      defrost.o
    0x00006c2c   0x00006c2c   0x00000034   Code   RO          696    i.DeviceClockAllEnable  lib_scu.o
    0x00006c60   0x00006c60   0x00000150   Code   RO         2955    i.DisplayBoardCommandCheck  cmdin.o
    0x00006db0   0x00006db0   0x00000164   Code   RO         3060    i.DisplayBoardCommandUpdate  cmdout.o
    0x00006f14   0x00006f14   0x00000078   Code   RO         2957    i.DisplayBoardTurnOn  cmdin.o
    0x00006f8c   0x00006f8c   0x00000028   Code   RO         2960    i.DisplayBoard_Byte12_Con  cmdin.o
    0x00006fb4   0x00006fb4   0x0000003c   Code   RO         3063    i.DisplayBoard_Byte12_Update  cmdout.o
    0x00006ff0   0x00006ff0   0x00000002   Code   RO         3337    i.Drv_Fan_OutDoor   fan.o
    0x00006ff2   0x00006ff2   0x0000000c   Code   RO         3523    i.Func_FourWay      fourway.o
    0x00006ffe   0x00006ffe   0x00000002   Code   RO         1528    i.NMI_IRQHandler    irqhandler.o
    0x00007000   0x00007000   0x00000004   Data   RO         2132    .ARM.__AT_0x00007000  ad.o
    0x00007004   0x00007004   0x00000478   Code   RO         2754    i.Defrost_Con       defrost.o
    0x0000747c   0x0000747c   0x000000b8   Code   RO         2958    i.DisplayBoard_Byte10_Con  cmdin.o
    0x00007534   0x00007534   0x000000bc   Code   RO         3061    i.DisplayBoard_Byte10_Update  cmdout.o
    0x000075f0   0x000075f0   0x0000000c   Code   RO         3611    i.Func_UVC          uvc.o
    0x000075fc   0x000075fc   0x00000004   Code   RO         1527    i.HardFault_IRQHandler  irqhandler.o
    0x00007600   0x00007600   0x000001f8   Data   RO         2165    .ARM.__AT_0x00007600  ad_app.o
    0x000077f8   0x000077f8   0x0000002c   Code   RO         2961    i.DisplayBoard_Byte13_Con  cmdin.o
    0x00007824   0x00007824   0x0000003c   Code   RO         3064    i.DisplayBoard_Byte13_Update  cmdout.o
    0x00007860   0x00007860   0x0000001c   Code   RO         3338    i.Func_Fan          fan.o
    0x0000787c   0x0000787c   0x00000002   Code   RO         1529    i.PendSV_IRQHandler  irqhandler.o
    0x0000787e   0x0000787e   0x00000002   Code   RO         2619    i.Remember_EE_Dat_Init  remember.o
    0x00007880   0x00007880   0x000001f8   Data   RO         2166    .ARM.__AT_0x00007880  ad_app.o
    0x00007a78   0x00007a78   0x00000060   Code   RO         2962    i.DisplayBoard_Byte14_Con  cmdin.o
    0x00007ad8   0x00007ad8   0x00000024   Code   RO         3522    i.Drv_FourWay       fourway.o
    0x00007afc   0x00007afc   0x00000002   Code   RO         1530    i.SVC_IRQHandler    irqhandler.o
    0x00007afe   0x00007afe   0x00000002   Code   RO         1927    i.Sys_Run_Func4_Per100ms  func.o
    0x00007b00   0x00007b00   0x00000220   Data   RO         2167    .ARM.__AT_0x00007B00  ad_app.o
    0x00007d20   0x00007d20   0x0000019c   Code   RO         2956    i.DisplayBoardTurnOff  cmdin.o
    0x00007ebc   0x00007ebc   0x00000034   Code   RO         3065    i.DisplayBoard_Byte14_Update  cmdout.o
    0x00007ef0   0x00007ef0   0x000000f0   Code   RO         2963    i.DisplayBoard_Byte15_Con  cmdin.o
    0x00007fe0   0x00007fe0   0x00000018   Code   RO         3428    i.Func_Temprature   tempr.o
    0x00007ff8   0x00007ff8   0x00000008   Code   RO         1531    i.SysTick_IRQHandler  irqhandler.o
    0x00008000   0x00008000   0x00000008   Data   RO         2268    .ARM.__AT_0x00008000  stepmotor.o
    0x00008008   0x00008008   0x00000214   Code   RO         2959    i.DisplayBoard_Byte11_Con  cmdin.o
    0x0000821c   0x0000821c   0x00000268   Code   RO         3062    i.DisplayBoard_Byte11_Update  cmdout.o
    0x00008484   0x00008484   0x00000068   Code   RO         3066    i.DisplayBoard_Byte15_Update  cmdout.o
    0x000084ec   0x000084ec   0x00000034   Code   RO         3067    i.DisplayBoard_Byte16_Update  cmdout.o
    0x00008520   0x00008520   0x000000ac   Code   RO         3068    i.DisplayBoard_Byte17_Update  cmdout.o
    0x000085cc   0x000085cc   0x000000e0   Code   RO         3069    i.DisplayBoard_Byte18_Update  cmdout.o
    0x000086ac   0x000086ac   0x0000003c   Code   RO         3070    i.DisplayBoard_Byte19_Update  cmdout.o
    0x000086e8   0x000086e8   0x00000054   Code   RO         3071    i.DisplayBoard_Byte20_Update  cmdout.o
    0x0000873c   0x0000873c   0x00000054   Code   RO         3072    i.DisplayBoard_Byte21_Update  cmdout.o
    0x00008790   0x00008790   0x0000003c   Code   RO         3073    i.DisplayBoard_Byte22_Update  cmdout.o
    0x000087cc   0x000087cc   0x0000003c   Code   RO         3074    i.DisplayBoard_Byte23_Update  cmdout.o
    0x00008808   0x00008808   0x00000044   Code   RO         3075    i.DisplayBoard_Byte24_Update  cmdout.o
    0x0000884c   0x0000884c   0x00000044   Code   RO         3076    i.DisplayBoard_Byte25_Update  cmdout.o
    0x00008890   0x00008890   0x00000038   Code   RO         3077    i.DisplayBoard_Byte26_Update  cmdout.o
    0x000088c8   0x000088c8   0x00000058   Code   RO         3078    i.DisplayBoard_Byte27_Update  cmdout.o
    0x00008920   0x00008920   0x00000208   Code   RO         2964    i.DisplayBoard_Byte5_Con  cmdin.o
    0x00008b28   0x00008b28   0x000001b4   Code   RO         3079    i.DisplayBoard_Byte5_Update  cmdout.o
    0x00008cdc   0x00008cdc   0x0000042c   Code   RO         2965    i.DisplayBoard_Byte6_Con  cmdin.o
    0x00009108   0x00009108   0x00000140   Code   RO         3080    i.DisplayBoard_Byte6_Update  cmdout.o
    0x00009248   0x00009248   0x0000006c   Code   RO         2966    i.DisplayBoard_Byte7_Con  cmdin.o
    0x000092b4   0x000092b4   0x000000dc   Code   RO         3081    i.DisplayBoard_Byte7_Update  cmdout.o
    0x00009390   0x00009390   0x000000a0   Code   RO         2967    i.DisplayBoard_Byte8_Con  cmdin.o
    0x00009430   0x00009430   0x00000048   Code   RO         3082    i.DisplayBoard_Byte8_Update  cmdout.o
    0x00009478   0x00009478   0x000000a0   Code   RO         2968    i.DisplayBoard_Byte9_Con  cmdin.o
    0x00009518   0x00009518   0x00000070   Code   RO         3083    i.DisplayBoard_Byte9_Update  cmdout.o
    0x00009588   0x00009588   0x000001a4   Code   RO         3236    i.Drv_Comp          comp.o
    0x0000972c   0x0000972c   0x000002d8   Code   RO         3336    i.Drv_Fan_InDoor    fan.o
    0x00009a04   0x00009a04   0x00000070   Code   RO         2264    i.Drv_StepMotor     stepmotor.o
    0x00009a74   0x00009a74   0x0000002c   Code   RO         2215    i.Drv_Switch_Scan   switch.o
    0x00009aa0   0x00009aa0   0x00000024   Code   RO         3610    i.Drv_UVC           uvc.o
    0x00009ac4   0x00009ac4   0x00000024   Code   RO         3566    i.Drv_WPMotor       wpmotor.o
    0x00009ae8   0x00009ae8   0x00000060   Code   RO         2460    i.F_CRC16           uart_app.o
    0x00009b48   0x00009b48   0x00000038   Code   RO         3237    i.Func_Comp         comp.o
    0x00009b80   0x00009b80   0x00000084   Code   RO         3738    i.Func_DCFan        dcfan.o
    0x00009c04   0x00009c04   0x00000080   Code   RO         3706    i.Func_EAHeater     eaheater.o
    0x00009c84   0x00009c84   0x00000030   Code   RO         2550    i.Func_HumiCSetInit  function.o
    0x00009cb4   0x00009cb4   0x000004e4   Code   RO         3674    i.Func_LowPower     lowpower.o
    0x0000a198   0x0000a198   0x000000a8   Code   RO         2685    i.Func_Protect      protect.o
    0x0000a240   0x0000a240   0x0000000c   Code   RO         3567    i.Func_WPMotor      wpmotor.o
    0x0000a24c   0x0000a24c   0x000000d8   Code   RO         3496    i.Func_WaterBox     waterbox.o
    0x0000a324   0x0000a324   0x0000006c   Code   RO         3774    i.Func_WiFiPowEn    twifi.o
    0x0000a390   0x0000a390   0x00000010   Code   RO          186    i.GPIOA_ResetBit    lib_gpio.o
    0x0000a3a0   0x0000a3a0   0x00000010   Code   RO          187    i.GPIOA_SetBit      lib_gpio.o
    0x0000a3b0   0x0000a3b0   0x00000010   Code   RO          189    i.GPIOB_ResetBit    lib_gpio.o
    0x0000a3c0   0x0000a3c0   0x00000010   Code   RO          190    i.GPIOB_SetBit      lib_gpio.o
    0x0000a3d0   0x0000a3d0   0x000000a4   Code   RO          192    i.GPIO_Init         lib_gpio.o
    0x0000a474   0x0000a474   0x00000020   Code   RO          193    i.GPIO_Read         lib_gpio.o
    0x0000a494   0x0000a494   0x0000005c   Code   RO          195    i.GPIO_SetDSRegFromPin  lib_gpio.o
    0x0000a4f0   0x0000a4f0   0x00000040   Code   RO          196    i.GPIO_SetDirRegFromPin  lib_gpio.o
    0x0000a530   0x0000a530   0x000006c4   Code   RO          197    i.GPIO_SetFuncxRegFromPin  lib_gpio.o
    0x0000abf4   0x0000abf4   0x0000005c   Code   RO          198    i.GPIO_SetODERegFromPin  lib_gpio.o
    0x0000ac50   0x0000ac50   0x0000005c   Code   RO          199    i.GPIO_SetPDERegFromPin  lib_gpio.o
    0x0000acac   0x0000acac   0x0000005c   Code   RO          200    i.GPIO_SetPUERegFromPin  lib_gpio.o
    0x0000ad08   0x0000ad08   0x0000005c   Code   RO          201    i.GPIO_SetPinFLT    lib_gpio.o
    0x0000ad64   0x0000ad64   0x0000005c   Code   RO          202    i.GPIO_SetPinType   lib_gpio.o
    0x0000adc0   0x0000adc0   0x0000005c   Code   RO          203    i.GPIO_SetSingalTypeFromPin  lib_gpio.o
    0x0000ae1c   0x0000ae1c   0x0000000e   Code   RO         2045    i.IICM_Delay        eep24c02.o
    0x0000ae2a   0x0000ae2a   0x00000034   Code   RO         2046    i.IICM_Start        eep24c02.o
    0x0000ae5e   0x0000ae5e   0x00000028   Code   RO         2047    i.IICM_Stop         eep24c02.o
    0x0000ae86   0x0000ae86   0x00000056   Code   RO         2048    i.IIC_Read_Byte     eep24c02.o
    0x0000aedc   0x0000aedc   0x0000004a   Code   RO         2049    i.IIC_Send_Byte     eep24c02.o
    0x0000af26   0x0000af26   0x00000028   Code   RO         2050    i.IIC_SetAck        eep24c02.o
    0x0000af4e   0x0000af4e   0x00000028   Code   RO         2051    i.IIC_SetNoAck      eep24c02.o
    0x0000af76   0x0000af76   0x0000005a   Code   RO         2052    i.IIC_TestAck       eep24c02.o
    0x0000afd0   0x0000afd0   0x0000001a   Code   RO         3739    i.Init_DCFan        dcfan.o
    0x0000afea   0x0000afea   0x0000001a   Code   RO         3707    i.Init_EAHeater     eaheater.o
    0x0000b004   0x0000b004   0x0000001a   Code   RO         3524    i.Init_FourWay      fourway.o
    0x0000b01e   0x0000b01e   0x00000046   Code   RO         3675    i.Init_LowPower     lowpower.o
    0x0000b064   0x0000b064   0x00000040   Code   RO         1920    i.Init_MCU_Gpio     func.o
    0x0000b0a4   0x0000b0a4   0x0000001a   Code   RO         1838    i.Init_MCU_System   init_es8h018x_ex8h0163.o
    0x0000b0be   0x0000b0be   0x0000001a   Code   RO         2617    i.Init_Pin_WP_Enable  remember.o
    0x0000b0d8   0x0000b0d8   0x0000001a   Code   RO         3612    i.Init_UVC          uvc.o
    0x0000b0f2   0x0000b0f2   0x0000001a   Code   RO         3568    i.Init_WPMotor      wpmotor.o
    0x0000b10c   0x0000b10c   0x0000001a   Code   RO         3775    i.Init_WiFiPowEn    twifi.o
    0x0000b126   0x0000b126   0x00000002   PAD
    0x0000b128   0x0000b128   0x000001dc   Code   RO         2130    i.Log_Ad            ad.o
    0x0000b304   0x0000b304   0x000003fc   Code   RO         3238    i.Log_Comp          comp.o
    0x0000b700   0x0000b700   0x0000009c   Code   RO         3339    i.Log_Fan_InDoor    fan.o
    0x0000b79c   0x0000b79c   0x00000074   Code   RO         3340    i.Log_Fan_OutDoor   fan.o
    0x0000b810   0x0000b810   0x00000124   Code   RO         3525    i.Log_FourWay       fourway.o
    0x0000b934   0x0000b934   0x00000170   Code   RO         2265    i.Log_StepMotor     stepmotor.o
    0x0000baa4   0x0000baa4   0x000000b0   Code   RO         2266    i.Log_StepMotor_SweepAuto  stepmotor.o
    0x0000bb54   0x0000bb54   0x0000005c   Code   RO         2216    i.Log_Switch_Fd     switch.o
    0x0000bbb0   0x0000bbb0   0x000000e0   Code   RO         3613    i.Log_UVC           uvc.o
    0x0000bc90   0x0000bc90   0x000000a0   Code   RO         3569    i.Log_WPMotor       wpmotor.o
    0x0000bd30   0x0000bd30   0x000000a0   Code   RO         2131    i.Module_Init_Ad    ad.o
    0x0000bdd0   0x0000bdd0   0x0000003c   Code   RO         2053    i.Module_Init_IICM  eep24c02.o
    0x0000be0c   0x0000be0c   0x0000005c   Code   RO         2267    i.Module_Init_StepMotor  stepmotor.o
    0x0000be68   0x0000be68   0x0000001a   Code   RO         2217    i.Module_Init_Switch  switch.o
    0x0000be82   0x0000be82   0x0000000c   Code   RO         2380    i.Module_Init_Uart  uart.o
    0x0000be8e   0x0000be8e   0x00000034   Code   RO         2381    i.Module_Init_Uart0  uart.o
    0x0000bec2   0x0000bec2   0x00000034   Code   RO         2382    i.Module_Init_Uart4  uart.o
    0x0000bef6   0x0000bef6   0x00000002   PAD
    0x0000bef8   0x0000bef8   0x00000064   Code   RO          654    i.NVIC_Init         lib_scs.o
    0x0000bf5c   0x0000bf5c   0x00000220   Code   RO          698    i.PLLClock_Config   lib_scu.o
    0x0000c17c   0x0000c17c   0x0000001e   Code   RO         1839    i.PortPin_Read      init_es8h018x_ex8h0163.o
    0x0000c19a   0x0000c19a   0x00000002   PAD
    0x0000c19c   0x0000c19c   0x000000d8   Code   RO         2689    i.Protect_InFanErr  protect.o
    0x0000c274   0x0000c274   0x000001d0   Code   RO         2690    i.Protect_T2Cold    protect.o
    0x0000c444   0x0000c444   0x000001bc   Code   RO         2691    i.Protect_T3Cold    protect.o
    0x0000c600   0x0000c600   0x0000017c   Code   RO         2692    i.Protect_Tp        protect.o
    0x0000c77c   0x0000c77c   0x00000072   Code   RO         2054    i.Read_24C02        eep24c02.o
    0x0000c7ee   0x0000c7ee   0x00000002   PAD
    0x0000c7f0   0x0000c7f0   0x000001d8   Code   RO         2620    i.Remember_ReadEEFunc  remember.o
    0x0000c9c8   0x0000c9c8   0x00000104   Code   RO         2621    i.Remember_ReadEEPara  remember.o
    0x0000cacc   0x0000cacc   0x000002e8   Code   RO         2622    i.Remember_WriteEEFunc  remember.o
    0x0000cdb4   0x0000cdb4   0x00000450   Code   RO         2623    i.Remember_WriteEEPara  remember.o
    0x0000d204   0x0000d204   0x0000001c   Code   RO          704    i.SCU_HRCReadyFlag  lib_scu.o
    0x0000d220   0x0000d220   0x0000002c   Code   RO          710    i.SCU_SysClkSelect  lib_scu.o
    0x0000d24c   0x0000d24c   0x0000001c   Code   RO          711    i.SCU_XTALReadyFlag  lib_scu.o
    0x0000d268   0x0000d268   0x00000258   Code   RO         2624    i.SaveDatToEEP      remember.o
    0x0000d4c0   0x0000d4c0   0x00000170   Code   RO         2342    i.Swing_AntiDew     swing.o
    0x0000d630   0x0000d630   0x0000019c   Code   RO         2343    i.Swing_Con         swing.o
    0x0000d7cc   0x0000d7cc   0x0000002c   Code   RO         2344    i.Swing_Sweep       swing.o
    0x0000d7f8   0x0000d7f8   0x00000024   Code   RO         2218    i.Switch_Scan       switch.o
    0x0000d81c   0x0000d81c   0x0000003c   Code   RO         1786    i.SysTickInit       systick.o
    0x0000d858   0x0000d858   0x00000040   Code   RO          657    i.SysTick_Init      lib_scs.o
    0x0000d898   0x0000d898   0x00000050   Code   RO         2001    i.Sys_Run_Event_Per100ms  main.o
    0x0000d8e8   0x0000d8e8   0x00000050   Code   RO         2002    i.Sys_Run_Event_Per10ms  main.o
    0x0000d938   0x0000d938   0x0000003c   Code   RO         2003    i.Sys_Run_Event_Per1ms  main.o
    0x0000d974   0x0000d974   0x00000024   Code   RO         1921    i.Sys_Run_Func1_Per100ms  func.o
    0x0000d998   0x0000d998   0x0000000c   Code   RO         1922    i.Sys_Run_Func1_Per10ms  func.o
    0x0000d9a4   0x0000d9a4   0x00000024   Code   RO         1923    i.Sys_Run_Func2_Per100ms  func.o
    0x0000d9c8   0x0000d9c8   0x00000014   Code   RO         1924    i.Sys_Run_Func2_Per10ms  func.o
    0x0000d9dc   0x0000d9dc   0x00000008   Code   RO         1925    i.Sys_Run_Func3_Per100ms  func.o
    0x0000d9e4   0x0000d9e4   0x0000000c   Code   RO         1926    i.Sys_Run_Func3_Per10ms  func.o
    0x0000d9f0   0x0000d9f0   0x00000008   Code   RO         1928    i.Sys_Run_Func4_Per10ms  func.o
    0x0000d9f8   0x0000d9f8   0x0000000c   Code   RO         1929    i.Sys_Run_Func5_Per100ms  func.o
    0x0000da04   0x0000da04   0x00000010   Code   RO         1930    i.Sys_Run_Per2ms    func.o
    0x0000da14   0x0000da14   0x000000bc   Code   RO          712    i.SystemClockConfig  lib_scu.o
    0x0000dad0   0x0000dad0   0x0000008c   Code   RO          713    i.SystemClockSelect  lib_scu.o
    0x0000db5c   0x0000db5c   0x00000108   Code   RO         1748    i.SystemCoreClockUpdate  system_es8h018x.o
    0x0000dc64   0x0000dc64   0x0000002c   Code   RO          714    i.SystemHRCSelect   lib_scu.o
    0x0000dc90   0x0000dc90   0x00000008   Code   RO         1749    i.SystemInit        system_es8h018x.o
    0x0000dc98   0x0000dc98   0x0000007c   Code   RO         1532    i.T16N0_IRQHandler  irqhandler.o
    0x0000dd14   0x0000dd14   0x00000058   Code   RO         1840    i.T16NxInit         init_es8h018x_ex8h0163.o
    0x0000dd6c   0x0000dd6c   0x0000004c   Code   RO          933    i.T16Nx_BaseInit    lib_timer.o
    0x0000ddb8   0x0000ddb8   0x00000004   Code   RO          935    i.T16Nx_ClearIFPendingBit  lib_timer.o
    0x0000ddbc   0x0000ddbc   0x00000026   Code   RO          938    i.T16Nx_GetITStatus  lib_timer.o
    0x0000dde2   0x0000dde2   0x00000014   Code   RO          945    i.T16Nx_ITConfig    lib_timer.o
    0x0000ddf6   0x0000ddf6   0x00000018   Code   RO          946    i.T16Nx_MAT0ITConfig  lib_timer.o
    0x0000de0e   0x0000de0e   0x0000000e   Code   RO          962    i.T16Nx_SetMAT0     lib_timer.o
    0x0000de1c   0x0000de1c   0x00000010   Code   RO          967    i.T16Nx_SetPREMAT   lib_timer.o
    0x0000de2c   0x0000de2c   0x0000033c   Code   RO         3429    i.TempT1TSDeltaZone  tempr.o
    0x0000e168   0x0000e168   0x00000258   Code   RO         3430    i.TempT2HeatZone    tempr.o
    0x0000e3c0   0x0000e3c0   0x000003c0   Code   RO         3431    i.TempT4CoolZone    tempr.o
    0x0000e780   0x0000e780   0x000003a0   Code   RO         3432    i.TempT4HeatZone    tempr.o
    0x0000eb20   0x0000eb20   0x0000015c   Code   RO         3433    i.TempValueCon      tempr.o
    0x0000ec7c   0x0000ec7c   0x0000000e   Code   RO         3434    i.TempValueMul10    tempr.o
    0x0000ec8a   0x0000ec8a   0x00000062   Code   RO         3435    i.TempValueRounding  tempr.o
    0x0000ecec   0x0000ecec   0x00000010   Code   RO         3396    i.TimerPara_Init    timer.o
    0x0000ecfc   0x0000ecfc   0x00000020   Code   RO         3614    i.TimerUVC_Run      uvc.o
    0x0000ed1c   0x0000ed1c   0x00000098   Code   RO         3397    i.Timer_Run         timer.o
    0x0000edb4   0x0000edb4   0x00000018   Code   RO         1787    i.TimingDelay_Decrement  systick.o
    0x0000edcc   0x0000edcc   0x00000008   Code   RO         1533    i.UART0_IRQHandler  irqhandler.o
    0x0000edd4   0x0000edd4   0x00000008   Code   RO         1534    i.UART2_IRQHandler  irqhandler.o
    0x0000eddc   0x0000eddc   0x00000008   Code   RO         1535    i.UART4_IRQHandler  irqhandler.o
    0x0000ede4   0x0000ede4   0x00000014   Code   RO         1347    i.UART_GetFlagStatus  lib_uart.o
    0x0000edf8   0x0000edf8   0x00000012   Code   RO         1348    i.UART_GetITStatus  lib_uart.o
    0x0000ee0a   0x0000ee0a   0x00000018   Code   RO         1349    i.UART_ITConfig     lib_uart.o
    0x0000ee22   0x0000ee22   0x00000002   PAD
    0x0000ee24   0x0000ee24   0x00000170   Code   RO         1350    i.UART_Init         lib_uart.o
    0x0000ef94   0x0000ef94   0x00000018   Code   RO         1351    i.UART_RBIMConfig   lib_uart.o
    0x0000efac   0x0000efac   0x00000006   Code   RO         1352    i.UART_RecByte      lib_uart.o
    0x0000efb2   0x0000efb2   0x00000004   Code   RO         1357    i.UART_SendByte     lib_uart.o
    0x0000efb6   0x0000efb6   0x00000018   Code   RO         1360    i.UART_TBIMConfig   lib_uart.o
    0x0000efce   0x0000efce   0x00000002   PAD
    0x0000efd0   0x0000efd0   0x000000cc   Code   RO         2461    i.Uart0_Config      uart_app.o
    0x0000f09c   0x0000f09c   0x0000012c   Code   RO         2383    i.Uart0_Interrupt   uart.o
    0x0000f1c8   0x0000f1c8   0x00000058   Code   RO         2384    i.Uart0_SendPackDeal  uart.o
    0x0000f220   0x0000f220   0x000000cc   Code   RO         2462    i.Uart3_Config_lhh  uart_app.o
    0x0000f2ec   0x0000f2ec   0x00000050   Code   RO         2385    i.Uart3_Init        uart.o
    0x0000f33c   0x0000f33c   0x000000fc   Code   RO         2386    i.Uart3_Interrupt_lhh  uart.o
    0x0000f438   0x0000f438   0x000000cc   Code   RO         2463    i.Uart4_Config      uart_app.o
    0x0000f504   0x0000f504   0x00000128   Code   RO         2387    i.Uart4_Interrupt   uart.o
    0x0000f62c   0x0000f62c   0x00000058   Code   RO         2388    i.Uart4_SendPackDeal  uart.o
    0x0000f684   0x0000f684   0x00000084   Code   RO         2055    i.Write_24C02       eep24c02.o
    0x0000f708   0x0000f708   0x0000001c   Code   RO          386    i.__ARM_common_switch8  lib_gpio.o
    0x0000f724   0x0000f724   0x00000238   Code   RO         2464    i.app_Rec           uart_app.o
    0x0000f95c   0x0000f95c   0x00000044   Code   RO         2004    i.main              main.o
    0x0000f9a0   0x0000f9a0   0x00000060   Code   RO         2465    i.send_OneSix_Data  uart_app.o
    0x0000fa00   0x0000fa00   0x00000374   Code   RO         2466    i.send_Three_Data   uart_app.o
    0x0000fd74   0x0000fd74   0x00000020   Data   RO         4019    Region$$Table       anon$$obj.o


    Execution Region RW_IRAM1 (Exec base: 0x20000000, Load base: 0x0000fd94, Size: 0x00000ec8, Max: 0x00004000, ABSOLUTE)

    Exec Addr    Load Addr    Size         Type   Attr      Idx    E Section Name        Object

    0x20000000   0x0000fd94   0x00000004   Data   RW         1750    .data               system_es8h018x.o
    0x20000004   0x0000fd98   0x00000004   Data   RW         1788    .data               systick.o
    0x20000008   0x0000fd9c   0x00000002   Data   RW         1931    .data               func.o
    0x2000000a   0x0000fd9e   0x00000008   Data   RW         2005    .data               main.o
    0x20000012   0x0000fda6   0x00000019   Data   RW         2169    .data               ad_app.o
    0x2000002b   0x0000fdbf   0x00000004   Data   RW         2219    .data               switch.o
    0x2000002f   0x0000fdc3   0x00000001   Data   RW         2270    .data               stepmotor.o
    0x20000030   0x0000fdc4   0x0000000f   Data   RW         2390    .data               uart.o
    0x2000003f   0x0000fdd3   0x00000003   Data   RW         2552    .data               function.o
    0x20000042   0x0000fdd6   0x00000002   PAD
    0x20000044   0x0000fdd8   0x00000004   Data   RW         2694    .data               protect.o
    0x20000048   0x0000fddc   0x00000001   Data   RW         2806    .data               commmotdrv.o
    0x20000049   0x0000fddd   0x00000001   Data   RW         2970    .data               cmdin.o
    0x2000004a   0x0000fdde   0x00000002   PAD
    0x2000004c   0x0000fde0   0x00000008   Data   RW         3526    .data               fourway.o
    0x20000054   0x0000fde8   0x00000008   Data   RW         3570    .data               wpmotor.o
    0x2000005c   0x0000fdf0   0x00000008   Data   RW         3615    .data               uvc.o
    0x20000064   0x0000fdf8   0x0000001d   Data   RW         3676    .data               lowpower.o
    0x20000081   0x0000fe15   0x00000001   Data   RW         3708    .data               eaheater.o
    0x20000082   0x0000fe16   0x00000002   PAD
    0x20000084   0x0000fe18   0x00000008   Data   RW         3740    .data               dcfan.o
    0x2000008c   0x0000fe20   0x00000002   Data   RW         3778    .data               twifi.o
    0x2000008e   0x0000fe22   0x00000002   PAD
    0x20000090        -       0x00000142   Zero   RW         2056    .bss                eep24c02.o
    0x200001d2   0x0000fe22   0x00000002   PAD
    0x200001d4        -       0x00000030   Zero   RW         2133    .bss                ad.o
    0x20000204        -       0x00000290   Zero   RW         2168    .bss                ad_app.o
    0x20000494        -       0x00000010   Zero   RW         2269    .bss                stepmotor.o
    0x200004a4        -       0x00000014   Zero   RW         2345    .bss                swing.o
    0x200004b8        -       0x000002d0   Zero   RW         2389    .bss                uart.o
    0x20000788        -       0x00000016   Zero   RW         2467    .bss                uart_app.o
    0x2000079e   0x0000fe22   0x00000002   PAD
    0x200007a0        -       0x00000030   Zero   RW         2551    .bss                function.o
    0x200007d0        -       0x00000017   Zero   RW         2625    .bss                remember.o
    0x200007e7   0x0000fe22   0x00000001   PAD
    0x200007e8        -       0x0000001c   Zero   RW         2693    .bss                protect.o
    0x20000804        -       0x00000024   Zero   RW         2756    .bss                defrost.o
    0x20000828        -       0x00000050   Zero   RW         2805    .bss                commmotdrv.o
    0x20000878        -       0x00000026   Zero   RW         2922    .bss                commdisp.o
    0x2000089e        -       0x0000000c   Zero   RW         2969    .bss                cmdin.o
    0x200008aa        -       0x00000018   Zero   RW         3084    .bss                cmdout.o
    0x200008c2   0x0000fe22   0x00000002   PAD
    0x200008c4        -       0x00000040   Zero   RW         3239    .bss                comp.o
    0x20000904        -       0x0000003c   Zero   RW         3341    .bss                fan.o
    0x20000940        -       0x0000000c   Zero   RW         3398    .bss                timer.o
    0x2000094c        -       0x0000008c   Zero   RW         3436    .bss                tempr.o
    0x200009d8        -       0x00000014   Zero   RW         3497    .bss                waterbox.o
    0x200009ec        -       0x0000007c   Zero   RW         3777    .bss                twifi.o
    0x20000a68        -       0x00000060   Zero   RW         3890    .bss                c_p.l(libspace.o)
    0x20000ac8        -       0x00000000   Zero   RW            2    HEAP                startup_es8h018x.o
    0x20000ac8        -       0x00000400   Zero   RW            1    STACK               startup_es8h018x.o


==============================================================================

Image component sizes


      Code (inc. data)   RO Data    RW Data    ZI Data      Debug   Object Name

       636         22          4          0         48       2283   ad.o
      1064        118       1552         25        656       5161   ad_app.o
      4020        392          0          1         12       8538   cmdin.o
      3672        406          0          0         24      12802   cmdout.o
        34          0          0          0         38       8049   commdisp.o
      3392        216          0          1         80      21370   commmotdrv.o
      7000        378          0          0         64      12492   comp.o
       158          8          0          8          0       1890   dcfan.o
      1160         80          0          0         36       2407   defrost.o
       154         10          0          1          0       1931   eaheater.o
       742         10          0          0        322       8123   eep24c02.o
      3098        176          0          0         60       5914   fan.o
       366         32          0          8          0       2876   fourway.o
       226          8          0          2          0       5114   func.o
      6884        464          0          3         48       9814   function.o
       234          4          0          0          0       3977   init_es8h018x_ex8h0163.o
       166         14          0          0          0      17193   irqhandler.o
       392         22          0          0          0      65082   lib_adc.o
      2728        160          0          0          0      19450   lib_gpio.o
         0          0          0          0          0       2992   lib_printf.o
       164         10          0          0          0       2995   lib_scs.o
      1068         96          0          0          0      12121   lib_scu.o
       192          0          0          0          0       9459   lib_timer.o
       488          8          0          0          0       4899   lib_uart.o
      1322         76          0         29          0       3601   lowpower.o
       288         42          0          8          0       2985   main.o
      1672         80          0          4         28       4827   protect.o
      3208        160          0          0         23      11260   remember.o
        52         22        192          0       1024        704   startup_es8h018x.o
       748         26          8          1         16       5550   stepmotor.o
       544         50          0          0          0       1941   stepmotor_app.o
       824         86          0          0         20       2542   swing.o
       258         18          0          4          0       7243   switch.o
       272         32          0          4          0       1399   system_es8h018x.o
        84         18          0          4          0       1480   systick.o
      3800        102          0          0        140       9408   tempr.o
       168         12          0          0         12       1577   timer.o
      5346        296          0          2        124      24539   twifi.o
      1220        148          0         15        720      13310   uart.o
      3744        262          0          0         22      11149   uart_app.o
       330         34          0          8          0       3271   uvc.o
       216         10          0          0         20       1267   waterbox.o
       234         24          0          8          0       2816   wpmotor.o

    ----------------------------------------------------------------------
     62388       4132       1788        144       3544     357801   Object Totals
         0          0         32          0          0          0   (incl. Generated)
        20          0          0          8          7          0   (incl. Padding)

    ----------------------------------------------------------------------

      Code (inc. data)   RO Data    RW Data    ZI Data      Debug   Library Member Name

         8          0          0          0          0         68   __main.o
         0          0          0          0          0          0   __rtentry.o
        12          0          0          0          0          0   __rtentry2.o
         6          0          0          0          0          0   __rtentry4.o
        60          8          0          0          0          0   __scatter.o
        26          0          0          0          0          0   __scatter_copy.o
        28          0          0          0          0          0   __scatter_zi.o
       346          0          0          0          0         92   aeabi_sdiv.o
        16          0          0          0          0         68   exit.o
         6          0          0          0          0        136   heapauxi.o
         0          0          0          0          0          0   indicate_semi.o
         2          0          0          0          0          0   libinit.o
         2          0          0          0          0          0   libinit2.o
         2          0          0          0          0          0   libshutdown.o
         2          0          0          0          0          0   libshutdown2.o
         8          4          0          0         96         68   libspace.o
        64          0          0          0          0        108   rt_memclr.o
        56          0          0          0          0         68   rt_memcpy.o
         2          0          0          0          0          0   rtexit.o
        10          0          0          0          0          0   rtexit2.o
        12          4          0          0          0         60   sys_exit.o
        62          0          0          0          0         80   sys_stackheap_outer.o
         2          0          0          0          0         68   use_no_semi.o

    ----------------------------------------------------------------------
       740         16          0          0         96        816   Library Totals
         8          0          0          0          0          0   (incl. Padding)

    ----------------------------------------------------------------------

      Code (inc. data)   RO Data    RW Data    ZI Data      Debug   Library Name

       732         16          0          0         96        816   c_p.l

    ----------------------------------------------------------------------
       740         16          0          0         96        816   Library Totals

    ----------------------------------------------------------------------

==============================================================================


      Code (inc. data)   RO Data    RW Data    ZI Data      Debug   

     63128       4148       1788        144       3640     346629   Grand Totals
     63128       4148       1788        144       3640     346629   ELF Image Totals
     63128       4148       1788        144          0          0   ROM Totals

==============================================================================

    Total RO  Size (Code + RO Data)                64916 (  63.39kB)
    Total RW  Size (RW Data + ZI Data)              3784 (   3.70kB)
    Total ROM Size (Code + RO Data + RW Data)      65060 (  63.54kB)

==============================================================================

